Archive member included to satisfy reference by file (symbol)

liblwipcore.a(init.c.obj)     CMakeFiles/XCORE407I_FIRMWARE.dir/home/marios/XCore407I-Firmware/Remora-OS6/Firmware/FirmwareSource/Remora-OS6/TARGET_XCORE407I/lwip/lwip_port.c.obj (lwip_init)
liblwipcore.a(mem.c.obj)      liblwipcore.a(init.c.obj) (mem_init)
liblwipcore.a(memp.c.obj)     liblwipcore.a(init.c.obj) (memp_init)
liblwipcore.a(netif.c.obj)    liblwipcore.a(init.c.obj) (netif_init)
liblwipcore.a(pbuf.c.obj)     CMakeFiles/XCORE407I_FIRMWARE.dir/home/marios/XCore407I-Firmware/Remora-OS6/Firmware/FirmwareSource/Remora-OS6/TARGET_XCORE407I/lwip/ethernetif.c.obj (pbuf_alloc)
liblwipcore.a(timeouts.c.obj)
                              liblwipcore.a(init.c.obj) (sys_timeouts_init)
liblwipcore.a(def.c.obj)      CMakeFiles/XCORE407I_FIRMWARE.dir/home/marios/XCore407I-Firmware/Remora-OS6/Firmware/FirmwareSource/Remora-OS6/TARGET_XCORE407I/lwip/lwip_port.c.obj (lwip_htonl)
liblwipcore.a(ip4_addr.c.obj)
                              CMakeFiles/XCORE407I_FIRMWARE.dir/home/marios/XCore407I-Firmware/Remora-OS6/Firmware/FirmwareSource/Remora-OS6/TARGET_XCORE407I/lwip/remora_udp.c.obj (ip_addr_any)
liblwipcore.a(ip4.c.obj)      liblwipcore.a(netif.c.obj) (ip4_input)
liblwipcore.a(ip4_frag.c.obj)
                              liblwipcore.a(timeouts.c.obj) (ip_reass_tmr)
liblwipcore.a(etharp.c.obj)   liblwipcore.a(timeouts.c.obj) (etharp_tmr)
liblwipcore.a(udp.c.obj)      liblwipcore.a(init.c.obj) (udp_init)
liblwipcore.a(ethernet.c.obj)
                              CMakeFiles/XCORE407I_FIRMWARE.dir/home/marios/XCore407I-Firmware/Remora-OS6/Firmware/FirmwareSource/Remora-OS6/TARGET_XCORE407I/lwip/lwip_port.c.obj (ethernet_input)
liblwipcore.a(dhcp.c.obj)     liblwipcore.a(netif.c.obj) (dhcp_network_changed)
liblwipcore.a(sys_arch.c.obj)
                              CMakeFiles/XCORE407I_FIRMWARE.dir/home/marios/XCore407I-Firmware/Remora-OS6/Firmware/FirmwareSource/Remora-OS6/TARGET_XCORE407I/lwip/ethernetif.c.obj (sys_now)
liblwipcore.a(ip.c.obj)       liblwipcore.a(ip4.c.obj) (ip_data)
liblwipcore.a(inet_chksum.c.obj)
                              liblwipcore.a(udp.c.obj) (ip_chksum_pseudo)
liblwipcore.a(icmp.c.obj)     liblwipcore.a(ip4.c.obj) (icmp_input)
/usr/lib/gcc/arm-none-eabi/12.2.1/thumb/v7e-m+fp/hard/libgcc.a(_aeabi_ldivmod.o)
                              CMakeFiles/XCORE407I_FIRMWARE.dir/home/marios/XCore407I-Firmware/st/STM32CubeF4/Drivers/STM32F4xx_HAL_Driver/Src/stm32f4xx_hal_rcc.c.obj (__aeabi_ldivmod)
/usr/lib/gcc/arm-none-eabi/12.2.1/thumb/v7e-m+fp/hard/libgcc.a(_aeabi_uldivmod.o)
                              CMakeFiles/XCORE407I_FIRMWARE.dir/home/marios/XCore407I-Firmware/Remora-OS6/Firmware/FirmwareSource/Remora-OS6/TARGET_XCORE407I/jog.c.obj (__aeabi_uldivmod)
/usr/lib/gcc/arm-none-eabi/12.2.1/thumb/v7e-m+fp/hard/libgcc.a(_udivmoddi4.o)
                              /usr/lib/gcc/arm-none-eabi/12.2.1/thumb/v7e-m+fp/hard/libgcc.a(_aeabi_ldivmod.o) (__udivmoddi4)
/usr/lib/gcc/arm-none-eabi/12.2.1/thumb/v7e-m+fp/hard/libgcc.a(_dvmd_tls.o)
                              /usr/lib/gcc/arm-none-eabi/12.2.1/thumb/v7e-m+fp/hard/libgcc.a(_aeabi_ldivmod.o) (__aeabi_ldiv0)
/usr/lib/gcc/arm-none-eabi/12.2.1/../../../arm-none-eabi/lib/thumb/v7e-m+fp/hard/libc.a(lib_a-atoi.o)
                              liblwipcore.a(netif.c.obj) (atoi)
/usr/lib/gcc/arm-none-eabi/12.2.1/../../../arm-none-eabi/lib/thumb/v7e-m+fp/hard/libc.a(lib_a-ctype_.o)
                              liblwipcore.a(ip4_addr.c.obj) (_ctype_)
/usr/lib/gcc/arm-none-eabi/12.2.1/../../../arm-none-eabi/lib/thumb/v7e-m+fp/hard/libc.a(lib_a-errno.o)
                              CMakeFiles/XCORE407I_FIRMWARE.dir/syscalls.c.obj (__errno)
/usr/lib/gcc/arm-none-eabi/12.2.1/../../../arm-none-eabi/lib/thumb/v7e-m+fp/hard/libc.a(lib_a-impure.o)
                              /usr/lib/gcc/arm-none-eabi/12.2.1/../../../arm-none-eabi/lib/thumb/v7e-m+fp/hard/libc.a(lib_a-errno.o) (_impure_ptr)
/usr/lib/gcc/arm-none-eabi/12.2.1/../../../arm-none-eabi/lib/thumb/v7e-m+fp/hard/libc.a(lib_a-memcmp.o)
                              liblwipcore.a(ethernet.c.obj) (memcmp)
/usr/lib/gcc/arm-none-eabi/12.2.1/../../../arm-none-eabi/lib/thumb/v7e-m+fp/hard/libc.a(lib_a-memcpy.o)
                              CMakeFiles/XCORE407I_FIRMWARE.dir/home/marios/XCore407I-Firmware/Remora-OS6/Firmware/FirmwareSource/Remora-OS6/TARGET_XCORE407I/ethernet_init.c.obj (memcpy)
/usr/lib/gcc/arm-none-eabi/12.2.1/../../../arm-none-eabi/lib/thumb/v7e-m+fp/hard/libc.a(lib_a-memmove.o)
                              liblwipcore.a(def.c.obj) (memmove)
/usr/lib/gcc/arm-none-eabi/12.2.1/../../../arm-none-eabi/lib/thumb/v7e-m+fp/hard/libc.a(lib_a-memset.o)
                              CMakeFiles/XCORE407I_FIRMWARE.dir/home/marios/XCore407I-Firmware/Remora-OS6/Firmware/FirmwareSource/Remora-OS6/TARGET_XCORE407I/ethernet_init.c.obj (memset)
[...]
Memory Configuration

Name             Origin             Length             Attributes
FLASH            0x08000000         0x00100000         xr
CCMRAM           0x10000000         0x00010000         xrw
RAM              0x20000000         0x00020000         xrw
*default*        0x00000000         0xffffffff

Linker script and memory map

LOAD CMakeFiles/XCORE407I_FIRMWARE.dir/startup_stm32f407xx.s.obj
LOAD CMakeFiles/XCORE407I_FIRMWARE.dir/home/marios/XCore407I-Firmware/Remora-OS6/Firmware/FirmwareSource/Remora-OS6/TARGET_XCORE407I/main_xcore407i.cpp.obj
LOAD CMakeFiles/XCORE407I_FIRMWARE.dir/home/marios/XCore407I-Firmware/Remora-OS6/Firmware/FirmwareSource/Remora-OS6/TARGET_XCORE407I/system_clock.c.obj
LOAD CMakeFiles/XCORE407I_FIRMWARE.dir/home/marios/XCore407I-Firmware/Remora-OS6/Firmware/FirmwareSource/Remora-OS6/TARGET_XCORE407I/ethernet_init.c.obj
LOAD CMakeFiles/XCORE407I_FIRMWARE.dir/home/marios/XCore407I-Firmware/Remora-OS6/Firmware/FirmwareSource/Remora-OS6/TARGET_XCORE407I/remora_data.c.obj
LOAD CMakeFiles/XCORE407I_FIRMWARE.dir/home/marios/XCore407I-Firmware/Remora-OS6/Firmware/FirmwareSource/Remora-OS6/TARGET_XCORE407I/lwip/ethernetif.c.obj
LOAD CMakeFiles/XCORE407I_FIRMWARE.dir/home/marios/XCore407I-Firmware/Remora-OS6/Firmware/FirmwareSource/Remora-OS6/TARGET_XCORE407I/lwip/lwip_port.c.obj
LOAD CMakeFiles/XCORE407I_FIRMWARE.dir/home/marios/XCore407I-Firmware/Remora-OS6/Firmware/FirmwareSource/Remora-OS6/TARGET_XCORE407I/lwip/remora_udp.c.obj
LOAD CMakeFiles/XCORE407I_FIRMWARE.dir/home/marios/XCore407I-Firmware/Remora-OS6/Firmware/FirmwareSource/Remora-OS6/TARGET_XCORE407I/stepgen.c.obj
LOAD CMakeFiles/XCORE407I_FIRMWARE.dir/home/marios/XCore407I-Firmware/Remora-OS6/Firmware/FirmwareSource/Remora-OS6/TARGET_XCORE407I/motion_io.c.obj
LOAD CMakeFiles/XCORE407I_FIRMWARE.dir/home/marios/XCore407I-Firmware/Remora-OS6/Firmware/FirmwareSource/Remora-OS6/TARGET_XCORE407I/jog.c.obj
LOAD CMakeFiles/XCORE407I_FIRMWARE.dir/home/marios/XCore407I-Firmware/Remora-OS6/Firmware/FirmwareSource/Remora-OS6/TARGET_XCORE407I/homing.c.obj
LOAD CMakeFiles/XCORE407I_FIRMWARE.dir/home/marios/XCore407I-Firmware/Remora-OS6/Firmware/FirmwareSource/Remora-OS6/TARGET_XCORE407I/config_store.c.obj
LOAD CMakeFiles/XCORE407I_FIRMWARE.dir/home/marios/XCore407I-Firmware/Remora-OS6/Firmware/FirmwareSource/Remora-OS6/TARGET_XCORE407I/encoder.c.obj
LOAD CMakeFiles/XCORE407I_FIRMWARE.dir/home/marios/XCore407I-Firmware/Remora-OS6/Firmware/FirmwareSource/Remora-OS6/TARGET_XCORE407I/auth.c.obj
LOAD CMakeFiles/XCORE407I_FIRMWARE.dir/home/marios/XCore407I-Firmware/st/STM32CubeF4/Drivers/CMSIS/Device/ST/STM32F4xx/Source/Templates/system_stm32f4xx.c.obj
LOAD CMakeFiles/XCORE407I_FIRMWARE.dir/syscalls.c.obj
LOAD CMakeFiles/XCORE407I_FIRMWARE.dir/home/marios/XCore407I-Firmware/st/STM32CubeF4/Drivers/STM32F4xx_HAL_Driver/Src/stm32f4xx_hal.c.obj
LOAD CMakeFiles/XCORE407I_FIRMWARE.dir/home/marios/XCore407I-Firmware/st/STM32CubeF4/Drivers/STM32F4xx_HAL_Driver/Src/stm32f4xx_hal_rcc.c.obj
LOAD CMakeFiles/XCORE407I_FIRMWARE.dir/home/marios/XCore407I-Firmware/st/STM32CubeF4/Drivers/STM32F4xx_HAL_Driver/Src/stm32f4xx_hal_rcc_ex.c.obj
LOAD CMakeFiles/XCORE407I_FIRMWARE.dir/home/marios/XCore407I-Firmware/st/STM32CubeF4/Drivers/STM32F4xx_HAL_Driver/Src/stm32f4xx_hal_gpio.c.obj
LOAD CMakeFiles/XCORE407I_FIRMWARE.dir/home/marios/XCore407I-Firmware/st/STM32CubeF4/Drivers/STM32F4xx_HAL_Driver/Src/stm32f4xx_hal_cortex.c.obj
LOAD CMakeFiles/XCORE407I_FIRMWARE.dir/home/marios/XCore407I-Firmware/st/STM32CubeF4/Drivers/STM32F4xx_HAL_Driver/Src/stm32f4xx_hal_pwr.c.obj
LOAD CMakeFiles/XCORE407I_FIRMWARE.dir/home/marios/XCore407I-Firmware/st/STM32CubeF4/Drivers/STM32F4xx_HAL_Driver/Src/stm32f4xx_hal_pwr_ex.c.obj
LOAD CMakeFiles/XCORE407I_FIRMWARE.dir/home/marios/XCore407I-Firmware/st/STM32CubeF4/Drivers/STM32F4xx_HAL_Driver/Src/stm32f4xx_hal_flash.c.obj
LOAD CMakeFiles/XCORE407I_FIRMWARE.dir/home/marios/XCore407I-Firmware/st/STM32CubeF4/Drivers/STM32F4xx_HAL_Driver/Src/stm32f4xx_hal_flash_ex.c.obj
LOAD CMakeFiles/XCORE407I_FIRMWARE.dir/home/marios/XCore407I-Firmware/st/STM32CubeF4/Drivers/STM32F4xx_HAL_Driver/Src/stm32f4xx_hal_dma.c.obj
LOAD CMakeFiles/XCORE407I_FIRMWARE.dir/home/marios/XCore407I-Firmware/st/STM32CubeF4/Drivers/STM32F4xx_HAL_Driver/Src/stm32f4xx_hal_eth.c.obj
LOAD CMakeFiles/XCORE407I_FIRMWARE.dir/home/marios/XCore407I-Firmware/st/STM32CubeF4/Drivers/STM32F4xx_HAL_Driver/Src/stm32f4xx_hal_tim.c.obj
LOAD CMakeFiles/XCORE407I_FIRMWARE.dir/home/marios/XCore407I-Firmware/st/STM32CubeF4/Drivers/STM32F4xx_HAL_Driver/Src/stm32f4xx_hal_tim_ex.c.obj
LOAD CMakeFiles/XCORE407I_FIRMWARE.dir/home/marios/XCore407I-Firmware/st/STM32CubeF4/Drivers/STM32F4xx_HAL_Driver/Src/stm32f4xx_hal_exti.c.obj
LOAD liblwipcore.a
LOAD /usr/lib/gcc/arm-none-eabi/12.2.1/../../../arm-none-eabi/lib/thumb/v7e-m+fp/hard/libstdc++.a
LOAD /usr/lib/gcc/arm-none-eabi/12.2.1/../../../arm-none-eabi/lib/thumb/v7e-m+fp/hard/libm.a
START GROUP
LOAD /usr/lib/gcc/arm-none-eabi/12.2.1/thumb/v7e-m+fp/hard/libgcc.a
LOAD /usr/lib/gcc/arm-none-eabi/12.2.1/../../../arm-none-eabi/lib/thumb/v7e-m+fp/hard/libc.a
END GROUP
START GROUP
LOAD /usr/lib/gcc/arm-none-eabi/12.2.1/thumb/v7e-m+fp/hard/libgcc.a
LOAD /usr/lib/gcc/arm-none-eabi/12.2.1/../../../arm-none-eabi/lib/thumb/v7e-m+fp/hard/libc.a
LOAD /usr/lib/gcc/arm-none-eabi/12.2.1/../../../arm-none-eabi/lib/thumb/v7e-m+fp/hard/libnosys.a
END GROUP
                0x20020000                        _estack = (ORIGIN (RAM) + LENGTH (RAM))

.isr_vector     0x08000000      0x188
 *(.isr_vector)
 .isr_vector    0x08000000      0x188 CMakeFiles/XCORE407I_FIRMWARE.dir/startup_stm32f407xx.s.obj
                0x08000000                g_pfnVectors

.text           0x08000188     0x848c
 *(.text*)
 .text.Reset_Handler
                0x08000188       0x44 CMakeFiles/XCORE407I_FIRMWARE.dir/startup_stm32f407xx.s.obj
                0x080001b6                RTC_WKUP_Handler
                0x080001b6                FLASH_Handler
                0x080001b6                DebugMon_Handler
                0x080001b6                DMA2_Stream7_Handler
                0x080001b6                OTG_HS_Handler
                0x080001b6                HardFault_Handler
                0x080001b6                DMA2_Stream3_Handler
                0x080001b6                SysTick_Handler
                0x080001b6                USART3_Handler
                0x080001b6                PendSV_Handler
                0x080001b6                NMI_Handler
                0x080001b6                TIM6_DAC_Handler
                0x080001b6                CAN1_RX1_Handler
                0x080001b6                EXTI15_10_Handler
                0x080001b6                ADC_Handler
                0x080001b6                HASH_RNG_Handler
                0x080001b6                I2C1_EV_Handler
                0x080001b6                TAMP_STAMP_Handler
                0x080001b6                I2C3_ER_Handler
                0x080001b6                WWDG_Handler
                0x080001b6                EXTI4_Handler
                0x080001b6                I2C3_EV_Handler
                0x080001b6                DMA1_Stream1_Handler
                0x080001b6                DMA2_Stream4_Handler
                0x080001b6                DMA1_Stream7_Handler
                0x080001b6                OTG_FS_Handler
                0x080001b6                ETH_WKUP_Handler
                0x080001b6                TIM1_BRK_TIM9_Handler
                0x080001b6                I2C1_ER_Handler
                0x080001b6                DMA1_Stream3_Handler
                0x080001b6                UsageFault_Handler
                0x080001b6                TIM1_UP_TIM10_Handler
                0x080001b6                CAN1_RX0_Handler
                0x080001b6                TIM1_CC_Handler
                0x080001b6                I2C2_ER_Handler
                0x080001b6                USART6_Handler
                0x080001b6                TIM8_CC_Handler
                0x080001b6                CAN1_SCE_Handler
                0x080001b6                DMA1_Stream0_Handler
                0x080001b6                OTG_HS_EP1_OUT_Handler
                0x080001b6                FSMC_Handler
                0x080001b6                EXTI1_Handler
                0x080001b6                EXTI3_Handler
                0x080001b6                CRYP_Handler
                0x080001b6                EXTI2_Handler
                0x080001b6                UART4_Handler
                0x080001b6                CAN2_RX1_Handler
                0x080001b6                EXTI9_5_Handler
                0x080001b6                TIM2_Handler
                0x080001b6                USART1_Handler
                0x080001b6                CAN2_SCE_Handler
                0x080001b6                TIM3_Handler
                0x080001b6                DMA2_Stream6_Handler
                0x080001b6                Default_Handler
                0x080001b6                DCMI_Handler
                0x080001b6                TIM1_TRG_COM_TIM11_Handler
                0x080001b6                RTC_Alarm_Handler
                0x080001b6                TIM4_Handler
                0x080001b6                TIM8_UP_TIM13_Handler
                0x080001b6                CAN2_TX_Handler
                0x080001b6                SPI2_Handler
                0x080001b6                DMA2_Stream1_Handler
                0x080001b6                DMA1_Stream2_Handler
                0x080001b6                MemManage_Handler
                0x080001b6                EXTI0_Handler
                0x080001b6                TIM8_BRK_TIM12_Handler
                0x080001b6                SVC_Handler
                0x080001b6                CAN2_RX0_Handler
                0x080001b6                DMA2_Stream5_Handler
                0x080001b6                DMA1_Stream6_Handler
                0x080001b6                SDIO_Handler
                0x080001b6                USART2_Handler
                0x080001b6                ETH_Handler
                0x080001b6                SPI1_Handler
                0x080001b6                I2C2_EV_Handler
                0x080001b6                DMA2_Stream2_Handler
                0x080001b6                SPI3_Handler
                0x080001b6                DMA2_Stream0_Handler
                0x080001b6                RCC_Handler
                0x080001b6                PVD_Handler
                0x080001b6                UART5_Handler
                0x080001b6                DMA1_Stream5_Handler
                0x080001b6                TIM5_Handler
                0x080001b6                TIM7_Handler
                0x080001b6                TIM8_TRG_COM_TIM14_Handler
                0x080001b6                CAN1_TX_Handler
                0x080001b6                FPU_Handler
                0x080001b6                BusFault_Handler
                0x080001b6                DMA1_Stream4_Handler
                0x080001b6                OTG_HS_WKUP_Handler
                0x080001b6                OTG_FS_WKUP_Handler
                0x080001b6                OTG_HS_EP1_IN_Handler
 .text.enter_system_dfu
                0x080001cc       0x28 CMakeFiles/XCORE407I_FIRMWARE.dir/home/marios/XCore407I-Firmware/Remora-OS6/Firmware/FirmwareSource/Remora-OS6/TARGET_XCORE407I/main_xcore407i.cpp.obj
                0x080001cc                enter_system_dfu
 .text.startup.main
                0x080001f4      0x5f0 CMakeFiles/XCORE407I_FIRMWARE.dir/home/marios/XCore407I-Firmware/Remora-OS6/Firmware/FirmwareSource/Remora-OS6/TARGET_XCORE407I/main_xcore407i.cpp.obj
                0x080001f4                main
 .text.SystemClock_Config
                0x080007e4       0xa8 CMakeFiles/XCORE407I_FIRMWARE.dir/home/marios/XCore407I-Firmware/Remora-OS6/Firmware/FirmwareSource/Remora-OS6/TARGET_XCORE407I/system_clock.c.obj
                0x080007e4                SystemClock_Config
 .text.rx_allocate
                0x0800088c       0x24 CMakeFiles/XCORE407I_FIRMWARE.dir/home/marios/XCore407I-Firmware/Remora-OS6/Firmware/FirmwareSource/Remora-OS6/TARGET_XCORE407I/ethernet_init.c.obj
 .text.rx_link  0x080008b0        0x8 CMakeFiles/XCORE407I_FIRMWARE.dir/home/marios/XCore407I-Firmware/Remora-OS6/Firmware/FirmwareSource/Remora-OS6/TARGET_XCORE407I/ethernet_init.c.obj
 .text.HAL_ETH_MspInit
                0x080008b8      0x170 CMakeFiles/XCORE407I_FIRMWARE.dir/home/marios/XCore407I-Firmware/Remora-OS6/Firmware/FirmwareSource/Remora-OS6/TARGET_XCORE407I/ethernet_init.c.obj
                0x080008b8                HAL_ETH_MspInit
 .text.ETH_GetPhyScanBitmap
                0x08000a28        0xc CMakeFiles/XCORE407I_FIRMWARE.dir/home/marios/XCore407I-Firmware/Remora-OS6/Firmware/FirmwareSource/Remora-OS6/TARGET_XCORE407I/ethernet_init.c.obj
                0x08000a28                ETH_GetPhyScanBitmap
 .text.ETH_AnyLinkUp
                0x08000a34       0x6c CMakeFiles/XCORE407I_FIRMWARE.dir/home/marios/XCore407I-Firmware/Remora-OS6/Firmware/FirmwareSource/Remora-OS6/TARGET_XCORE407I/ethernet_init.c.obj
                0x08000a34                ETH_AnyLinkUp
 .text.ETH_Force100Full
                0x08000aa0       0x4c CMakeFiles/XCORE407I_FIRMWARE.dir/home/marios/XCore407I-Firmware/Remora-OS6/Firmware/FirmwareSource/Remora-OS6/TARGET_XCORE407I/ethernet_init.c.obj
                0x08000aa0                ETH_Force100Full
 .text.ETH_IsForcedMode
                0x08000aec        0xc CMakeFiles/XCORE407I_FIRMWARE.dir/home/marios/XCore407I-Firmware/Remora-OS6/Firmware/FirmwareSource/Remora-OS6/TARGET_XCORE407I/ethernet_init.c.obj
                0x08000aec                ETH_IsForcedMode
 .text.MX_ETH_Init
                0x08000af8      0x1e0 CMakeFiles/XCORE407I_FIRMWARE.dir/home/marios/XCore407I-Firmware/Remora-OS6/Firmware/FirmwareSource/Remora-OS6/TARGET_XCORE407I/ethernet_init.c.obj
                0x08000af8                MX_ETH_Init
 .text.ETH_RestartAutoNeg
                0x08000cd8       0x38 CMakeFiles/XCORE407I_FIRMWARE.dir/home/marios/XCore407I-Firmware/Remora-OS6/Firmware/FirmwareSource/Remora-OS6/TARGET_XCORE407I/ethernet_init.c.obj
                0x08000cd8                ETH_RestartAutoNeg
 .text.ETH_GetPhyId
                0x08000d10       0x14 CMakeFiles/XCORE407I_FIRMWARE.dir/home/marios/XCore407I-Firmware/Remora-OS6/Firmware/FirmwareSource/Remora-OS6/TARGET_XCORE407I/ethernet_init.c.obj
                0x08000d10                ETH_GetPhyId
 .text.ETH_GetPhyAddress
                0x08000d24        0xc CMakeFiles/XCORE407I_FIRMWARE.dir/home/marios/XCore407I-Firmware/Remora-OS6/Firmware/FirmwareSource/Remora-OS6/TARGET_XCORE407I/ethernet_init.c.obj
                0x08000d24                ETH_GetPhyAddress
 .text.ETH_UpdateMACFromPHY
                0x08000d30       0x5c CMakeFiles/XCORE407I_FIRMWARE.dir/home/marios/XCore407I-Firmware/Remora-OS6/Firmware/FirmwareSource/Remora-OS6/TARGET_XCORE407I/ethernet_init.c.obj
                0x08000d30                ETH_UpdateMACFromPHY
 .text.low_level_output
                0x08000d8c       0x74 CMakeFiles/XCORE407I_FIRMWARE.dir/home/marios/XCore407I-Firmware/Remora-OS6/Firmware/FirmwareSource/Remora-OS6/TARGET_XCORE407I/lwip/ethernetif.c.obj
 .text.ethernetif_init
                0x08000e00       0x44 CMakeFiles/XCORE407I_FIRMWARE.dir/home/marios/XCore407I-Firmware/Remora-OS6/Firmware/FirmwareSource/Remora-OS6/TARGET_XCORE407I/lwip/ethernetif.c.obj
                0x08000e00                ethernetif_init
 .text.ethernetif_poll
                0x08000e44      0x114 CMakeFiles/XCORE407I_FIRMWARE.dir/home/marios/XCore407I-Firmware/Remora-OS6/Firmware/FirmwareSource/Remora-OS6/TARGET_XCORE407I/lwip/ethernetif.c.obj
                0x08000e44                ethernetif_poll
 .text.lwip_port_init
                0x08000f58       0xc8 CMakeFiles/XCORE407I_FIRMWARE.dir/home/marios/XCore407I-Firmware/Remora-OS6/Firmware/FirmwareSource/Remora-OS6/TARGET_XCORE407I/lwip/lwip_port.c.obj
                0x08000f58                lwip_port_init
 .text.lwip_port_poll
                0x08001020       0x90 CMakeFiles/XCORE407I_FIRMWARE.dir/home/marios/XCore407I-Firmware/Remora-OS6/Firmware/FirmwareSource/Remora-OS6/TARGET_XCORE407I/lwip/lwip_port.c.obj
                0x08001020                lwip_port_poll
 .text.lwip_port_netif
                0x080010b0        0x8 CMakeFiles/XCORE407I_FIRMWARE.dir/home/marios/XCore407I-Firmware/Remora-OS6/Firmware/FirmwareSource/Remora-OS6/TARGET_XCORE407I/lwip/lwip_port.c.obj
                0x080010b0                lwip_port_netif
 .text.lwip_port_dhcp_active
                0x080010b8        0xc CMakeFiles/XCORE407I_FIRMWARE.dir/home/marios/XCore407I-Firmware/Remora-OS6/Firmware/FirmwareSource/Remora-OS6/TARGET_XCORE407I/lwip/lwip_port.c.obj
                0x080010b8                lwip_port_dhcp_active
 .text.MX_LWIP_Init
                0x080010c4        0x4 CMakeFiles/XCORE407I_FIRMWARE.dir/home/marios/XCore407I-Firmware/Remora-OS6/Firmware/FirmwareSource/Remora-OS6/TARGET_XCORE407I/lwip/lwip_port.c.obj
                0x080010c4                MX_LWIP_Init
 .text.MX_LWIP_Process
                0x080010c8        0x4 CMakeFiles/XCORE407I_FIRMWARE.dir/home/marios/XCore407I-Firmware/Remora-OS6/Firmware/FirmwareSource/Remora-OS6/TARGET_XCORE407I/lwip/lwip_port.c.obj
                0x080010c8                MX_LWIP_Process
 .text.lwip_port_set_link_state
                0x080010cc       0x24 CMakeFiles/XCORE407I_FIRMWARE.dir/home/marios/XCore407I-Firmware/Remora-OS6/Firmware/FirmwareSource/Remora-OS6/TARGET_XCORE407I/lwip/lwip_port.c.obj
                0x080010cc                lwip_port_set_link_state
 .text.remora_udp_recv
                0x080010f0      0x21c CMakeFiles/XCORE407I_FIRMWARE.dir/home/marios/XCore407I-Firmware/Remora-OS6/Firmware/FirmwareSource/Remora-OS6/TARGET_XCORE407I/lwip/remora_udp.c.obj
 .text.remora_udp_send_feedback_unicast
                0x0800130c      0x2b4 CMakeFiles/XCORE407I_FIRMWARE.dir/home/marios/XCore407I-Firmware/Remora-OS6/Firmware/FirmwareSource/Remora-OS6/TARGET_XCORE407I/lwip/remora_udp.c.obj
 .text.remora_udp_init
                0x080015c0       0x40 CMakeFiles/XCORE407I_FIRMWARE.dir/home/marios/XCore407I-Firmware/Remora-OS6/Firmware/FirmwareSource/Remora-OS6/TARGET_XCORE407I/lwip/remora_udp.c.obj
                0x080015c0                remora_udp_init
 .text.remora_udp_poll
                0x08001600        0x4 CMakeFiles/XCORE407I_FIRMWARE.dir/home/marios/XCore407I-Firmware/Remora-OS6/Firmware/FirmwareSource/Remora-OS6/TARGET_XCORE407I/lwip/remora_udp.c.obj
                0x08001600                remora_udp_poll
 .text.remora_udp_send_feedback
                0x08001604        0x4 CMakeFiles/XCORE407I_FIRMWARE.dir/home/marios/XCore407I-Firmware/Remora-OS6/Firmware/FirmwareSource/Remora-OS6/TARGET_XCORE407I/lwip/remora_udp.c.obj
                0x08001604                remora_udp_send_feedback
 .text.apply_freq
                0x08001608       0x84 CMakeFiles/XCORE407I_FIRMWARE.dir/home/marios/XCore407I-Firmware/Remora-OS6/Firmware/FirmwareSource/Remora-OS6/TARGET_XCORE407I/stepgen.c.obj
 .text.step_channel_pwm_init
                0x0800168c       0x40 CMakeFiles/XCORE407I_FIRMWARE.dir/home/marios/XCore407I-Firmware/Remora-OS6/Firmware/FirmwareSource/Remora-OS6/TARGET_XCORE407I/stepgen.c.obj
 .text.stepgen_init
                0x080016cc      0x1ac CMakeFiles/XCORE407I_FIRMWARE.dir/home/marios/XCore407I-Firmware/Remora-OS6/Firmware/FirmwareSource/Remora-OS6/TARGET_XCORE407I/stepgen.c.obj
                0x080016cc                stepgen_init
 .text.stepgen_apply_command
                0x08001878       0x78 CMakeFiles/XCORE407I_FIRMWARE.dir/home/marios/XCore407I-Firmware/Remora-OS6/Firmware/FirmwareSource/Remora-OS6/TARGET_XCORE407I/stepgen.c.obj
                0x08001878                stepgen_apply_command
 .text.motion_get_fault_mask
                0x080018f0        0xc CMakeFiles/XCORE407I_FIRMWARE.dir/home/marios/XCore407I-Firmware/Remora-OS6/Firmware/FirmwareSource/Remora-OS6/TARGET_XCORE407I/motion_io.c.obj
                0x080018f0                motion_get_fault_mask
 .text.motion_get_estop
                0x080018fc        0xc CMakeFiles/XCORE407I_FIRMWARE.dir/home/marios/XCore407I-Firmware/Remora-OS6/Firmware/FirmwareSource/Remora-OS6/TARGET_XCORE407I/motion_io.c.obj
                0x080018fc                motion_get_estop
 .text.motion_get_limit_mask
                0x08001908        0xc CMakeFiles/XCORE407I_FIRMWARE.dir/home/marios/XCore407I-Firmware/Remora-OS6/Firmware/FirmwareSource/Remora-OS6/TARGET_XCORE407I/motion_io.c.obj
                0x08001908                motion_get_limit_mask
 .text.motion_try_clear_faults
                0x08001914       0x2c CMakeFiles/XCORE407I_FIRMWARE.dir/home/marios/XCore407I-Firmware/Remora-OS6/Firmware/FirmwareSource/Remora-OS6/TARGET_XCORE407I/motion_io.c.obj
                0x08001914                motion_try_clear_faults
 .text.motion_control_io_init
                0x08001940      0x13c CMakeFiles/XCORE407I_FIRMWARE.dir/home/marios/XCore407I-Firmware/Remora-OS6/Firmware/FirmwareSource/Remora-OS6/TARGET_XCORE407I/motion_io.c.obj
                0x08001940                motion_control_io_init
 .text.motion_get_probe
                0x08001a7c       0x18 CMakeFiles/XCORE407I_FIRMWARE.dir/home/marios/XCore407I-Firmware/Remora-OS6/Firmware/FirmwareSource/Remora-OS6/TARGET_XCORE407I/motion_io.c.obj
                0x08001a7c                motion_get_probe
 .text.motion_apply_limited_step
                0x08001a94       0x8c CMakeFiles/XCORE407I_FIRMWARE.dir/home/marios/XCore407I-Firmware/Remora-OS6/Firmware/FirmwareSource/Remora-OS6/TARGET_XCORE407I/motion_io.c.obj
                0x08001a94                motion_apply_limited_step
 .text.jog_init
                0x08001b20       0x34 CMakeFiles/XCORE407I_FIRMWARE.dir/home/marios/XCore407I-Firmware/Remora-OS6/Firmware/FirmwareSource/Remora-OS6/TARGET_XCORE407I/jog.c.obj
                0x08001b20                jog_init
 .text.jog_set_speed_axis
                0x08001b54       0x14 CMakeFiles/XCORE407I_FIRMWARE.dir/home/marios/XCore407I-Firmware/Remora-OS6/Firmware/FirmwareSource/Remora-OS6/TARGET_XCORE407I/jog.c.obj
                0x08001b54                jog_set_speed_axis
 .text.jog_set_accel_axis
                0x08001b68       0x18 CMakeFiles/XCORE407I_FIRMWARE.dir/home/marios/XCore407I-Firmware/Remora-OS6/Firmware/FirmwareSource/Remora-OS6/TARGET_XCORE407I/jog.c.obj
                0x08001b68                jog_set_accel_axis
 .text.jog_set_speed
                0x08001b80       0x10 CMakeFiles/XCORE407I_FIRMWARE.dir/home/marios/XCore407I-Firmware/Remora-OS6/Firmware/FirmwareSource/Remora-OS6/TARGET_XCORE407I/jog.c.obj
                0x08001b80                jog_set_speed
 .text.jog_set_accel
                0x08001b90       0x10 CMakeFiles/XCORE407I_FIRMWARE.dir/home/marios/XCore407I-Firmware/Remora-OS6/Firmware/FirmwareSource/Remora-OS6/TARGET_XCORE407I/jog.c.obj
                0x08001b90                jog_set_accel
 .text.jog_get_current_speed_axis
                0x08001ba0       0x1c CMakeFiles/XCORE407I_FIRMWARE.dir/home/marios/XCore407I-Firmware/Remora-OS6/Firmware/FirmwareSource/Remora-OS6/TARGET_XCORE407I/jog.c.obj
                0x08001ba0                jog_get_current_speed_axis
 .text.jog_get_target_speed_axis
                0x08001bbc       0x18 CMakeFiles/XCORE407I_FIRMWARE.dir/home/marios/XCore407I-Firmware/Remora-OS6/Firmware/FirmwareSource/Remora-OS6/TARGET_XCORE407I/jog.c.obj
                0x08001bbc                jog_get_target_speed_axis
 .text.jog_get_direction_axis
                0x08001bd4       0x28 CMakeFiles/XCORE407I_FIRMWARE.dir/home/marios/XCore407I-Firmware/Remora-OS6/Firmware/FirmwareSource/Remora-OS6/TARGET_XCORE407I/jog.c.obj
                0x08001bd4                jog_get_direction_axis
 .text.jog_poll
                0x08001bfc      0x170 CMakeFiles/XCORE407I_FIRMWARE.dir/home/marios/XCore407I-Firmware/Remora-OS6/Firmware/FirmwareSource/Remora-OS6/TARGET_XCORE407I/jog.c.obj
                0x08001bfc                jog_poll
 .text.homing_start
                0x08001d6c       0x5c CMakeFiles/XCORE407I_FIRMWARE.dir/home/marios/XCore407I-Firmware/Remora-OS6/Firmware/FirmwareSource/Remora-OS6/TARGET_XCORE407I/homing.c.obj
                0x08001d6c                homing_start
 .text.homing_abort
                0x08001dc8       0x30 CMakeFiles/XCORE407I_FIRMWARE.dir/home/marios/XCore407I-Firmware/Remora-OS6/Firmware/FirmwareSource/Remora-OS6/TARGET_XCORE407I/homing.c.obj
                0x08001dc8                homing_abort
 .text.homing_is_active
                0x08001df8       0x24 CMakeFiles/XCORE407I_FIRMWARE.dir/home/marios/XCore407I-Firmware/Remora-OS6/Firmware/FirmwareSource/Remora-OS6/TARGET_XCORE407I/homing.c.obj
                0x08001df8                homing_is_active
 .text.homing_get_homed_mask
                0x08001e1c        0xc CMakeFiles/XCORE407I_FIRMWARE.dir/home/marios/XCore407I-Firmware/Remora-OS6/Firmware/FirmwareSource/Remora-OS6/TARGET_XCORE407I/homing.c.obj
                0x08001e1c                homing_get_homed_mask
 .text.homing_get_offset
                0x08001e28       0x1c CMakeFiles/XCORE407I_FIRMWARE.dir/home/marios/XCore407I-Firmware/Remora-OS6/Firmware/FirmwareSource/Remora-OS6/TARGET_XCORE407I/homing.c.obj
                0x08001e28                homing_get_offset
 .text.homing_set_offset
                0x08001e44       0x34 CMakeFiles/XCORE407I_FIRMWARE.dir/home/marios/XCore407I-Firmware/Remora-OS6/Firmware/FirmwareSource/Remora-OS6/TARGET_XCORE407I/homing.c.obj
                0x08001e44                homing_set_offset
 .text.homing_poll
                0x08001e78      0x128 CMakeFiles/XCORE407I_FIRMWARE.dir/home/marios/XCore407I-Firmware/Remora-OS6/Firmware/FirmwareSource/Remora-OS6/TARGET_XCORE407I/homing.c.obj
                0x08001e78                homing_poll
 .text.config_store_init
                0x08001fa0      0x104 CMakeFiles/XCORE407I_FIRMWARE.dir/home/marios/XCore407I-Firmware/Remora-OS6/Firmware/FirmwareSource/Remora-OS6/TARGET_XCORE407I/config_store.c.obj
                0x08001fa0                config_store_init
 .text.config_store_get
                0x080020a4        0x8 CMakeFiles/XCORE407I_FIRMWARE.dir/home/marios/XCore407I-Firmware/Remora-OS6/Firmware/FirmwareSource/Remora-OS6/TARGET_XCORE407I/config_store.c.obj
                0x080020a4                config_store_get
 .text.config_store_mark_dirty
                0x080020ac        0xc CMakeFiles/XCORE407I_FIRMWARE.dir/home/marios/XCore407I-Firmware/Remora-OS6/Firmware/FirmwareSource/Remora-OS6/TARGET_XCORE407I/config_store.c.obj
                0x080020ac                config_store_mark_dirty
 .text.config_store_save
                0x080020b8       0xc8 CMakeFiles/XCORE407I_FIRMWARE.dir/home/marios/XCore407I-Firmware/Remora-OS6/Firmware/FirmwareSource/Remora-OS6/TARGET_XCORE407I/config_store.c.obj
                0x080020b8                config_store_save
 .text.config_store_apply
                0x08002180       0x2c CMakeFiles/XCORE407I_FIRMWARE.dir/home/marios/XCore407I-Firmware/Remora-OS6/Firmware/FirmwareSource/Remora-OS6/TARGET_XCORE407I/config_store.c.obj
                0x08002180                config_store_apply
 .text.encoder_init
                0x080021ac      0x1c8 CMakeFiles/XCORE407I_FIRMWARE.dir/home/marios/XCore407I-Firmware/Remora-OS6/Firmware/FirmwareSource/Remora-OS6/TARGET_XCORE407I/encoder.c.obj
                0x080021ac                encoder_init
 .text.encoder_get_count
                0x08002374       0x34 CMakeFiles/XCORE407I_FIRMWARE.dir/home/marios/XCore407I-Firmware/Remora-OS6/Firmware/FirmwareSource/Remora-OS6/TARGET_XCORE407I/encoder.c.obj
                0x08002374                encoder_get_count
 .text.sha256_transform
                0x080023a8      0x164 CMakeFiles/XCORE407I_FIRMWARE.dir/home/marios/XCore407I-Firmware/Remora-OS6/Firmware/FirmwareSource/Remora-OS6/TARGET_XCORE407I/auth.c.obj
 .text.sha256_final
                0x0800250c       0xac CMakeFiles/XCORE407I_FIRMWARE.dir/home/marios/XCore407I-Firmware/Remora-OS6/Firmware/FirmwareSource/Remora-OS6/TARGET_XCORE407I/auth.c.obj
 .text.sha256_update
                0x080025b8       0x64 CMakeFiles/XCORE407I_FIRMWARE.dir/home/marios/XCore407I-Firmware/Remora-OS6/Firmware/FirmwareSource/Remora-OS6/TARGET_XCORE407I/auth.c.obj
 *fill*         0x0800261c        0x4 
 .text.auth_hmac_tag
                0x08002620      0x168 CMakeFiles/XCORE407I_FIRMWARE.dir/home/marios/XCore407I-Firmware/Remora-OS6/Firmware/FirmwareSource/Remora-OS6/TARGET_XCORE407I/auth.c.obj
                0x08002620                auth_hmac_tag
 .text.SystemInit
                0x08002788       0x14 CMakeFiles/XCORE407I_FIRMWARE.dir/home/marios/XCore407I-Firmware/st/STM32CubeF4/Drivers/CMSIS/Device/ST/STM32F4xx/Source/Templates/system_stm32f4xx.c.obj
                0x08002788                SystemInit
 .text.SystemCoreClockUpdate
                0x0800279c       0x70 CMakeFiles/XCORE407I_FIRMWARE.dir/home/marios/XCore407I-Firmware/st/STM32CubeF4/Drivers/CMSIS/Device/ST/STM32F4xx/Source/Templates/system_stm32f4xx.c.obj
                0x0800279c                SystemCoreClockUpdate
 .text.HAL_MspInit
                0x0800280c        0x4 CMakeFiles/XCORE407I_FIRMWARE.dir/home/marios/XCore407I-Firmware/st/STM32CubeF4/Drivers/STM32F4xx_HAL_Driver/Src/stm32f4xx_hal.c.obj
                0x0800280c                HAL_MspInit
 .text.HAL_MspDeInit
                0x08002810        0x4 CMakeFiles/XCORE407I_FIRMWARE.dir/home/marios/XCore407I-Firmware/st/STM32CubeF4/Drivers/STM32F4xx_HAL_Driver/Src/stm32f4xx_hal.c.obj
                0x08002810                HAL_MspDeInit
 .text.HAL_DeInit
                0x08002814       0x3c CMakeFiles/XCORE407I_FIRMWARE.dir/home/marios/XCore407I-Firmware/st/STM32CubeF4/Drivers/STM32F4xx_HAL_Driver/Src/stm32f4xx_hal.c.obj
                0x08002814                HAL_DeInit
 .text.HAL_InitTick
                0x08002850       0x48 CMakeFiles/XCORE407I_FIRMWARE.dir/home/marios/XCore407I-Firmware/st/STM32CubeF4/Drivers/STM32F4xx_HAL_Driver/Src/stm32f4xx_hal.c.obj
                0x08002850                HAL_InitTick
 .text.HAL_Init
                0x08002898       0x34 CMakeFiles/XCORE407I_FIRMWARE.dir/home/marios/XCore407I-Firmware/st/STM32CubeF4/Drivers/STM32F4xx_HAL_Driver/Src/stm32f4xx_hal.c.obj
                0x08002898                HAL_Init
 .text.HAL_GetTick
                0x080028cc        0xc CMakeFiles/XCORE407I_FIRMWARE.dir/home/marios/XCore407I-Firmware/st/STM32CubeF4/Drivers/STM32F4xx_HAL_Driver/Src/stm32f4xx_hal.c.obj
                0x080028cc                HAL_GetTick
 .text.HAL_Delay
                0x080028d8       0x24 CMakeFiles/XCORE407I_FIRMWARE.dir/home/marios/XCore407I-Firmware/st/STM32CubeF4/Drivers/STM32F4xx_HAL_Driver/Src/stm32f4xx_hal.c.obj
                0x080028d8                HAL_Delay
 .text.HAL_RCC_OscConfig
                0x080028fc      0x3c4 CMakeFiles/XCORE407I_FIRMWARE.dir/home/marios/XCore407I-Firmware/st/STM32CubeF4/Drivers/STM32F4xx_HAL_Driver/Src/stm32f4xx_hal_rcc.c.obj
                0x080028fc                HAL_RCC_OscConfig
 .text.HAL_RCC_GetSysClockFreq
                0x08002cc0       0x68 CMakeFiles/XCORE407I_FIRMWARE.dir/home/marios/XCore407I-Firmware/st/STM32CubeF4/Drivers/STM32F4xx_HAL_Driver/Src/stm32f4xx_hal_rcc.c.obj
                0x08002cc0                HAL_RCC_GetSysClockFreq
 .text.HAL_RCC_ClockConfig
                0x08002d28      0x13c CMakeFiles/XCORE407I_FIRMWARE.dir/home/marios/XCore407I-Firmware/st/STM32CubeF4/Drivers/STM32F4xx_HAL_Driver/Src/stm32f4xx_hal_rcc.c.obj
                0x08002d28                HAL_RCC_ClockConfig
 .text.HAL_RCC_DeInit
                0x08002e64      0x124 CMakeFiles/XCORE407I_FIRMWARE.dir/home/marios/XCore407I-Firmware/st/STM32CubeF4/Drivers/STM32F4xx_HAL_Driver/Src/stm32f4xx_hal_rcc_ex.c.obj
                0x08002e64                HAL_RCC_DeInit
 .text.HAL_GPIO_Init
                0x08002f88      0x264 CMakeFiles/XCORE407I_FIRMWARE.dir/home/marios/XCore407I-Firmware/st/STM32CubeF4/Drivers/STM32F4xx_HAL_Driver/Src/stm32f4xx_hal_gpio.c.obj
                0x08002f88                HAL_GPIO_Init
 .text.HAL_GPIO_ReadPin
                0x080031ec        0xc CMakeFiles/XCORE407I_FIRMWARE.dir/home/marios/XCore407I-Firmware/st/STM32CubeF4/Drivers/STM32F4xx_HAL_Driver/Src/stm32f4xx_hal_gpio.c.obj
                0x080031ec                HAL_GPIO_ReadPin
 .text.HAL_GPIO_WritePin
                0x080031f8        0x8 CMakeFiles/XCORE407I_FIRMWARE.dir/home/marios/XCore407I-Firmware/st/STM32CubeF4/Drivers/STM32F4xx_HAL_Driver/Src/stm32f4xx_hal_gpio.c.obj
                0x080031f8                HAL_GPIO_WritePin
 .text.HAL_GPIO_TogglePin
                0x08003200       0x14 CMakeFiles/XCORE407I_FIRMWARE.dir/home/marios/XCore407I-Firmware/st/STM32CubeF4/Drivers/STM32F4xx_HAL_Driver/Src/stm32f4xx_hal_gpio.c.obj
                0x08003200                HAL_GPIO_TogglePin
 .text.HAL_NVIC_SetPriorityGrouping
                0x08003214       0x24 CMakeFiles/XCORE407I_FIRMWARE.dir/home/marios/XCore407I-Firmware/st/STM32CubeF4/Drivers/STM32F4xx_HAL_Driver/Src/stm32f4xx_hal_cortex.c.obj
                0x08003214                HAL_NVIC_SetPriorityGrouping
 .text.HAL_NVIC_SetPriority
                0x08003238       0x7c CMakeFiles/XCORE407I_FIRMWARE.dir/home/marios/XCore407I-Firmware/st/STM32CubeF4/Drivers/STM32F4xx_HAL_Driver/Src/stm32f4xx_hal_cortex.c.obj
                0x08003238                HAL_NVIC_SetPriority
 .text.HAL_NVIC_EnableIRQ
                0x080032b4       0x1c CMakeFiles/XCORE407I_FIRMWARE.dir/home/marios/XCore407I-Firmware/st/STM32CubeF4/Drivers/STM32F4xx_HAL_Driver/Src/stm32f4xx_hal_cortex.c.obj
                0x080032b4                HAL_NVIC_EnableIRQ
 .text.HAL_SYSTICK_Config
                0x080032d0       0x34 CMakeFiles/XCORE407I_FIRMWARE.dir/home/marios/XCore407I-Firmware/st/STM32CubeF4/Drivers/STM32F4xx_HAL_Driver/Src/stm32f4xx_hal_cortex.c.obj
                0x080032d0                HAL_SYSTICK_Config
 .text.FLASH_SetErrorCode
                0x08003304       0x78 CMakeFiles/XCORE407I_FIRMWARE.dir/home/marios/XCore407I-Firmware/st/STM32CubeF4/Drivers/STM32F4xx_HAL_Driver/Src/stm32f4xx_hal_flash.c.obj
 .text.HAL_FLASH_Unlock
                0x0800337c       0x28 CMakeFiles/XCORE407I_FIRMWARE.dir/home/marios/XCore407I-Firmware/st/STM32CubeF4/Drivers/STM32F4xx_HAL_Driver/Src/stm32f4xx_hal_flash.c.obj
                0x0800337c                HAL_FLASH_Unlock
 .text.HAL_FLASH_Lock
                0x080033a4       0x14 CMakeFiles/XCORE407I_FIRMWARE.dir/home/marios/XCore407I-Firmware/st/STM32CubeF4/Drivers/STM32F4xx_HAL_Driver/Src/stm32f4xx_hal_flash.c.obj
                0x080033a4                HAL_FLASH_Lock
 .text.FLASH_WaitForLastOperation
                0x080033b8       0x54 CMakeFiles/XCORE407I_FIRMWARE.dir/home/marios/XCore407I-Firmware/st/STM32CubeF4/Drivers/STM32F4xx_HAL_Driver/Src/stm32f4xx_hal_flash.c.obj
                0x080033b8                FLASH_WaitForLastOperation
 .text.HAL_FLASH_Program
                0x0800340c       0xd0 CMakeFiles/XCORE407I_FIRMWARE.dir/home/marios/XCore407I-Firmware/st/STM32CubeF4/Drivers/STM32F4xx_HAL_Driver/Src/stm32f4xx_hal_flash.c.obj
                0x0800340c                HAL_FLASH_Program
 .text.FLASH_Erase_Sector
                0x080034dc       0x3c CMakeFiles/XCORE407I_FIRMWARE.dir/home/marios/XCore407I-Firmware/st/STM32CubeF4/Drivers/STM32F4xx_HAL_Driver/Src/stm32f4xx_hal_flash_ex.c.obj
                0x080034dc                FLASH_Erase_Sector
 .text.FLASH_FlushCaches
                0x08003518       0x58 CMakeFiles/XCORE407I_FIRMWARE.dir/home/marios/XCore407I-Firmware/st/STM32CubeF4/Drivers/STM32F4xx_HAL_Driver/Src/stm32f4xx_hal_flash_ex.c.obj
                0x08003518                FLASH_FlushCaches
 .text.HAL_FLASHEx_Erase
                0x08003570       0xc4 CMakeFiles/XCORE407I_FIRMWARE.dir/home/marios/XCore407I-Firmware/st/STM32CubeF4/Drivers/STM32F4xx_HAL_Driver/Src/stm32f4xx_hal_flash_ex.c.obj
                0x08003570                HAL_FLASHEx_Erase
 .text.HAL_ETH_RxLinkCallback
                0x08003634        0x4 CMakeFiles/XCORE407I_FIRMWARE.dir/home/marios/XCore407I-Firmware/st/STM32CubeF4/Drivers/STM32F4xx_HAL_Driver/Src/stm32f4xx_hal_eth.c.obj
                0x08003634                HAL_ETH_RxLinkCallback
 .text.ETH_Prepare_Tx_Descriptors
                0x08003638      0x17c CMakeFiles/XCORE407I_FIRMWARE.dir/home/marios/XCore407I-Firmware/st/STM32CubeF4/Drivers/STM32F4xx_HAL_Driver/Src/stm32f4xx_hal_eth.c.obj
 .text.ETH_SetMACConfig
                0x080037b4       0xf0 CMakeFiles/XCORE407I_FIRMWARE.dir/home/marios/XCore407I-Firmware/st/STM32CubeF4/Drivers/STM32F4xx_HAL_Driver/Src/stm32f4xx_hal_eth.c.obj
 .text.ETH_SetDMAConfig
                0x080038a4       0xa4 CMakeFiles/XCORE407I_FIRMWARE.dir/home/marios/XCore407I-Firmware/st/STM32CubeF4/Drivers/STM32F4xx_HAL_Driver/Src/stm32f4xx_hal_eth.c.obj
 .text.HAL_ETH_RxAllocateCallback
                0x08003948        0x4 CMakeFiles/XCORE407I_FIRMWARE.dir/home/marios/XCore407I-Firmware/st/STM32CubeF4/Drivers/STM32F4xx_HAL_Driver/Src/stm32f4xx_hal_eth.c.obj
                0x08003948                HAL_ETH_RxAllocateCallback
 .text.ETH_UpdateDescriptor
                0x0800394c       0xa0 CMakeFiles/XCORE407I_FIRMWARE.dir/home/marios/XCore407I-Firmware/st/STM32CubeF4/Drivers/STM32F4xx_HAL_Driver/Src/stm32f4xx_hal_eth.c.obj
 .text.HAL_ETH_Init
                0x080039ec      0x248 CMakeFiles/XCORE407I_FIRMWARE.dir/home/marios/XCore407I-Firmware/st/STM32CubeF4/Drivers/STM32F4xx_HAL_Driver/Src/stm32f4xx_hal_eth.c.obj
                0x080039ec                HAL_ETH_Init
 .text.HAL_ETH_Start
                0x08003c34       0x8c CMakeFiles/XCORE407I_FIRMWARE.dir/home/marios/XCore407I-Firmware/st/STM32CubeF4/Drivers/STM32F4xx_HAL_Driver/Src/stm32f4xx_hal_eth.c.obj
                0x08003c34                HAL_ETH_Start
 .text.HAL_ETH_Transmit
                0x08003cc0       0xb4 CMakeFiles/XCORE407I_FIRMWARE.dir/home/marios/XCore407I-Firmware/st/STM32CubeF4/Drivers/STM32F4xx_HAL_Driver/Src/stm32f4xx_hal_eth.c.obj
                0x08003cc0                HAL_ETH_Transmit
 .text.HAL_ETH_ReadData
                0x08003d74      0x124 CMakeFiles/XCORE407I_FIRMWARE.dir/home/marios/XCore407I-Firmware/st/STM32CubeF4/Drivers/STM32F4xx_HAL_Driver/Src/stm32f4xx_hal_eth.c.obj
                0x08003d74                HAL_ETH_ReadData
 .text.HAL_ETH_ReadPHYRegister
                0x08003e98       0x50 CMakeFiles/XCORE407I_FIRMWARE.dir/home/marios/XCore407I-Firmware/st/STM32CubeF4/Drivers/STM32F4xx_HAL_Driver/Src/stm32f4xx_hal_eth.c.obj
                0x08003e98                HAL_ETH_ReadPHYRegister
 .text.HAL_ETH_WritePHYRegister
                0x08003ee8       0x4c CMakeFiles/XCORE407I_FIRMWARE.dir/home/marios/XCore407I-Firmware/st/STM32CubeF4/Drivers/STM32F4xx_HAL_Driver/Src/stm32f4xx_hal_eth.c.obj
                0x08003ee8                HAL_ETH_WritePHYRegister
 .text.TIM_OC1_SetConfig
                0x08003f34       0x60 CMakeFiles/XCORE407I_FIRMWARE.dir/home/marios/XCore407I-Firmware/st/STM32CubeF4/Drivers/STM32F4xx_HAL_Driver/Src/stm32f4xx_hal_tim.c.obj
 .text.TIM_OC3_SetConfig
                0x08003f94       0x64 CMakeFiles/XCORE407I_FIRMWARE.dir/home/marios/XCore407I-Firmware/st/STM32CubeF4/Drivers/STM32F4xx_HAL_Driver/Src/stm32f4xx_hal_tim.c.obj
 .text.TIM_OC4_SetConfig
                0x08003ff8       0x50 CMakeFiles/XCORE407I_FIRMWARE.dir/home/marios/XCore407I-Firmware/st/STM32CubeF4/Drivers/STM32F4xx_HAL_Driver/Src/stm32f4xx_hal_tim.c.obj
 .text.HAL_TIM_Base_MspInit
                0x08004048        0x4 CMakeFiles/XCORE407I_FIRMWARE.dir/home/marios/XCore407I-Firmware/st/STM32CubeF4/Drivers/STM32F4xx_HAL_Driver/Src/stm32f4xx_hal_tim.c.obj
                0x08004048                HAL_TIM_Base_MspInit
 .text.HAL_TIM_OC_Start
                0x0800404c       0xcc CMakeFiles/XCORE407I_FIRMWARE.dir/home/marios/XCore407I-Firmware/st/STM32CubeF4/Drivers/STM32F4xx_HAL_Driver/Src/stm32f4xx_hal_tim.c.obj
                0x0800404c                HAL_TIM_OC_Start
 .text.HAL_TIM_PWM_MspInit
                0x08004118        0x4 CMakeFiles/XCORE407I_FIRMWARE.dir/home/marios/XCore407I-Firmware/st/STM32CubeF4/Drivers/STM32F4xx_HAL_Driver/Src/stm32f4xx_hal_tim.c.obj
                0x08004118                HAL_TIM_PWM_MspInit
 .text.HAL_TIM_Encoder_MspInit
                0x0800411c        0x4 CMakeFiles/XCORE407I_FIRMWARE.dir/home/marios/XCore407I-Firmware/st/STM32CubeF4/Drivers/STM32F4xx_HAL_Driver/Src/stm32f4xx_hal_tim.c.obj
                0x0800411c                HAL_TIM_Encoder_MspInit
 .text.HAL_TIM_Encoder_Start
                0x08004120       0xc4 CMakeFiles/XCORE407I_FIRMWARE.dir/home/marios/XCore407I-Firmware/st/STM32CubeF4/Drivers/STM32F4xx_HAL_Driver/Src/stm32f4xx_hal_tim.c.obj
                0x08004120                HAL_TIM_Encoder_Start
 .text.TIM_Base_SetConfig
                0x080041e4       0xd0 CMakeFiles/XCORE407I_FIRMWARE.dir/home/marios/XCore407I-Firmware/st/STM32CubeF4/Drivers/STM32F4xx_HAL_Driver/Src/stm32f4xx_hal_tim.c.obj
                0x080041e4                TIM_Base_SetConfig
 .text.HAL_TIM_Base_Init
                0x080042b4       0x5c CMakeFiles/XCORE407I_FIRMWARE.dir/home/marios/XCore407I-Firmware/st/STM32CubeF4/Drivers/STM32F4xx_HAL_Driver/Src/stm32f4xx_hal_tim.c.obj
                0x080042b4                HAL_TIM_Base_Init
 .text.HAL_TIM_PWM_Init
                0x08004310       0x5c CMakeFiles/XCORE407I_FIRMWARE.dir/home/marios/XCore407I-Firmware/st/STM32CubeF4/Drivers/STM32F4xx_HAL_Driver/Src/stm32f4xx_hal_tim.c.obj
                0x08004310                HAL_TIM_PWM_Init
 .text.HAL_TIM_Encoder_Init
                0x0800436c       0xac CMakeFiles/XCORE407I_FIRMWARE.dir/home/marios/XCore407I-Firmware/st/STM32CubeF4/Drivers/STM32F4xx_HAL_Driver/Src/stm32f4xx_hal_tim.c.obj
                0x0800436c                HAL_TIM_Encoder_Init
 .text.TIM_OC2_SetConfig
                0x08004418       0x64 CMakeFiles/XCORE407I_FIRMWARE.dir/home/marios/XCore407I-Firmware/st/STM32CubeF4/Drivers/STM32F4xx_HAL_Driver/Src/stm32f4xx_hal_tim.c.obj
                0x08004418                TIM_OC2_SetConfig
 .text.HAL_TIM_OC_ConfigChannel
                0x0800447c       0x58 CMakeFiles/XCORE407I_FIRMWARE.dir/home/marios/XCore407I-Firmware/st/STM32CubeF4/Drivers/STM32F4xx_HAL_Driver/Src/stm32f4xx_hal_tim.c.obj
                0x0800447c                HAL_TIM_OC_ConfigChannel
 .text.lwip_init
                0x080044d4       0x1c liblwipcore.a(init.c.obj)
                0x080044d4                lwip_init
 .text.mem_init
                0x080044f0       0x3c liblwipcore.a(mem.c.obj)
                0x080044f0                mem_init
 .text.mem_free
                0x0800452c       0xe0 liblwipcore.a(mem.c.obj)
                0x0800452c                mem_free
 .text.mem_trim
                0x0800460c       0xd0 liblwipcore.a(mem.c.obj)
                0x0800460c                mem_trim
 .text.mem_malloc
                0x080046dc       0xd8 liblwipcore.a(mem.c.obj)
                0x080046dc                mem_malloc
 .text.memp_init
                0x080047b4       0x50 liblwipcore.a(memp.c.obj)
                0x080047b4                memp_init
 .text.memp_malloc
                0x08004804       0x20 liblwipcore.a(memp.c.obj)
                0x08004804                memp_malloc
 .text.memp_free
                0x08004824       0x1c liblwipcore.a(memp.c.obj)
                0x08004824                memp_free
 .text.netif_null_output_ip4
                0x08004840        0x8 liblwipcore.a(netif.c.obj)
 .text.netif_do_set_ipaddr.isra.0
                0x08004848       0x44 liblwipcore.a(netif.c.obj)
 .text.netif_init
                0x0800488c        0x4 liblwipcore.a(netif.c.obj)
                0x0800488c                netif_init
 .text.netif_set_addr
                0x08004890       0x5c liblwipcore.a(netif.c.obj)
                0x08004890                netif_set_addr
 .text.netif_add
                0x080048ec       0xb4 liblwipcore.a(netif.c.obj)
                0x080048ec                netif_add
 .text.netif_set_default
                0x080049a0        0xc liblwipcore.a(netif.c.obj)
                0x080049a0                netif_set_default
 .text.netif_set_up
                0x080049ac       0x34 liblwipcore.a(netif.c.obj)
                0x080049ac                netif_set_up
 .text.netif_set_link_up
                0x080049e0       0x40 liblwipcore.a(netif.c.obj)
                0x080049e0                netif_set_link_up
 .text.netif_set_link_down
                0x08004a20       0x14 liblwipcore.a(netif.c.obj)
                0x08004a20                netif_set_link_down
 .text.netif_get_by_index
                0x08004a34       0x24 liblwipcore.a(netif.c.obj)
                0x08004a34                netif_get_by_index
 .text.pbuf_free.part.0
                0x08004a58       0x60 liblwipcore.a(pbuf.c.obj)
 .text.pbuf_alloc
                0x08004ab8       0xec liblwipcore.a(pbuf.c.obj)
                0x08004ab8                pbuf_alloc
 .text.pbuf_alloced_custom
                0x08004ba4       0x3c liblwipcore.a(pbuf.c.obj)
                0x08004ba4                pbuf_alloced_custom
 .text.pbuf_realloc
                0x08004be0       0x70 liblwipcore.a(pbuf.c.obj)
                0x08004be0                pbuf_realloc
 .text.pbuf_add_header
                0x08004c50       0x50 liblwipcore.a(pbuf.c.obj)
                0x08004c50                pbuf_add_header
 .text.pbuf_remove_header
                0x08004ca0       0x34 liblwipcore.a(pbuf.c.obj)
                0x08004ca0                pbuf_remove_header
 .text.pbuf_header_force
                0x08004cd4       0x70 liblwipcore.a(pbuf.c.obj)
                0x08004cd4                pbuf_header_force
 .text.pbuf_free
                0x08004d44        0x8 liblwipcore.a(pbuf.c.obj)
                0x08004d44                pbuf_free
 .text.pbuf_clen
                0x08004d4c       0x14 liblwipcore.a(pbuf.c.obj)
                0x08004d4c                pbuf_clen
 .text.pbuf_ref
                0x08004d60        0xc liblwipcore.a(pbuf.c.obj)
                0x08004d60                pbuf_ref
 .text.pbuf_cat
                0x08004d6c       0x28 liblwipcore.a(pbuf.c.obj)
                0x08004d6c                pbuf_cat
 .text.pbuf_chain
                0x08004d94       0x34 liblwipcore.a(pbuf.c.obj)
                0x08004d94                pbuf_chain
 .text.pbuf_copy
                0x08004dc8       0xe4 liblwipcore.a(pbuf.c.obj)
                0x08004dc8                pbuf_copy
 .text.pbuf_copy_partial
                0x08004eac       0x78 liblwipcore.a(pbuf.c.obj)
                0x08004eac                pbuf_copy_partial
 .text.pbuf_take
                0x08004f24       0x4c liblwipcore.a(pbuf.c.obj)
                0x08004f24                pbuf_take
 .text.pbuf_clone
                0x08004f70       0x1c liblwipcore.a(pbuf.c.obj)
                0x08004f70                pbuf_clone
 .text.sys_timeout_abs
                0x08004f8c       0x3c liblwipcore.a(timeouts.c.obj)
 .text.lwip_cyclic_timer
                0x08004fc8       0x40 liblwipcore.a(timeouts.c.obj)
 .text.sys_timeouts_init
                0x08005008       0x2c liblwipcore.a(timeouts.c.obj)
                0x08005008                sys_timeouts_init
 .text.sys_check_timeouts
                0x08005034       0x50 liblwipcore.a(timeouts.c.obj)
                0x08005034                sys_check_timeouts
 .text.lwip_htons
                0x08005084        0x8 liblwipcore.a(def.c.obj)
                0x08005084                lwip_htons
 .text.lwip_htonl
                0x0800508c        0x4 liblwipcore.a(def.c.obj)
                0x0800508c                lwip_htonl
 .text.ip4_addr_isbroadcast_u32
                0x08005090       0x38 liblwipcore.a(ip4_addr.c.obj)
                0x08005090                ip4_addr_isbroadcast_u32
 .text.ip4_route
                0x080050c8       0x70 liblwipcore.a(ip4.c.obj)
                0x080050c8                ip4_route
 .text.ip4_input
                0x08005138      0x1f8 liblwipcore.a(ip4.c.obj)
                0x08005138                ip4_input
 .text.ip4_output_if_src
                0x08005330       0xf8 liblwipcore.a(ip4.c.obj)
                0x08005330                ip4_output_if_src
 .text.ip4_output_if
                0x08005428       0x24 liblwipcore.a(ip4.c.obj)
                0x08005428                ip4_output_if
 .text.ipfrag_free_pbuf_custom
                0x0800544c       0x18 liblwipcore.a(ip4_frag.c.obj)
 .text.ip_reass_free_complete_datagram
                0x08005464       0x98 liblwipcore.a(ip4_frag.c.obj)
 .text.ip_reass_remove_oldest_datagram
                0x080054fc       0x88 liblwipcore.a(ip4_frag.c.obj)
 .text.ip_reass_tmr
                0x08005584       0x30 liblwipcore.a(ip4_frag.c.obj)
                0x08005584                ip_reass_tmr
 .text.ip4_reass
                0x080055b4      0x3cc liblwipcore.a(ip4_frag.c.obj)
                0x080055b4                ip4_reass
 .text.ip4_frag
                0x08005980      0x1b8 liblwipcore.a(ip4_frag.c.obj)
                0x08005980                ip4_frag
 .text.etharp_find_entry
                0x08005b38      0x124 liblwipcore.a(etharp.c.obj)
 .text.etharp_raw
                0x08005c5c       0x88 liblwipcore.a(etharp.c.obj)
 .text.etharp_output_to_arp_index
                0x08005ce4       0xc8 liblwipcore.a(etharp.c.obj)
 .text.etharp_tmr
                0x08005dac       0x94 liblwipcore.a(etharp.c.obj)
                0x08005dac                etharp_tmr
 .text.etharp_input
                0x08005e40      0x13c liblwipcore.a(etharp.c.obj)
                0x08005e40                etharp_input
 .text.etharp_query
                0x08005f7c      0x130 liblwipcore.a(etharp.c.obj)
                0x08005f7c                etharp_query
 .text.etharp_output
                0x080060ac       0xfc liblwipcore.a(etharp.c.obj)
                0x080060ac                etharp_output
 .text.etharp_request
                0x080061a8       0x2c liblwipcore.a(etharp.c.obj)
                0x080061a8                etharp_request
 .text.udp_init
                0x080061d4       0x18 liblwipcore.a(udp.c.obj)
                0x080061d4                udp_init
 .text.udp_input
                0x080061ec      0x1c4 liblwipcore.a(udp.c.obj)
                0x080061ec                udp_input
 .text.udp_bind
                0x080063b0       0xdc liblwipcore.a(udp.c.obj)
                0x080063b0                udp_bind
 .text.udp_sendto_if_src
                0x0800648c       0xf4 liblwipcore.a(udp.c.obj)
                0x0800648c                udp_sendto_if_src
 .text.udp_sendto_if
                0x08006580       0x40 liblwipcore.a(udp.c.obj)
                0x08006580                udp_sendto_if
 .text.udp_sendto
                0x080065c0       0x48 liblwipcore.a(udp.c.obj)
                0x080065c0                udp_sendto
 .text.udp_connect
                0x08006608       0x5c liblwipcore.a(udp.c.obj)
                0x08006608                udp_connect
 .text.udp_recv
                0x08006664        0x8 liblwipcore.a(udp.c.obj)
                0x08006664                udp_recv
 .text.udp_remove
                0x0800666c       0x34 liblwipcore.a(udp.c.obj)
                0x0800666c                udp_remove
 .text.udp_new  0x080066a0       0x1c liblwipcore.a(udp.c.obj)
                0x080066a0                udp_new
 .text.udp_new_ip_type
                0x080066bc       0x1c liblwipcore.a(udp.c.obj)
                0x080066bc                udp_new_ip_type
 .text.udp_netif_ip_addr_changed
                0x080066d8       0x34 liblwipcore.a(udp.c.obj)
                0x080066d8                udp_netif_ip_addr_changed
 .text.ethernet_input
                0x0800670c       0xa4 liblwipcore.a(ethernet.c.obj)
                0x0800670c                ethernet_input
 .text.ethernet_output
                0x080067b0       0x50 liblwipcore.a(ethernet.c.obj)
                0x080067b0                ethernet_output
 .text.dhcp_create_msg
                0x08006800      0x108 liblwipcore.a(dhcp.c.obj)
 .text.dhcp_check
                0x08006908       0x30 liblwipcore.a(dhcp.c.obj)
 .text.dhcp_bind
                0x08006938      0x15c liblwipcore.a(dhcp.c.obj)
 .text.dhcp_inc_pcb_refcount
                0x08006a94       0x58 liblwipcore.a(dhcp.c.obj)
 .text.dhcp_handle_ack.isra.0
                0x08006aec       0x80 liblwipcore.a(dhcp.c.obj)
 .text.dhcp_reboot.isra.0
                0x08006b6c      0x18c liblwipcore.a(dhcp.c.obj)
 .text.dhcp_discover
                0x08006cf8      0x13c liblwipcore.a(dhcp.c.obj)
 .text.dhcp_select.isra.0
                0x08006e34      0x1e8 liblwipcore.a(dhcp.c.obj)
 .text.dhcp_recv
                0x0800701c      0x47c liblwipcore.a(dhcp.c.obj)
 .text.dhcp_network_changed
                0x08007498       0x28 liblwipcore.a(dhcp.c.obj)
                0x08007498                dhcp_network_changed
 .text.dhcp_arp_reply
                0x080074c0       0xf8 liblwipcore.a(dhcp.c.obj)
                0x080074c0                dhcp_arp_reply
 .text.dhcp_renew
                0x080075b8      0x13c liblwipcore.a(dhcp.c.obj)
                0x080075b8                dhcp_renew
 .text.dhcp_release_and_stop
                0x080076f4      0x138 liblwipcore.a(dhcp.c.obj)
                0x080076f4                dhcp_release_and_stop
 .text.dhcp_start
                0x0800782c       0xa0 liblwipcore.a(dhcp.c.obj)
                0x0800782c                dhcp_start
 .text.dhcp_coarse_tmr
                0x080078cc      0x1b8 liblwipcore.a(dhcp.c.obj)
                0x080078cc                dhcp_coarse_tmr
 .text.dhcp_fine_tmr
                0x08007a84       0xa8 liblwipcore.a(dhcp.c.obj)
                0x08007a84                dhcp_fine_tmr
 .text.dhcp_stop
                0x08007b2c        0x4 liblwipcore.a(dhcp.c.obj)
                0x08007b2c                dhcp_stop
 .text.dhcp_supplied_address
                0x08007b30       0x1c liblwipcore.a(dhcp.c.obj)
                0x08007b30                dhcp_supplied_address
 .text.sys_now  0x08007b4c        0x4 liblwipcore.a(sys_arch.c.obj)
                0x08007b4c                sys_now
 .text.lwip_standard_chksum
                0x08007b50       0x7c liblwipcore.a(inet_chksum.c.obj)
                0x08007b50                lwip_standard_chksum
 .text.inet_chksum_pseudo
                0x08007bcc       0x8c liblwipcore.a(inet_chksum.c.obj)
                0x08007bcc                inet_chksum_pseudo
 .text.ip_chksum_pseudo
                0x08007c58        0x4 liblwipcore.a(inet_chksum.c.obj)
                0x08007c58                ip_chksum_pseudo
 .text.inet_chksum
                0x08007c5c        0xc liblwipcore.a(inet_chksum.c.obj)
                0x08007c5c                inet_chksum
 .text.inet_chksum_pbuf
                0x08007c68       0x54 liblwipcore.a(inet_chksum.c.obj)
                0x08007c68                inet_chksum_pbuf
 .text.icmp_send_response
                0x08007cbc       0x84 liblwipcore.a(icmp.c.obj)
 .text.icmp_input
                0x08007d40      0x144 liblwipcore.a(icmp.c.obj)
                0x08007d40                icmp_input
 .text.icmp_dest_unreach
                0x08007e84        0x8 liblwipcore.a(icmp.c.obj)
                0x08007e84                icmp_dest_unreach
 .text.icmp_time_exceeded
                0x08007e8c        0x8 liblwipcore.a(icmp.c.obj)
                0x08007e8c                icmp_time_exceeded
 .text          0x08007e94       0x30 /usr/lib/gcc/arm-none-eabi/12.2.1/thumb/v7e-m+fp/hard/libgcc.a(_aeabi_uldivmod.o)
                0x08007e94                __aeabi_uldivmod
 .text          0x08007ec4      0x2bc /usr/lib/gcc/arm-none-eabi/12.2.1/thumb/v7e-m+fp/hard/libgcc.a(_udivmoddi4.o)
                0x08007ec4                __udivmoddi4
 .text          0x08008180        0x4 /usr/lib/gcc/arm-none-eabi/12.2.1/thumb/v7e-m+fp/hard/libgcc.a(_dvmd_tls.o)
                0x08008180                __aeabi_ldiv0
                0x08008180                __aeabi_idiv0
 .text          0x08008184       0x60 /usr/lib/gcc/arm-none-eabi/12.2.1/../../../arm-none-eabi/lib/thumb/v7e-m+fp/hard/libc.a(lib_a-memcmp.o)
                0x08008184                memcmp
 .text          0x080081e4      0x134 /usr/lib/gcc/arm-none-eabi/12.2.1/../../../arm-none-eabi/lib/thumb/v7e-m+fp/hard/libc.a(lib_a-memcpy.o)
                0x080081e4                memcpy
 .text          0x08008318       0xa4 /usr/lib/gcc/arm-none-eabi/12.2.1/../../../arm-none-eabi/lib/thumb/v7e-m+fp/hard/libc.a(lib_a-memset.o)
                0x08008318                memset
 .text          0x080083bc       0x50 /usr/lib/gcc/arm-none-eabi/12.2.1/../../../arm-none-eabi/lib/thumb/v7e-m+fp/hard/libc.a(lib_a-rand.o)
                0x080083bc                srand
                0x080083cc                rand
 *(.rodata*)
 .rodata.remora_udp_send_feedback_unicast.str1.4
                0x0800840c       0x14 CMakeFiles/XCORE407I_FIRMWARE.dir/home/marios/XCore407I-Firmware/Remora-OS6/Firmware/FirmwareSource/Remora-OS6/TARGET_XCORE407I/lwip/remora_udp.c.obj
 .rodata.soft_limit_max
                0x08008420       0x10 CMakeFiles/XCORE407I_FIRMWARE.dir/home/marios/XCore407I-Firmware/Remora-OS6/Firmware/FirmwareSource/Remora-OS6/TARGET_XCORE407I/motion_io.c.obj
 .rodata.soft_limit_min
                0x08008430       0x10 CMakeFiles/XCORE407I_FIRMWARE.dir/home/marios/XCore407I-Firmware/Remora-OS6/Firmware/FirmwareSource/Remora-OS6/TARGET_XCORE407I/motion_io.c.obj
 .rodata.homing_backoff_steps
                0x08008440       0x10 CMakeFiles/XCORE407I_FIRMWARE.dir/home/marios/XCore407I-Firmware/Remora-OS6/Firmware/FirmwareSource/Remora-OS6/TARGET_XCORE407I/homing.c.obj
 .rodata.homing_seek_speed
                0x08008450       0x10 CMakeFiles/XCORE407I_FIRMWARE.dir/home/marios/XCore407I-Firmware/Remora-OS6/Firmware/FirmwareSource/Remora-OS6/TARGET_XCORE407I/homing.c.obj
 .rodata.homing_dir
                0x08008460        0x4 CMakeFiles/XCORE407I_FIRMWARE.dir/home/marios/XCore407I-Firmware/Remora-OS6/Firmware/FirmwareSource/Remora-OS6/TARGET_XCORE407I/homing.c.obj
 .rodata.K.0    0x08008464      0x100 CMakeFiles/XCORE407I_FIRMWARE.dir/home/marios/XCore407I-Firmware/Remora-OS6/Firmware/FirmwareSource/Remora-OS6/TARGET_XCORE407I/auth.c.obj
 .rodata.AHBPrescTable
                0x08008564       0x10 CMakeFiles/XCORE407I_FIRMWARE.dir/home/marios/XCore407I-Firmware/st/STM32CubeF4/Drivers/CMSIS/Device/ST/STM32F4xx/Source/Templates/system_stm32f4xx.c.obj
                0x08008564                AHBPrescTable
 .rodata.memp_pools
                0x08008574       0x18 liblwipcore.a(memp.c.obj)
                0x08008574                memp_pools
 .rodata.memp_PBUF_POOL
                0x0800858c        0xc liblwipcore.a(memp.c.obj)
                0x0800858c                memp_PBUF_POOL
 .rodata.memp_PBUF
                0x08008598        0xc liblwipcore.a(memp.c.obj)
                0x08008598                memp_PBUF
 .rodata.memp_SYS_TIMEOUT
                0x080085a4        0xc liblwipcore.a(memp.c.obj)
                0x080085a4                memp_SYS_TIMEOUT
 .rodata.memp_FRAG_PBUF
                0x080085b0        0xc liblwipcore.a(memp.c.obj)
                0x080085b0                memp_FRAG_PBUF
 .rodata.memp_REASSDATA
                0x080085bc        0xc liblwipcore.a(memp.c.obj)
                0x080085bc                memp_REASSDATA
 .rodata.memp_UDP_PCB
                0x080085c8        0xc liblwipcore.a(memp.c.obj)
                0x080085c8                memp_UDP_PCB
 .rodata.lwip_cyclic_timers
                0x080085d4       0x20 liblwipcore.a(timeouts.c.obj)
                0x080085d4                lwip_cyclic_timers
 .rodata.ip_addr_broadcast
                0x080085f4        0x4 liblwipcore.a(ip4_addr.c.obj)
                0x080085f4                ip_addr_broadcast
 .rodata.ip_addr_any
                0x080085f8        0x4 liblwipcore.a(ip4_addr.c.obj)
                0x080085f8                ip_addr_any
 .rodata.ethzero
                0x080085fc        0x6 liblwipcore.a(ethernet.c.obj)
                0x080085fc                ethzero
 *fill*         0x08008602        0x2 
 .rodata.ethbroadcast
                0x08008604        0x6 liblwipcore.a(ethernet.c.obj)
                0x08008604                ethbroadcast
 *(.glue_7)
 .glue_7        0x0800860a        0x0 linker stubs
 *(.glue_7t)
 .glue_7t       0x0800860a        0x0 linker stubs
 *(.eh_frame)
 *(.ARM.extab*)
 *(.ARM.exidx*)
 *fill*         0x0800860a        0x2 
 .ARM.exidx     0x0800860c        0x8 /usr/lib/gcc/arm-none-eabi/12.2.1/thumb/v7e-m+fp/hard/libgcc.a(_udivmoddi4.o)

.vfp11_veneer   0x08008614        0x0
 .vfp11_veneer  0x08008614        0x0 linker stubs

.v4_bx          0x08008614        0x0
 .v4_bx         0x08008614        0x0 linker stubs

.iplt           0x08008614        0x0
 .iplt          0x08008614        0x0 CMakeFiles/XCORE407I_FIRMWARE.dir/startup_stm32f407xx.s.obj

.rel.dyn        0x08008614        0x0
 .rel.iplt      0x08008614        0x0 CMakeFiles/XCORE407I_FIRMWARE.dir/startup_stm32f407xx.s.obj

.ARM.extab
 *(.discard_arm_extab_dummy*)

.ARM.exidx
 *(.discard_arm_exidx_dummy*)

.preinit_array
 *(.preinit_array*)

.init_array
 *(.init_array*)

.fini_array
 *(.fini_array*)
                0x08008614                        _sidata = LOADADDR (.data)

.data           0x20000000      0x468 load address 0x08008614
                0x20000000                        _sdata = .
 *(.data*)
 .data.g_phy_addr
                0x20000000        0x2 CMakeFiles/XCORE407I_FIRMWARE.dir/home/marios/XCore407I-Firmware/Remora-OS6/Firmware/FirmwareSource/Remora-OS6/TARGET_XCORE407I/ethernet_init.c.obj
 .data.g_ext_telemetry_enabled
                0x20000002        0x1 CMakeFiles/XCORE407I_FIRMWARE.dir/home/marios/XCore407I-Firmware/Remora-OS6/Firmware/FirmwareSource/Remora-OS6/TARGET_XCORE407I/lwip/remora_udp.c.obj
 *fill*         0x20000003        0x1 
 .data.g_loop_interval_min
                0x20000004        0x4 CMakeFiles/XCORE407I_FIRMWARE.dir/home/marios/XCore407I-Firmware/Remora-OS6/Firmware/FirmwareSource/Remora-OS6/TARGET_XCORE407I/lwip/remora_udp.c.obj
 .data.SystemCoreClock
                0x20000008        0x4 CMakeFiles/XCORE407I_FIRMWARE.dir/home/marios/XCore407I-Firmware/st/STM32CubeF4/Drivers/CMSIS/Device/ST/STM32F4xx/Source/Templates/system_stm32f4xx.c.obj
                0x20000008                SystemCoreClock
 .data.uwTickFreq
                0x2000000c        0x1 CMakeFiles/XCORE407I_FIRMWARE.dir/home/marios/XCore407I-Firmware/st/STM32CubeF4/Drivers/STM32F4xx_HAL_Driver/Src/stm32f4xx_hal.c.obj
                0x2000000c                uwTickFreq
 *fill*         0x2000000d        0x3 
 .data.uwTickPrio
                0x20000010        0x4 CMakeFiles/XCORE407I_FIRMWARE.dir/home/marios/XCore407I-Firmware/st/STM32CubeF4/Drivers/STM32F4xx_HAL_Driver/Src/stm32f4xx_hal.c.obj
                0x20000010                uwTickPrio
 .data.pFlash   0x20000014       0x20 CMakeFiles/XCORE407I_FIRMWARE.dir/home/marios/XCore407I-Firmware/st/STM32CubeF4/Drivers/STM32F4xx_HAL_Driver/Src/stm32f4xx_hal_flash.c.obj
                0x20000014                pFlash
 .data.udp_port
                0x20000034        0x2 liblwipcore.a(udp.c.obj)
 *fill*         0x20000036        0x2 
 .data          0x20000038      0x430 /usr/lib/gcc/arm-none-eabi/12.2.1/../../../arm-none-eabi/lib/thumb/v7e-m+fp/hard/libc.a(lib_a-impure.o)
                0x20000038                _impure_ptr
 *(.ramfunc*)
                0x20000468                        _edata = .

.igot.plt       0x20000468        0x0 load address 0x08008a7c
 .igot.plt      0x20000468        0x0 CMakeFiles/XCORE407I_FIRMWARE.dir/startup_stm32f407xx.s.obj

.ram            0x20000468      0x140 load address 0x08008a7c
 .ram           0x20000468      0x140 CMakeFiles/XCORE407I_FIRMWARE.dir/home/marios/XCore407I-Firmware/Remora-OS6/Firmware/FirmwareSource/Remora-OS6/TARGET_XCORE407I/ethernet_init.c.obj

.ccm_data       0x10000000        0x0
                0x10000000                        _sccm = .
 *(.ccmram*)
                0x10000000                        _eccm = .

.bss            0x200005a8     0x9368 load address 0x08008bc0
                0x200005a8                        _sbss = .
 *(.bss*)
 .bss._ZZ4mainE5phase
                0x200005a8        0x1 CMakeFiles/XCORE407I_FIRMWARE.dir/home/marios/XCore407I-Firmware/Remora-OS6/Firmware/FirmwareSource/Remora-OS6/TARGET_XCORE407I/main_xcore407i.cpp.obj
 *fill*         0x200005a9        0x3 
 .bss.idx.0     0x200005ac        0x4 CMakeFiles/XCORE407I_FIRMWARE.dir/home/marios/XCore407I-Firmware/Remora-OS6/Firmware/FirmwareSource/Remora-OS6/TARGET_XCORE407I/ethernet_init.c.obj
 .bss.g_phy_reg_snapshot
                0x200005b0       0x10 CMakeFiles/XCORE407I_FIRMWARE.dir/home/marios/XCore407I-Firmware/Remora-OS6/Firmware/FirmwareSource/Remora-OS6/TARGET_XCORE407I/ethernet_init.c.obj
 .bss.Rx_Buff   0x200005c0     0x17d0 CMakeFiles/XCORE407I_FIRMWARE.dir/home/marios/XCore407I-Firmware/Remora-OS6/Firmware/FirmwareSource/Remora-OS6/TARGET_XCORE407I/ethernet_init.c.obj
 .bss.g_phy_physts
                0x20001d90        0x2 CMakeFiles/XCORE407I_FIRMWARE.dir/home/marios/XCore407I-Firmware/Remora-OS6/Firmware/FirmwareSource/Remora-OS6/TARGET_XCORE407I/ethernet_init.c.obj
 .bss.g_forced_mode
                0x20001d92        0x1 CMakeFiles/XCORE407I_FIRMWARE.dir/home/marios/XCore407I-Firmware/Remora-OS6/Firmware/FirmwareSource/Remora-OS6/TARGET_XCORE407I/ethernet_init.c.obj
 *fill*         0x20001d93        0x1 
 .bss.g_phy_scan_bitmap
                0x20001d94        0x4 CMakeFiles/XCORE407I_FIRMWARE.dir/home/marios/XCore407I-Firmware/Remora-OS6/Firmware/FirmwareSource/Remora-OS6/TARGET_XCORE407I/ethernet_init.c.obj
 .bss.heth      0x20001d98       0xb0 CMakeFiles/XCORE407I_FIRMWARE.dir/home/marios/XCore407I-Firmware/Remora-OS6/Firmware/FirmwareSource/Remora-OS6/TARGET_XCORE407I/ethernet_init.c.obj
                0x20001d98                heth
 .bss.txData    0x20001e48      0x100 CMakeFiles/XCORE407I_FIRMWARE.dir/home/marios/XCore407I-Firmware/Remora-OS6/Firmware/FirmwareSource/Remora-OS6/TARGET_XCORE407I/remora_data.c.obj
                0x20001e48                txData
 .bss.rxData    0x20001f48      0x100 CMakeFiles/XCORE407I_FIRMWARE.dir/home/marios/XCore407I-Firmware/Remora-OS6/Firmware/FirmwareSource/Remora-OS6/TARGET_XCORE407I/remora_data.c.obj
                0x20001f48                rxData
 .bss.last_link_check.0
                0x20002048        0x4 CMakeFiles/XCORE407I_FIRMWARE.dir/home/marios/XCore407I-Firmware/Remora-OS6/Firmware/FirmwareSource/Remora-OS6/TARGET_XCORE407I/lwip/ethernetif.c.obj
 .bss.eth_stats
                0x2000204c       0x18 CMakeFiles/XCORE407I_FIRMWARE.dir/home/marios/XCore407I-Firmware/Remora-OS6/Firmware/FirmwareSource/Remora-OS6/TARGET_XCORE407I/lwip/ethernetif.c.obj
 .bss.g_netif   0x20002064       0x30 CMakeFiles/XCORE407I_FIRMWARE.dir/home/marios/XCore407I-Firmware/Remora-OS6/Firmware/FirmwareSource/Remora-OS6/TARGET_XCORE407I/lwip/lwip_port.c.obj
 .bss.g_dhcp_start_tick
                0x20002094        0x4 CMakeFiles/XCORE407I_FIRMWARE.dir/home/marios/XCore407I-Firmware/Remora-OS6/Firmware/FirmwareSource/Remora-OS6/TARGET_XCORE407I/lwip/lwip_port.c.obj
 .bss.g_dhcp_attempt
                0x20002098        0x1 CMakeFiles/XCORE407I_FIRMWARE.dir/home/marios/XCore407I-Firmware/Remora-OS6/Firmware/FirmwareSource/Remora-OS6/TARGET_XCORE407I/lwip/lwip_port.c.obj
 .bss.g_dhcp_active
                0x20002099        0x1 CMakeFiles/XCORE407I_FIRMWARE.dir/home/marios/XCore407I-Firmware/Remora-OS6/Firmware/FirmwareSource/Remora-OS6/TARGET_XCORE407I/lwip/lwip_port.c.obj
 .bss.last_client_port
                0x2000209a        0x2 CMakeFiles/XCORE407I_FIRMWARE.dir/home/marios/XCore407I-Firmware/Remora-OS6/Firmware/FirmwareSource/Remora-OS6/TARGET_XCORE407I/lwip/remora_udp.c.obj
 .bss.last_client_ip
                0x2000209c        0x4 CMakeFiles/XCORE407I_FIRMWARE.dir/home/marios/XCore407I-Firmware/Remora-OS6/Firmware/FirmwareSource/Remora-OS6/TARGET_XCORE407I/lwip/remora_udp.c.obj
 .bss.g_last_feedback_tick
                0x200020a0        0x4 CMakeFiles/XCORE407I_FIRMWARE.dir/home/marios/XCore407I-Firmware/Remora-OS6/Firmware/FirmwareSource/Remora-OS6/TARGET_XCORE407I/lwip/remora_udp.c.obj
 .bss.g_loop_interval_max
                0x200020a4        0x4 CMakeFiles/XCORE407I_FIRMWARE.dir/home/marios/XCore407I-Firmware/Remora-OS6/Firmware/FirmwareSource/Remora-OS6/TARGET_XCORE407I/lwip/remora_udp.c.obj
 .bss.g_loop_interval_last
                0x200020a8        0x4 CMakeFiles/XCORE407I_FIRMWARE.dir/home/marios/XCore407I-Firmware/Remora-OS6/Firmware/FirmwareSource/Remora-OS6/TARGET_XCORE407I/lwip/remora_udp.c.obj
 .bss.g_estop_edge_count
                0x200020ac        0x4 CMakeFiles/XCORE407I_FIRMWARE.dir/home/marios/XCore407I-Firmware/Remora-OS6/Firmware/FirmwareSource/Remora-OS6/TARGET_XCORE407I/lwip/remora_udp.c.obj
 .bss.g_auth_failure_count
                0x200020b0        0x4 CMakeFiles/XCORE407I_FIRMWARE.dir/home/marios/XCore407I-Firmware/Remora-OS6/Firmware/FirmwareSource/Remora-OS6/TARGET_XCORE407I/lwip/remora_udp.c.obj
 .bss.g_crc_error_count
                0x200020b4        0x4 CMakeFiles/XCORE407I_FIRMWARE.dir/home/marios/XCore407I-Firmware/Remora-OS6/Firmware/FirmwareSource/Remora-OS6/TARGET_XCORE407I/lwip/remora_udp.c.obj
 .bss.failsafe_active
                0x200020b8        0x1 CMakeFiles/XCORE407I_FIRMWARE.dir/home/marios/XCore407I-Firmware/Remora-OS6/Firmware/FirmwareSource/Remora-OS6/TARGET_XCORE407I/lwip/remora_udp.c.obj
 *fill*         0x200020b9        0x3 
 .bss.last_rx_tick
                0x200020bc        0x4 CMakeFiles/XCORE407I_FIRMWARE.dir/home/marios/XCore407I-Firmware/Remora-OS6/Firmware/FirmwareSource/Remora-OS6/TARGET_XCORE407I/lwip/remora_udp.c.obj
 .bss.heartbeat_counter
                0x200020c0        0x4 CMakeFiles/XCORE407I_FIRMWARE.dir/home/marios/XCore407I-Firmware/Remora-OS6/Firmware/FirmwareSource/Remora-OS6/TARGET_XCORE407I/lwip/remora_udp.c.obj
 .bss.rx_seq_gap_count
                0x200020c4        0x4 CMakeFiles/XCORE407I_FIRMWARE.dir/home/marios/XCore407I-Firmware/Remora-OS6/Firmware/FirmwareSource/Remora-OS6/TARGET_XCORE407I/lwip/remora_udp.c.obj
 .bss.rx_seq_last
                0x200020c8        0x4 CMakeFiles/XCORE407I_FIRMWARE.dir/home/marios/XCore407I-Firmware/Remora-OS6/Firmware/FirmwareSource/Remora-OS6/TARGET_XCORE407I/lwip/remora_udp.c.obj
 .bss.tx_seq    0x200020cc        0x4 CMakeFiles/XCORE407I_FIRMWARE.dir/home/marios/XCore407I-Firmware/Remora-OS6/Firmware/FirmwareSource/Remora-OS6/TARGET_XCORE407I/lwip/remora_udp.c.obj
 .bss.remora_pcb
                0x200020d0        0x4 CMakeFiles/XCORE407I_FIRMWARE.dir/home/marios/XCore407I-Firmware/Remora-OS6/Firmware/FirmwareSource/Remora-OS6/TARGET_XCORE407I/lwip/remora_udp.c.obj
 *fill*         0x200020d4        0x4 
 .bss.htim8     0x200020d8       0x48 CMakeFiles/XCORE407I_FIRMWARE.dir/home/marios/XCore407I-Firmware/Remora-OS6/Firmware/FirmwareSource/Remora-OS6/TARGET_XCORE407I/stepgen.c.obj
                0x200020d8                htim8
 .bss.htim3     0x20002120       0x48 CMakeFiles/XCORE407I_FIRMWARE.dir/home/marios/XCore407I-Firmware/Remora-OS6/Firmware/FirmwareSource/Remora-OS6/TARGET_XCORE407I/stepgen.c.obj
                0x20002120                htim3
 .bss.htim4     0x20002168       0x48 CMakeFiles/XCORE407I_FIRMWARE.dir/home/marios/XCore407I-Firmware/Remora-OS6/Firmware/FirmwareSource/Remora-OS6/TARGET_XCORE407I/stepgen.c.obj
                0x20002168                htim4
 .bss.limit_mask
                0x200021b0        0x4 CMakeFiles/XCORE407I_FIRMWARE.dir/home/marios/XCore407I-Firmware/Remora-OS6/Firmware/FirmwareSource/Remora-OS6/TARGET_XCORE407I/motion_io.c.obj
 .bss.estop_active
                0x200021b4        0x4 CMakeFiles/XCORE407I_FIRMWARE.dir/home/marios/XCore407I-Firmware/Remora-OS6/Firmware/FirmwareSource/Remora-OS6/TARGET_XCORE407I/motion_io.c.obj
 .bss.motion_fault_mask
                0x200021b8        0x4 CMakeFiles/XCORE407I_FIRMWARE.dir/home/marios/XCore407I-Firmware/Remora-OS6/Firmware/FirmwareSource/Remora-OS6/TARGET_XCORE407I/motion_io.c.obj
 .bss.last_tick_ms
                0x200021bc        0x4 CMakeFiles/XCORE407I_FIRMWARE.dir/home/marios/XCore407I-Firmware/Remora-OS6/Firmware/FirmwareSource/Remora-OS6/TARGET_XCORE407I/jog.c.obj
 .bss.jog_axes  0x200021c0       0x50 CMakeFiles/XCORE407I_FIRMWARE.dir/home/marios/XCore407I-Firmware/Remora-OS6/Firmware/FirmwareSource/Remora-OS6/TARGET_XCORE407I/jog.c.obj
 .bss.homed_mask
                0x20002210        0x4 CMakeFiles/XCORE407I_FIRMWARE.dir/home/marios/XCore407I-Firmware/Remora-OS6/Firmware/FirmwareSource/Remora-OS6/TARGET_XCORE407I/homing.c.obj
 .bss.axes      0x20002214       0x50 CMakeFiles/XCORE407I_FIRMWARE.dir/home/marios/XCore407I-Firmware/Remora-OS6/Firmware/FirmwareSource/Remora-OS6/TARGET_XCORE407I/homing.c.obj
 .bss.g_dirty   0x20002264        0x4 CMakeFiles/XCORE407I_FIRMWARE.dir/home/marios/XCore407I-Firmware/Remora-OS6/Firmware/FirmwareSource/Remora-OS6/TARGET_XCORE407I/config_store.c.obj
 .bss.g_loaded  0x20002268        0x4 CMakeFiles/XCORE407I_FIRMWARE.dir/home/marios/XCore407I-Firmware/Remora-OS6/Firmware/FirmwareSource/Remora-OS6/TARGET_XCORE407I/config_store.c.obj
 *fill*         0x2000226c        0x4 
 .bss.g_cfg     0x20002270       0x54 CMakeFiles/XCORE407I_FIRMWARE.dir/home/marios/XCore407I-Firmware/Remora-OS6/Firmware/FirmwareSource/Remora-OS6/TARGET_XCORE407I/config_store.c.obj
 *fill*         0x200022c4        0x4 
 .bss.henc2     0x200022c8       0x48 CMakeFiles/XCORE407I_FIRMWARE.dir/home/marios/XCore407I-Firmware/Remora-OS6/Firmware/FirmwareSource/Remora-OS6/TARGET_XCORE407I/encoder.c.obj
 .bss.henc1     0x20002310       0x48 CMakeFiles/XCORE407I_FIRMWARE.dir/home/marios/XCore407I-Firmware/Remora-OS6/Firmware/FirmwareSource/Remora-OS6/TARGET_XCORE407I/encoder.c.obj
 .bss.henc3     0x20002358       0x48 CMakeFiles/XCORE407I_FIRMWARE.dir/home/marios/XCore407I-Firmware/Remora-OS6/Firmware/FirmwareSource/Remora-OS6/TARGET_XCORE407I/encoder.c.obj
 .bss.g_key_len
                0x200023a0        0x4 CMakeFiles/XCORE407I_FIRMWARE.dir/home/marios/XCore407I-Firmware/Remora-OS6/Firmware/FirmwareSource/Remora-OS6/TARGET_XCORE407I/auth.c.obj
 .bss.g_key     0x200023a4       0x20 CMakeFiles/XCORE407I_FIRMWARE.dir/home/marios/XCore407I-Firmware/Remora-OS6/Firmware/FirmwareSource/Remora-OS6/TARGET_XCORE407I/auth.c.obj
 .bss.uwTick    0x200023c4        0x4 CMakeFiles/XCORE407I_FIRMWARE.dir/home/marios/XCore407I-Firmware/st/STM32CubeF4/Drivers/STM32F4xx_HAL_Driver/Src/stm32f4xx_hal.c.obj
                0x200023c4                uwTick
 .bss.lfree     0x200023c8        0x4 liblwipcore.a(mem.c.obj)
 .bss.ram_end   0x200023cc        0x4 liblwipcore.a(mem.c.obj)
 .bss.ram       0x200023d0        0x4 liblwipcore.a(mem.c.obj)
 .bss.ram_heap  0x200023d4     0x400c liblwipcore.a(mem.c.obj)
                0x200023d4                ram_heap
 .bss.memp_tab_PBUF_POOL
                0x200063e0        0x4 liblwipcore.a(memp.c.obj)
 .bss.memp_memory_PBUF_POOL_base
                0x200063e4     0x3080 liblwipcore.a(memp.c.obj)
                0x200063e4                memp_memory_PBUF_POOL_base
 .bss.memp_tab_PBUF
                0x20009464        0x4 liblwipcore.a(memp.c.obj)
 .bss.memp_memory_PBUF_base
                0x20009468      0x100 liblwipcore.a(memp.c.obj)
                0x20009468                memp_memory_PBUF_base
 .bss.memp_tab_SYS_TIMEOUT
                0x20009568        0x4 liblwipcore.a(memp.c.obj)
 .bss.memp_memory_SYS_TIMEOUT_base
                0x2000956c       0x40 liblwipcore.a(memp.c.obj)
                0x2000956c                memp_memory_SYS_TIMEOUT_base
 .bss.memp_tab_FRAG_PBUF
                0x200095ac        0x4 liblwipcore.a(memp.c.obj)
 .bss.memp_memory_FRAG_PBUF_base
                0x200095b0      0x168 liblwipcore.a(memp.c.obj)
                0x200095b0                memp_memory_FRAG_PBUF_base
 .bss.memp_tab_REASSDATA
                0x20009718        0x4 liblwipcore.a(memp.c.obj)
 .bss.memp_memory_REASSDATA_base
                0x2000971c       0xa0 liblwipcore.a(memp.c.obj)
                0x2000971c                memp_memory_REASSDATA_base
 .bss.memp_tab_UDP_PCB
                0x200097bc        0x4 liblwipcore.a(memp.c.obj)
 .bss.memp_memory_UDP_PCB_base
                0x200097c0       0x80 liblwipcore.a(memp.c.obj)
                0x200097c0                memp_memory_UDP_PCB_base
 .bss.netif_num
                0x20009840        0x1 liblwipcore.a(netif.c.obj)
 *fill*         0x20009841        0x3 
 .bss.netif_default
                0x20009844        0x4 liblwipcore.a(netif.c.obj)
                0x20009844                netif_default
 .bss.netif_list
                0x20009848        0x4 liblwipcore.a(netif.c.obj)
                0x20009848                netif_list
 .bss.current_timeout_due_time
                0x2000984c        0x4 liblwipcore.a(timeouts.c.obj)
 .bss.next_timeout
                0x20009850        0x4 liblwipcore.a(timeouts.c.obj)
 .bss.ip_id     0x20009854        0x2 liblwipcore.a(ip4.c.obj)
 .bss.ip_reass_pbufcount
                0x20009856        0x2 liblwipcore.a(ip4_frag.c.obj)
 .bss.reassdatagrams
                0x20009858        0x4 liblwipcore.a(ip4_frag.c.obj)
 .bss.etharp_cached_entry
                0x2000985c        0x1 liblwipcore.a(etharp.c.obj)
 *fill*         0x2000985d        0x3 
 .bss.arp_table
                0x20009860       0x60 liblwipcore.a(etharp.c.obj)
 .bss.udp_pcbs  0x200098c0        0x4 liblwipcore.a(udp.c.obj)
                0x200098c0                udp_pcbs
 .bss.xid.0     0x200098c4        0x4 liblwipcore.a(dhcp.c.obj)
 .bss.dhcp_pcb_refcount
                0x200098c8        0x1 liblwipcore.a(dhcp.c.obj)
 *fill*         0x200098c9        0x3 
 .bss.dhcp_pcb  0x200098cc        0x4 liblwipcore.a(dhcp.c.obj)
 .bss.dhcp_rx_options_given
                0x200098d0        0x8 liblwipcore.a(dhcp.c.obj)
                0x200098d0                dhcp_rx_options_given
 .bss.dhcp_rx_options_val
                0x200098d8       0x20 liblwipcore.a(dhcp.c.obj)
                0x200098d8                dhcp_rx_options_val
 .bss.ip_data   0x200098f8       0x18 liblwipcore.a(ip.c.obj)
                0x200098f8                ip_data
 *(COMMON)
                0x20009910                        _ebss = .

._user_heap_stack
                0x20009910     0x1800 load address 0x08011f28
                [!provide]                        PROVIDE (end = .)
                0x20009910                        PROVIDE (_end = .)
                0x2000a910                        . = (. + 0x1000)
 *fill*         0x20009910     0x1000 
                0x2000b110                        . = (. + 0x800)
 *fill*         0x2000a910      0x800 
OUTPUT(XCORE407I_FIRMWARE elf32-littlearm)
LOAD linker stubs

.ARM.attributes
                0x00000000       0x35
 .ARM.attributes
                0x00000000       0x25 CMakeFiles/XCORE407I_FIRMWARE.dir/startup_stm32f407xx.s.obj
 .ARM.attributes
                0x00000025       0x34 CMakeFiles/XCORE407I_FIRMWARE.dir/home/marios/XCore407I-Firmware/Remora-OS6/Firmware/FirmwareSource/Remora-OS6/TARGET_XCORE407I/main_xcore407i.cpp.obj
 .ARM.attributes
                0x00000059       0x34 CMakeFiles/XCORE407I_FIRMWARE.dir/home/marios/XCore407I-Firmware/Remora-OS6/Firmware/FirmwareSource/Remora-OS6/TARGET_XCORE407I/system_clock.c.obj
 .ARM.attributes
                0x0000008d       0x34 CMakeFiles/XCORE407I_FIRMWARE.dir/home/marios/XCore407I-Firmware/Remora-OS6/Firmware/FirmwareSource/Remora-OS6/TARGET_XCORE407I/ethernet_init.c.obj
 .ARM.attributes
                0x000000c1       0x34 CMakeFiles/XCORE407I_FIRMWARE.dir/home/marios/XCore407I-Firmware/Remora-OS6/Firmware/FirmwareSource/Remora-OS6/TARGET_XCORE407I/remora_data.c.obj
 .ARM.attributes
                0x000000f5       0x34 CMakeFiles/XCORE407I_FIRMWARE.dir/home/marios/XCore407I-Firmware/Remora-OS6/Firmware/FirmwareSource/Remora-OS6/TARGET_XCORE407I/lwip/ethernetif.c.obj
 .ARM.attributes
                0x00000129       0x34 CMakeFiles/XCORE407I_FIRMWARE.dir/home/marios/XCore407I-Firmware/Remora-OS6/Firmware/FirmwareSource/Remora-OS6/TARGET_XCORE407I/lwip/lwip_port.c.obj
 .ARM.attributes
                0x0000015d       0x34 CMakeFiles/XCORE407I_FIRMWARE.dir/home/marios/XCore407I-Firmware/Remora-OS6/Firmware/FirmwareSource/Remora-OS6/TARGET_XCORE407I/lwip/remora_udp.c.obj
 .ARM.attributes
                0x00000191       0x34 CMakeFiles/XCORE407I_FIRMWARE.dir/home/marios/XCore407I-Firmware/Remora-OS6/Firmware/FirmwareSource/Remora-OS6/TARGET_XCORE407I/stepgen.c.obj
 .ARM.attributes
                0x000001c5       0x34 CMakeFiles/XCORE407I_FIRMWARE.dir/home/marios/XCore407I-Firmware/Remora-OS6/Firmware/FirmwareSource/Remora-OS6/TARGET_XCORE407I/motion_io.c.obj
 .ARM.attributes
                0x000001f9       0x34 CMakeFiles/XCORE407I_FIRMWARE.dir/home/marios/XCore407I-Firmware/Remora-OS6/Firmware/FirmwareSource/Remora-OS6/TARGET_XCORE407I/jog.c.obj
 .ARM.attributes
                0x0000022d       0x34 CMakeFiles/XCORE407I_FIRMWARE.dir/home/marios/XCore407I-Firmware/Remora-OS6/Firmware/FirmwareSource/Remora-OS6/TARGET_XCORE407I/homing.c.obj
 .ARM.attributes
                0x00000261       0x34 CMakeFiles/XCORE407I_FIRMWARE.dir/home/marios/XCore407I-Firmware/Remora-OS6/Firmware/FirmwareSource/Remora-OS6/TARGET_XCORE407I/config_store.c.obj
 .ARM.attributes
                0x00000295       0x34 CMakeFiles/XCORE407I_FIRMWARE.dir/home/marios/XCore407I-Firmware/Remora-OS6/Firmware/FirmwareSource/Remora-OS6/TARGET_XCORE407I/encoder.c.obj
 .ARM.attributes
                0x000002c9       0x34 CMakeFiles/XCORE407I_FIRMWARE.dir/home/marios/XCore407I-Firmware/Remora-OS6/Firmware/FirmwareSource/Remora-OS6/TARGET_XCORE407I/auth.c.obj
 .ARM.attributes
                0x000002fd       0x34 CMakeFiles/XCORE407I_FIRMWARE.dir/home/marios/XCore407I-Firmware/st/STM32CubeF4/Drivers/CMSIS/Device/ST/STM32F4xx/Source/Templates/system_stm32f4xx.c.obj
 .ARM.attributes
                0x00000331       0x34 CMakeFiles/XCORE407I_FIRMWARE.dir/home/marios/XCore407I-Firmware/st/STM32CubeF4/Drivers/STM32F4xx_HAL_Driver/Src/stm32f4xx_hal.c.obj
 .ARM.attributes
                0x00000365       0x34 CMakeFiles/XCORE407I_FIRMWARE.dir/home/marios/XCore407I-Firmware/st/STM32CubeF4/Drivers/STM32F4xx_HAL_Driver/Src/stm32f4xx_hal_rcc.c.obj
 .ARM.attributes
                0x00000399       0x34 CMakeFiles/XCORE407I_FIRMWARE.dir/home/marios/XCore407I-Firmware/st/STM32CubeF4/Drivers/STM32F4xx_HAL_Driver/Src/stm32f4xx_hal_rcc_ex.c.obj
 .ARM.attributes
                0x000003cd       0x34 CMakeFiles/XCORE407I_FIRMWARE.dir/home/marios/XCore407I-Firmware/st/STM32CubeF4/Drivers/STM32F4xx_HAL_Driver/Src/stm32f4xx_hal_gpio.c.obj
 .ARM.attributes
                0x00000401       0x34 CMakeFiles/XCORE407I_FIRMWARE.dir/home/marios/XCore407I-Firmware/st/STM32CubeF4/Drivers/STM32F4xx_HAL_Driver/Src/stm32f4xx_hal_cortex.c.obj
 .ARM.attributes
                0x00000435       0x34 CMakeFiles/XCORE407I_FIRMWARE.dir/home/marios/XCore407I-Firmware/st/STM32CubeF4/Drivers/STM32F4xx_HAL_Driver/Src/stm32f4xx_hal_flash.c.obj
 .ARM.attributes
                0x00000469       0x34 CMakeFiles/XCORE407I_FIRMWARE.dir/home/marios/XCore407I-Firmware/st/STM32CubeF4/Drivers/STM32F4xx_HAL_Driver/Src/stm32f4xx_hal_flash_ex.c.obj
 .ARM.attributes
                0x0000049d       0x34 CMakeFiles/XCORE407I_FIRMWARE.dir/home/marios/XCore407I-Firmware/st/STM32CubeF4/Drivers/STM32F4xx_HAL_Driver/Src/stm32f4xx_hal_eth.c.obj
 .ARM.attributes
                0x000004d1       0x34 CMakeFiles/XCORE407I_FIRMWARE.dir/home/marios/XCore407I-Firmware/st/STM32CubeF4/Drivers/STM32F4xx_HAL_Driver/Src/stm32f4xx_hal_tim.c.obj
 .ARM.attributes
                0x00000505       0x34 liblwipcore.a(init.c.obj)
 .ARM.attributes
                0x00000539       0x34 liblwipcore.a(mem.c.obj)
 .ARM.attributes
                0x0000056d       0x34 liblwipcore.a(memp.c.obj)
 .ARM.attributes
                0x000005a1       0x34 liblwipcore.a(netif.c.obj)
 .ARM.attributes
                0x000005d5       0x34 liblwipcore.a(pbuf.c.obj)
 .ARM.attributes
                0x00000609       0x34 liblwipcore.a(timeouts.c.obj)
 .ARM.attributes
                0x0000063d       0x34 liblwipcore.a(def.c.obj)
 .ARM.attributes
                0x00000671       0x34 liblwipcore.a(ip4_addr.c.obj)
 .ARM.attributes
                0x000006a5       0x34 liblwipcore.a(ip4.c.obj)
 .ARM.attributes
                0x000006d9       0x34 liblwipcore.a(ip4_frag.c.obj)
 .ARM.attributes
                0x0000070d       0x34 liblwipcore.a(etharp.c.obj)
 .ARM.attributes
                0x00000741       0x34 liblwipcore.a(udp.c.obj)
 .ARM.attributes
                0x00000775       0x34 liblwipcore.a(ethernet.c.obj)
 .ARM.attributes
                0x000007a9       0x34 liblwipcore.a(dhcp.c.obj)
 .ARM.attributes
                0x000007dd       0x34 liblwipcore.a(sys_arch.c.obj)
 .ARM.attributes
                0x00000811       0x34 liblwipcore.a(ip.c.obj)
 .ARM.attributes
                0x00000845       0x34 liblwipcore.a(inet_chksum.c.obj)
 .ARM.attributes
                0x00000879       0x34 liblwipcore.a(icmp.c.obj)
 .ARM.attributes
                0x000008ad       0x22 /usr/lib/gcc/arm-none-eabi/12.2.1/thumb/v7e-m+fp/hard/libgcc.a(_aeabi_uldivmod.o)
 .ARM.attributes
                0x000008cf       0x34 /usr/lib/gcc/arm-none-eabi/12.2.1/thumb/v7e-m+fp/hard/libgcc.a(_udivmoddi4.o)
 .ARM.attributes
                0x00000903       0x22 /usr/lib/gcc/arm-none-eabi/12.2.1/thumb/v7e-m+fp/hard/libgcc.a(_dvmd_tls.o)
 .ARM.attributes
                0x00000925       0x34 /usr/lib/gcc/arm-none-eabi/12.2.1/../../../arm-none-eabi/lib/thumb/v7e-m+fp/hard/libc.a(lib_a-impure.o)
 .ARM.attributes
                0x00000959       0x34 /usr/lib/gcc/arm-none-eabi/12.2.1/../../../arm-none-eabi/lib/thumb/v7e-m+fp/hard/libc.a(lib_a-memcmp.o)
 .ARM.attributes
                0x0000098d       0x20 /usr/lib/gcc/arm-none-eabi/12.2.1/../../../arm-none-eabi/lib/thumb/v7e-m+fp/hard/libc.a(lib_a-memcpy.o)
 .ARM.attributes
                0x000009ad       0x34 /usr/lib/gcc/arm-none-eabi/12.2.1/../../../arm-none-eabi/lib/thumb/v7e-m+fp/hard/libc.a(lib_a-memset.o)
 .ARM.attributes
                0x000009e1       0x34 /usr/lib/gcc/arm-none-eabi/12.2.1/../../../arm-none-eabi/lib/thumb/v7e-m+fp/hard/libc.a(lib_a-rand.o)

.comment        0x00000000       0x26
 .comment       0x00000000       0x26 CMakeFiles/XCORE407I_FIRMWARE.dir/home/marios/XCore407I-Firmware/Remora-OS6/Firmware/FirmwareSource/Remora-OS6/TARGET_XCORE407I/main_xcore407i.cpp.obj
                                 0x27 (size before relaxing)
 .comment       0x00000026       0x27 CMakeFiles/XCORE407I_FIRMWARE.dir/home/marios/XCore407I-Firmware/Remora-OS6/Firmware/FirmwareSource/Remora-OS6/TARGET_XCORE407I/system_clock.c.obj
 .comment       0x00000026       0x27 CMakeFiles/XCORE407I_FIRMWARE.dir/home/marios/XCore407I-Firmware/Remora-OS6/Firmware/FirmwareSource/Remora-OS6/TARGET_XCORE407I/ethernet_init.c.obj
 .comment       0x00000026       0x27 CMakeFiles/XCORE407I_FIRMWARE.dir/home/marios/XCore407I-Firmware/Remora-OS6/Firmware/FirmwareSource/Remora-OS6/TARGET_XCORE407I/remora_data.c.obj
 .comment       0x00000026       0x27 CMakeFiles/XCORE407I_FIRMWARE.dir/home/marios/XCore407I-Firmware/Remora-OS6/Firmware/FirmwareSource/Remora-OS6/TARGET_XCORE407I/lwip/ethernetif.c.obj
 .comment       0x00000026       0x27 CMakeFiles/XCORE407I_FIRMWARE.dir/home/marios/XCore407I-Firmware/Remora-OS6/Firmware/FirmwareSource/Remora-OS6/TARGET_XCORE407I/lwip/lwip_port.c.obj
 .comment       0x00000026       0x27 CMakeFiles/XCORE407I_FIRMWARE.dir/home/marios/XCore407I-Firmware/Remora-OS6/Firmware/FirmwareSource/Remora-OS6/TARGET_XCORE407I/lwip/remora_udp.c.obj
 .comment       0x00000026       0x27 CMakeFiles/XCORE407I_FIRMWARE.dir/home/marios/XCore407I-Firmware/Remora-OS6/Firmware/FirmwareSource/Remora-OS6/TARGET_XCORE407I/stepgen.c.obj
 .comment       0x00000026       0x27 CMakeFiles/XCORE407I_FIRMWARE.dir/home/marios/XCore407I-Firmware/Remora-OS6/Firmware/FirmwareSource/Remora-OS6/TARGET_XCORE407I/motion_io.c.obj
 .comment       0x00000026       0x27 CMakeFiles/XCORE407I_FIRMWARE.dir/home/marios/XCore407I-Firmware/Remora-OS6/Firmware/FirmwareSource/Remora-OS6/TARGET_XCORE407I/jog.c.obj
 .comment       0x00000026       0x27 CMakeFiles/XCORE407I_FIRMWARE.dir/home/marios/XCore407I-Firmware/Remora-OS6/Firmware/FirmwareSource/Remora-OS6/TARGET_XCORE407I/homing.c.obj
 .comment       0x00000026       0x27 CMakeFiles/XCORE407I_FIRMWARE.dir/home/marios/XCore407I-Firmware/Remora-OS6/Firmware/FirmwareSource/Remora-OS6/TARGET_XCORE407I/config_store.c.obj
 .comment       0x00000026       0x27 CMakeFiles/XCORE407I_FIRMWARE.dir/home/marios/XCore407I-Firmware/Remora-OS6/Firmware/FirmwareSource/Remora-OS6/TARGET_XCORE407I/encoder.c.obj
 .comment       0x00000026       0x27 CMakeFiles/XCORE407I_FIRMWARE.dir/home/marios/XCore407I-Firmware/Remora-OS6/Firmware/FirmwareSource/Remora-OS6/TARGET_XCORE407I/auth.c.obj
 .comment       0x00000026       0x27 CMakeFiles/XCORE407I_FIRMWARE.dir/home/marios/XCore407I-Firmware/st/STM32CubeF4/Drivers/CMSIS/Device/ST/STM32F4xx/Source/Templates/system_stm32f4xx.c.obj
 .comment       0x00000026       0x27 CMakeFiles/XCORE407I_FIRMWARE.dir/home/marios/XCore407I-Firmware/st/STM32CubeF4/Drivers/STM32F4xx_HAL_Driver/Src/stm32f4xx_hal.c.obj
 .comment       0x00000026       0x27 CMakeFiles/XCORE407I_FIRMWARE.dir/home/marios/XCore407I-Firmware/st/STM32CubeF4/Drivers/STM32F4xx_HAL_Driver/Src/stm32f4xx_hal_rcc.c.obj
 .comment       0x00000026       0x27 CMakeFiles/XCORE407I_FIRMWARE.dir/home/marios/XCore407I-Firmware/st/STM32CubeF4/Drivers/STM32F4xx_HAL_Driver/Src/stm32f4xx_hal_rcc_ex.c.obj
 .comment       0x00000026       0x27 CMakeFiles/XCORE407I_FIRMWARE.dir/home/marios/XCore407I-Firmware/st/STM32CubeF4/Drivers/STM32F4xx_HAL_Driver/Src/stm32f4xx_hal_gpio.c.obj
 .comment       0x00000026       0x27 CMakeFiles/XCORE407I_FIRMWARE.dir/home/marios/XCore407I-Firmware/st/STM32CubeF4/Drivers/STM32F4xx_HAL_Driver/Src/stm32f4xx_hal_cortex.c.obj
 .comment       0x00000026       0x27 CMakeFiles/XCORE407I_FIRMWARE.dir/home/marios/XCore407I-Firmware/st/STM32CubeF4/Drivers/STM32F4xx_HAL_Driver/Src/stm32f4xx_hal_flash.c.obj
 .comment       0x00000026       0x27 CMakeFiles/XCORE407I_FIRMWARE.dir/home/marios/XCore407I-Firmware/st/STM32CubeF4/Drivers/STM32F4xx_HAL_Driver/Src/stm32f4xx_hal_flash_ex.c.obj
 .comment       0x00000026       0x27 CMakeFiles/XCORE407I_FIRMWARE.dir/home/marios/XCore407I-Firmware/st/STM32CubeF4/Drivers/STM32F4xx_HAL_Driver/Src/stm32f4xx_hal_eth.c.obj
 .comment       0x00000026       0x27 CMakeFiles/XCORE407I_FIRMWARE.dir/home/marios/XCore407I-Firmware/st/STM32CubeF4/Drivers/STM32F4xx_HAL_Driver/Src/stm32f4xx_hal_tim.c.obj
 .comment       0x00000026       0x27 liblwipcore.a(init.c.obj)
 .comment       0x00000026       0x27 liblwipcore.a(mem.c.obj)
 .comment       0x00000026       0x27 liblwipcore.a(memp.c.obj)
 .comment       0x00000026       0x27 liblwipcore.a(netif.c.obj)
 .comment       0x00000026       0x27 liblwipcore.a(pbuf.c.obj)
 .comment       0x00000026       0x27 liblwipcore.a(timeouts.c.obj)
 .comment       0x00000026       0x27 liblwipcore.a(def.c.obj)
 .comment       0x00000026       0x27 liblwipcore.a(ip4_addr.c.obj)
 .comment       0x00000026       0x27 liblwipcore.a(ip4.c.obj)
 .comment       0x00000026       0x27 liblwipcore.a(ip4_frag.c.obj)
 .comment       0x00000026       0x27 liblwipcore.a(etharp.c.obj)
 .comment       0x00000026       0x27 liblwipcore.a(udp.c.obj)
 .comment       0x00000026       0x27 liblwipcore.a(ethernet.c.obj)
 .comment       0x00000026       0x27 liblwipcore.a(dhcp.c.obj)
 .comment       0x00000026       0x27 liblwipcore.a(sys_arch.c.obj)
 .comment       0x00000026       0x27 liblwipcore.a(ip.c.obj)
 .comment       0x00000026       0x27 liblwipcore.a(inet_chksum.c.obj)
 .comment       0x00000026       0x27 liblwipcore.a(icmp.c.obj)
 .comment       0x00000026       0x27 /usr/lib/gcc/arm-none-eabi/12.2.1/thumb/v7e-m+fp/hard/libgcc.a(_udivmoddi4.o)
 .comment       0x00000026       0x27 /usr/lib/gcc/arm-none-eabi/12.2.1/../../../arm-none-eabi/lib/thumb/v7e-m+fp/hard/libc.a(lib_a-impure.o)
 .comment       0x00000026       0x27 /usr/lib/gcc/arm-none-eabi/12.2.1/../../../arm-none-eabi/lib/thumb/v7e-m+fp/hard/libc.a(lib_a-memcmp.o)
 .comment       0x00000026       0x27 /usr/lib/gcc/arm-none-eabi/12.2.1/../../../arm-none-eabi/lib/thumb/v7e-m+fp/hard/libc.a(lib_a-memset.o)
 .comment       0x00000026       0x27 /usr/lib/gcc/arm-none-eabi/12.2.1/../../../arm-none-eabi/lib/thumb/v7e-m+fp/hard/libc.a(lib_a-rand.o)

.debug_line     0x00000000      0xc23
 .debug_line    0x00000000       0x4e /usr/lib/gcc/arm-none-eabi/12.2.1/thumb/v7e-m+fp/hard/libgcc.a(_aeabi_uldivmod.o)
 .debug_line    0x0000004e      0x576 /usr/lib/gcc/arm-none-eabi/12.2.1/thumb/v7e-m+fp/hard/libgcc.a(_udivmoddi4.o)
 .debug_line    0x000005c4       0x4a /usr/lib/gcc/arm-none-eabi/12.2.1/thumb/v7e-m+fp/hard/libgcc.a(_dvmd_tls.o)
 .debug_line    0x0000060e       0xde /usr/lib/gcc/arm-none-eabi/12.2.1/../../../arm-none-eabi/lib/thumb/v7e-m+fp/hard/libc.a(lib_a-impure.o)
 .debug_line    0x000006ec      0x160 /usr/lib/gcc/arm-none-eabi/12.2.1/../../../arm-none-eabi/lib/thumb/v7e-m+fp/hard/libc.a(lib_a-memcmp.o)
 .debug_line    0x0000084c       0xb9 /usr/lib/gcc/arm-none-eabi/12.2.1/../../../arm-none-eabi/lib/thumb/v7e-m+fp/hard/libc.a(lib_a-memcpy.o)
 .debug_line    0x00000905      0x1b0 /usr/lib/gcc/arm-none-eabi/12.2.1/../../../arm-none-eabi/lib/thumb/v7e-m+fp/hard/libc.a(lib_a-memset.o)
 .debug_line    0x00000ab5      0x16e /usr/lib/gcc/arm-none-eabi/12.2.1/../../../arm-none-eabi/lib/thumb/v7e-m+fp/hard/libc.a(lib_a-rand.o)

.debug_line_str
                0x00000000      0x142
 .debug_line_str
                0x00000000       0x97 /usr/lib/gcc/arm-none-eabi/12.2.1/thumb/v7e-m+fp/hard/libgcc.a(_aeabi_uldivmod.o)
 .debug_line_str
                0x00000097        0xc /usr/lib/gcc/arm-none-eabi/12.2.1/thumb/v7e-m+fp/hard/libgcc.a(_dvmd_tls.o)
                                 0x9b (size before relaxing)
 .debug_line_str