Archive member included to satisfy reference by file (symbol)

liblwipcore.a(init.c.obj)     CMakeFiles/XCORE407I_FIRMWARE.dir/home/marios/XCore407I-Firmware/Remora-OS6/Firmware/FirmwareSource/Remora-OS6/TARGET_XCORE407I/lwip/lwip_port.c.obj (lwip_init)
liblwipcore.a(mem.c.obj)      liblwipcore.a(init.c.obj) (mem_init)
liblwipcore.a(memp.c.obj)     liblwipcore.a(init.c.obj) (memp_init)
liblwipcore.a(netif.c.obj)    liblwipcore.a(init.c.obj) (netif_init)
liblwipcore.a(pbuf.c.obj)     CMakeFiles/XCORE407I_FIRMWARE.dir/home/marios/XCore407I-Firmware/Remora-OS6/Firmware/FirmwareSource/Remora-OS6/TARGET_XCORE407I/lwip/ethernetif.c.obj (pbuf_alloc)
liblwipcore.a(timeouts.c.obj)
                              liblwipcore.a(init.c.obj) (sys_timeouts_init)
liblwipcore.a(def.c.obj)      CMakeFiles/XCORE407I_FIRMWARE.dir/home/marios/XCore407I-Firmware/Remora-OS6/Firmware/FirmwareSource/Remora-OS6/TARGET_XCORE407I/lwip/lwip_port.c.obj (lwip_htonl)
liblwipcore.a(ip4_addr.c.obj)
                              CMakeFiles/XCORE407I_FIRMWARE.dir/home/marios/XCore407I-Firmware/Remora-OS6/Firmware/FirmwareSource/Remora-OS6/TARGET_XCORE407I/lwip/remora_udp.c.obj (ip_addr_any)
liblwipcore.a(ip4.c.obj)      liblwipcore.a(netif.c.obj) (ip4_input)
liblwipcore.a(ip4_frag.c.obj)
                              liblwipcore.a(timeouts.c.obj) (ip_reass_tmr)
liblwipcore.a(etharp.c.obj)   liblwipcore.a(timeouts.c.obj) (etharp_tmr)
liblwipcore.a(udp.c.obj)      liblwipcore.a(init.c.obj) (udp_init)
liblwipcore.a(ethernet.c.obj)
                              CMakeFiles/XCORE407I_FIRMWARE.dir/home/marios/XCore407I-Firmware/Remora-OS6/Firmware/FirmwareSource/Remora-OS6/TARGET_XCORE407I/lwip/lwip_port.c.obj (ethernet_input)
liblwipcore.a(dhcp.c.obj)     liblwipcore.a(netif.c.obj) (dhcp_network_changed)
liblwipcore.a(sys_arch.c.obj)
                              CMakeFiles/XCORE407I_FIRMWARE.dir/home/marios/XCore407I-Firmware/Remora-OS6/Firmware/FirmwareSource/Remora-OS6/TARGET_XCORE407I/lwip/ethernetif.c.obj (sys_now)
liblwipcore.a(ip.c.obj)       liblwipcore.a(ip4.c.obj) (ip_data)
liblwipcore.a(inet_chksum.c.obj)
                              liblwipcore.a(udp.c.obj) (ip_chksum_pseudo)
liblwipcore.a(icmp.c.obj)     liblwipcore.a(ip4.c.obj) (icmp_input)
/usr/lib/gcc/arm-none-eabi/12.2.1/thumb/v7e-m+fp/hard/libgcc.a(_aeabi_ldivmod.o)
                              CMakeFiles/XCORE407I_FIRMWARE.dir/home/marios/XCore407I-Firmware/st/STM32CubeF4/Drivers/STM32F4xx_HAL_Driver/Src/stm32f4xx_hal_rcc.c.obj (__aeabi_ldivmod)
/usr/lib/gcc/arm-none-eabi/12.2.1/thumb/v7e-m+fp/hard/libgcc.a(_aeabi_uldivmod.o)
                              CMakeFiles/XCORE407I_FIRMWARE.dir/home/marios/XCore407I-Firmware/Remora-OS6/Firmware/FirmwareSource/Remora-OS6/TARGET_XCORE407I/jog.c.obj (__aeabi_uldivmod)
/usr/lib/gcc/arm-none-eabi/12.2.1/thumb/v7e-m+fp/hard/libgcc.a(_udivmoddi4.o)
                              /usr/lib/gcc/arm-none-eabi/12.2.1/thumb/v7e-m+fp/hard/libgcc.a(_aeabi_ldivmod.o) (__udivmoddi4)
/usr/lib/gcc/arm-none-eabi/12.2.1/thumb/v7e-m+fp/hard/libgcc.a(_dvmd_tls.o)
                              /usr/lib/gcc/arm-none-eabi/12.2.1/thumb/v7e-m+fp/hard/libgcc.a(_aeabi_ldivmod.o) (__aeabi_ldiv0)
/usr/lib/gcc/arm-none-eabi/12.2.1/../../../arm-none-eabi/lib/thumb/v7e-m+fp/hard/libc.a(lib_a-atoi.o)
                              liblwipcore.a(netif.c.obj) (atoi)
/usr/lib/gcc/arm-none-eabi/12.2.1/../../../arm-none-eabi/lib/thumb/v7e-m+fp/hard/libc.a(lib_a-ctype_.o)
                              liblwipcore.a(ip4_addr.c.obj) (_ctype_)
/usr/lib/gcc/arm-none-eabi/12.2.1/../../../arm-none-eabi/lib/thumb/v7e-m+fp/hard/libc.a(lib_a-errno.o)
                              CMakeFiles/XCORE407I_FIRMWARE.dir/syscalls.c.obj (__errno)
/usr/lib/gcc/arm-none-eabi/12.2.1/../../../arm-none-eabi/lib/thumb/v7e-m+fp/hard/libc.a(lib_a-impure.o)
                              /usr/lib/gcc/arm-none-eabi/12.2.1/../../../arm-none-eabi/lib/thumb/v7e-m+fp/hard/libc.a(lib_a-errno.o) (_impure_ptr)
/usr/lib/gcc/arm-none-eabi/12.2.1/../../../arm-none-eabi/lib/thumb/v7e-m+fp/hard/libc.a(lib_a-memcmp.o)
                              liblwipcore.a(ethernet.c.obj) (memcmp)
/usr/lib/gcc/arm-none-eabi/12.2.1/../../../arm-none-eabi/lib/thumb/v7e-m+fp/hard/libc.a(lib_a-memcpy.o)
                              CMakeFiles/XCORE407I_FIRMWARE.dir/home/marios/XCore407I-Firmware/Remora-OS6/Firmware/FirmwareSource/Remora-OS6/TARGET_XCORE407I/lwip/ethernetif.c.obj (memcpy)
/usr/lib/gcc/arm-none-eabi/12.2.1/../../../arm-none-eabi/lib/thumb/v7e-m+fp/hard/libc.a(lib_a-memmove.o)
                              liblwipcore.a(def.c.obj) (memmove)
/usr/lib/gcc/arm-none-eabi/12.2.1/../../../arm-none-eabi/lib/thumb/v7e-m+fp/hard/libc.a(lib_a-memset.o)
                              CMakeFiles/XCORE407I_FIRMWARE.dir/home/marios/XCore407I-Firmware/Remora-OS6/Firmware/FirmwareSource/Remora-OS6/TARGET_XCORE407I/lwip/ethernetif.c.obj (memset)
[...]
Memory Configuration

Name             Origin             Length             Attributes
FLASH            0x08000000         0x00100000         xr
CCMRAM           0x10000000         0x00010000         xrw
RAM              0x20000000         0x00020000         xrw
*default*        0x00000000         0xffffffff

Linker script and memory map

LOAD CMakeFiles/XCORE407I_FIRMWARE.dir/startup_stm32f407xx.s.obj
LOAD CMakeFiles/XCORE407I_FIRMWARE.dir/home/marios/XCore407I-Firmware/Remora-OS6/Firmware/FirmwareSource/Remora-OS6/TARGET_XCORE407I/main_xcore407i.cpp.obj
LOAD CMakeFiles/XCORE407I_FIRMWARE.dir/home/marios/XCore407I-Firmware/Remora-OS6/Firmware/FirmwareSource/Remora-OS6/TARGET_XCORE407I/system_clock.c.obj
LOAD CMakeFiles/XCORE407I_FIRMWARE.dir/home/marios/XCore407I-Firmware/Remora-OS6/Firmware/FirmwareSource/Remora-OS6/TARGET_XCORE407I/ethernet_init.c.obj
LOAD CMakeFiles/XCORE407I_FIRMWARE.dir/home/marios/XCore407I-Firmware/Remora-OS6/Firmware/FirmwareSource/Remora-OS6/TARGET_XCORE407I/remora_data.c.obj
LOAD CMakeFiles/XCORE407I_FIRMWARE.dir/home/marios/XCore407I-Firmware/Remora-OS6/Firmware/FirmwareSource/Remora-OS6/TARGET_XCORE407I/lwip/ethernetif.c.obj
LOAD CMakeFiles/XCORE407I_FIRMWARE.dir/home/marios/XCore407I-Firmware/Remora-OS6/Firmware/FirmwareSource/Remora-OS6/TARGET_XCORE407I/lwip/lwip_port.c.obj
LOAD CMakeFiles/XCORE407I_FIRMWARE.dir/home/marios/XCore407I-Firmware/Remora-OS6/Firmware/FirmwareSource/Remora-OS6/TARGET_XCORE407I/lwip/remora_udp.c.obj
LOAD CMakeFiles/XCORE407I_FIRMWARE.dir/home/marios/XCore407I-Firmware/Remora-OS6/Firmware/FirmwareSource/Remora-OS6/TARGET_XCORE407I/stepgen.c.obj
LOAD CMakeFiles/XCORE407I_FIRMWARE.dir/home/marios/XCore407I-Firmware/Remora-OS6/Firmware/FirmwareSource/Remora-OS6/TARGET_XCORE407I/motion_io.c.obj
LOAD CMakeFiles/XCORE407I_FIRMWARE.dir/home/marios/XCore407I-Firmware/Remora-OS6/Firmware/FirmwareSource/Remora-OS6/TARGET_XCORE407I/jog.c.obj
LOAD CMakeFiles/XCORE407I_FIRMWARE.dir/home/marios/XCore407I-Firmware/Remora-OS6/Firmware/FirmwareSource/Remora-OS6/TARGET_XCORE407I/homing.c.obj
LOAD CMakeFiles/XCORE407I_FIRMWARE.dir/home/marios/XCore407I-Firmware/Remora-OS6/Firmware/FirmwareSource/Remora-OS6/TARGET_XCORE407I/config_store.c.obj
LOAD CMakeFiles/XCORE407I_FIRMWARE.dir/home/marios/XCore407I-Firmware/Remora-OS6/Firmware/FirmwareSource/Remora-OS6/TARGET_XCORE407I/encoder.c.obj
LOAD CMakeFiles/XCORE407I_FIRMWARE.dir/home/marios/XCore407I-Firmware/st/STM32CubeF4/Drivers/CMSIS/Device/ST/STM32F4xx/Source/Templates/system_stm32f4xx.c.obj
LOAD CMakeFiles/XCORE407I_FIRMWARE.dir/syscalls.c.obj
LOAD CMakeFiles/XCORE407I_FIRMWARE.dir/home/marios/XCore407I-Firmware/st/STM32CubeF4/Drivers/STM32F4xx_HAL_Driver/Src/stm32f4xx_hal.c.obj
LOAD CMakeFiles/XCORE407I_FIRMWARE.dir/home/marios/XCore407I-Firmware/st/STM32CubeF4/Drivers/STM32F4xx_HAL_Driver/Src/stm32f4xx_hal_rcc.c.obj
LOAD CMakeFiles/XCORE407I_FIRMWARE.dir/home/marios/XCore407I-Firmware/st/STM32CubeF4/Drivers/STM32F4xx_HAL_Driver/Src/stm32f4xx_hal_rcc_ex.c.obj
LOAD CMakeFiles/XCORE407I_FIRMWARE.dir/home/marios/XCore407I-Firmware/st/STM32CubeF4/Drivers/STM32F4xx_HAL_Driver/Src/stm32f4xx_hal_gpio.c.obj
LOAD CMakeFiles/XCORE407I_FIRMWARE.dir/home/marios/XCore407I-Firmware/st/STM32CubeF4/Drivers/STM32F4xx_HAL_Driver/Src/stm32f4xx_hal_cortex.c.obj
LOAD CMakeFiles/XCORE407I_FIRMWARE.dir/home/marios/XCore407I-Firmware/st/STM32CubeF4/Drivers/STM32F4xx_HAL_Driver/Src/stm32f4xx_hal_pwr.c.obj
LOAD CMakeFiles/XCORE407I_FIRMWARE.dir/home/marios/XCore407I-Firmware/st/STM32CubeF4/Drivers/STM32F4xx_HAL_Driver/Src/stm32f4xx_hal_pwr_ex.c.obj
LOAD CMakeFiles/XCORE407I_FIRMWARE.dir/home/marios/XCore407I-Firmware/st/STM32CubeF4/Drivers/STM32F4xx_HAL_Driver/Src/stm32f4xx_hal_flash.c.obj
LOAD CMakeFiles/XCORE407I_FIRMWARE.dir/home/marios/XCore407I-Firmware/st/STM32CubeF4/Drivers/STM32F4xx_HAL_Driver/Src/stm32f4xx_hal_flash_ex.c.obj
LOAD CMakeFiles/XCORE407I_FIRMWARE.dir/home/marios/XCore407I-Firmware/st/STM32CubeF4/Drivers/STM32F4xx_HAL_Driver/Src/stm32f4xx_hal_dma.c.obj
LOAD CMakeFiles/XCORE407I_FIRMWARE.dir/home/marios/XCore407I-Firmware/st/STM32CubeF4/Drivers/STM32F4xx_HAL_Driver/Src/stm32f4xx_hal_eth.c.obj
LOAD CMakeFiles/XCORE407I_FIRMWARE.dir/home/marios/XCore407I-Firmware/st/STM32CubeF4/Drivers/STM32F4xx_HAL_Driver/Src/stm32f4xx_hal_tim.c.obj
LOAD CMakeFiles/XCORE407I_FIRMWARE.dir/home/marios/XCore407I-Firmware/st/STM32CubeF4/Drivers/STM32F4xx_HAL_Driver/Src/stm32f4xx_hal_tim_ex.c.obj
LOAD CMakeFiles/XCORE407I_FIRMWARE.dir/home/marios/XCore407I-Firmware/st/STM32CubeF4/Drivers/STM32F4xx_HAL_Driver/Src/stm32f4xx_hal_exti.c.obj
LOAD liblwipcore.a
LOAD /usr/lib/gcc/arm-none-eabi/12.2.1/../../../arm-none-eabi/lib/thumb/v7e-m+fp/hard/libstdc++.a
LOAD /usr/lib/gcc/arm-none-eabi/12.2.1/../../../arm-none-eabi/lib/thumb/v7e-m+fp/hard/libm.a
START GROUP
LOAD /usr/lib/gcc/arm-none-eabi/12.2.1/thumb/v7e-m+fp/hard/libgcc.a
LOAD /usr/lib/gcc/arm-none-eabi/12.2.1/../../../arm-none-eabi/lib/thumb/v7e-m+fp/hard/libc.a
END GROUP
START GROUP
LOAD /usr/lib/gcc/arm-none-eabi/12.2.1/thumb/v7e-m+fp/hard/libgcc.a
LOAD /usr/lib/gcc/arm-none-eabi/12.2.1/../../../arm-none-eabi/lib/thumb/v7e-m+fp/hard/libc.a
LOAD /usr/lib/gcc/arm-none-eabi/12.2.1/../../../arm-none-eabi/lib/thumb/v7e-m+fp/hard/libnosys.a
END GROUP
                0x20020000                        _estack = (ORIGIN (RAM) + LENGTH (RAM))

.isr_vector     0x08000000      0x188
 *(.isr_vector)
 .isr_vector    0x08000000      0x188 CMakeFiles/XCORE407I_FIRMWARE.dir/startup_stm32f407xx.s.obj
                0x08000000                g_pfnVectors

.text           0x08000188     0x73b4
 *(.text*)
 .text.Reset_Handler
                0x08000188       0x44 CMakeFiles/XCORE407I_FIRMWARE.dir/startup_stm32f407xx.s.obj
                0x080001b6                RTC_WKUP_Handler
                0x080001b6                FLASH_Handler
                0x080001b6                DebugMon_Handler
                0x080001b6                DMA2_Stream7_Handler
                0x080001b6                OTG_HS_Handler
                0x080001b6                HardFault_Handler
                0x080001b6                DMA2_Stream3_Handler
                0x080001b6                SysTick_Handler
                0x080001b6                USART3_Handler
                0x080001b6                PendSV_Handler
                0x080001b6                NMI_Handler
                0x080001b6                TIM6_DAC_Handler
                0x080001b6                CAN1_RX1_Handler
                0x080001b6                EXTI15_10_Handler
                0x080001b6                ADC_Handler
                0x080001b6                HASH_RNG_Handler
                0x080001b6                I2C1_EV_Handler
                0x080001b6                TAMP_STAMP_Handler
                0x080001b6                I2C3_ER_Handler
                0x080001b6                WWDG_Handler
                0x080001b6                EXTI4_Handler
                0x080001b6                I2C3_EV_Handler
                0x080001b6                DMA1_Stream1_Handler
                0x080001b6                DMA2_Stream4_Handler
                0x080001b6                DMA1_Stream7_Handler
                0x080001b6                OTG_FS_Handler
                0x080001b6                ETH_WKUP_Handler
                0x080001b6                TIM1_BRK_TIM9_Handler
                0x080001b6                I2C1_ER_Handler
                0x080001b6                DMA1_Stream3_Handler
                0x080001b6                UsageFault_Handler
                0x080001b6                TIM1_UP_TIM10_Handler
                0x080001b6                CAN1_RX0_Handler
                0x080001b6                TIM1_CC_Handler
                0x080001b6                I2C2_ER_Handler
                0x080001b6                USART6_Handler
                0x080001b6                TIM8_CC_Handler
                0x080001b6                CAN1_SCE_Handler
                0x080001b6                DMA1_Stream0_Handler
                0x080001b6                OTG_HS_EP1_OUT_Handler
                0x080001b6                FSMC_Handler
                0x080001b6                EXTI1_Handler
                0x080001b6                EXTI3_Handler
                0x080001b6                CRYP_Handler
                0x080001b6                EXTI2_Handler
                0x080001b6                UART4_Handler
                0x080001b6                CAN2_RX1_Handler
                0x080001b6                EXTI9_5_Handler
                0x080001b6                TIM2_Handler
                0x080001b6                USART1_Handler
                0x080001b6                CAN2_SCE_Handler
                0x080001b6                TIM3_Handler
                0x080001b6                DMA2_Stream6_Handler
                0x080001b6                Default_Handler
                0x080001b6                DCMI_Handler
                0x080001b6                TIM1_TRG_COM_TIM11_Handler
                0x080001b6                RTC_Alarm_Handler
                0x080001b6                TIM4_Handler
                0x080001b6                TIM8_UP_TIM13_Handler
                0x080001b6                CAN2_TX_Handler
                0x080001b6                SPI2_Handler
                0x080001b6                DMA2_Stream1_Handler
                0x080001b6                DMA1_Stream2_Handler
                0x080001b6                MemManage_Handler
                0x080001b6                EXTI0_Handler
                0x080001b6                TIM8_BRK_TIM12_Handler
                0x080001b6                SVC_Handler
                0x080001b6                CAN2_RX0_Handler
                0x080001b6                DMA2_Stream5_Handler
                0x080001b6                DMA1_Stream6_Handler
                0x080001b6                SDIO_Handler
                0x080001b6                USART2_Handler
                0x080001b6                ETH_Handler
                0x080001b6                SPI1_Handler
                0x080001b6                I2C2_EV_Handler
                0x080001b6                DMA2_Stream2_Handler
                0x080001b6                SPI3_Handler
                0x080001b6                DMA2_Stream0_Handler
                0x080001b6                RCC_Handler
                0x080001b6                PVD_Handler
                0x080001b6                UART5_Handler
                0x080001b6                DMA1_Stream5_Handler
                0x080001b6                TIM5_Handler
                0x080001b6                TIM7_Handler
                0x080001b6                TIM8_TRG_COM_TIM14_Handler
                0x080001b6                CAN1_TX_Handler
                0x080001b6                FPU_Handler
                0x080001b6                BusFault_Handler
                0x080001b6                DMA1_Stream4_Handler
                0x080001b6                OTG_HS_WKUP_Handler
                0x080001b6                OTG_FS_WKUP_Handler
                0x080001b6                OTG_HS_EP1_IN_Handler
 .text.startup.main
                0x080001cc       0x74 CMakeFiles/XCORE407I_FIRMWARE.dir/home/marios/XCore407I-Firmware/Remora-OS6/Firmware/FirmwareSource/Remora-OS6/TARGET_XCORE407I/main_xcore407i.cpp.obj
                0x080001cc                main
 .text.SystemClock_Config
                0x08000240       0xa8 CMakeFiles/XCORE407I_FIRMWARE.dir/home/marios/XCore407I-Firmware/Remora-OS6/Firmware/FirmwareSource/Remora-OS6/TARGET_XCORE407I/system_clock.c.obj
                0x08000240                SystemClock_Config
 .text.rx_allocate
                0x080002e8       0x24 CMakeFiles/XCORE407I_FIRMWARE.dir/home/marios/XCore407I-Firmware/Remora-OS6/Firmware/FirmwareSource/Remora-OS6/TARGET_XCORE407I/ethernet_init.c.obj
 .text.rx_link  0x0800030c        0x8 CMakeFiles/XCORE407I_FIRMWARE.dir/home/marios/XCore407I-Firmware/Remora-OS6/Firmware/FirmwareSource/Remora-OS6/TARGET_XCORE407I/ethernet_init.c.obj
 .text.HAL_ETH_MspInit
                0x08000314      0x154 CMakeFiles/XCORE407I_FIRMWARE.dir/home/marios/XCore407I-Firmware/Remora-OS6/Firmware/FirmwareSource/Remora-OS6/TARGET_XCORE407I/ethernet_init.c.obj
                0x08000314                HAL_ETH_MspInit
 .text.MX_ETH_Init
                0x08000468       0x8c CMakeFiles/XCORE407I_FIRMWARE.dir/home/marios/XCore407I-Firmware/Remora-OS6/Firmware/FirmwareSource/Remora-OS6/TARGET_XCORE407I/ethernet_init.c.obj
                0x08000468                MX_ETH_Init
 .text.ETH_LinkUp
                0x080004f4       0x2c CMakeFiles/XCORE407I_FIRMWARE.dir/home/marios/XCore407I-Firmware/Remora-OS6/Firmware/FirmwareSource/Remora-OS6/TARGET_XCORE407I/ethernet_init.c.obj
                0x080004f4                ETH_LinkUp
 .text.low_level_output
                0x08000520       0x74 CMakeFiles/XCORE407I_FIRMWARE.dir/home/marios/XCore407I-Firmware/Remora-OS6/Firmware/FirmwareSource/Remora-OS6/TARGET_XCORE407I/lwip/ethernetif.c.obj
 .text.ethernetif_init
                0x08000594       0x44 CMakeFiles/XCORE407I_FIRMWARE.dir/home/marios/XCore407I-Firmware/Remora-OS6/Firmware/FirmwareSource/Remora-OS6/TARGET_XCORE407I/lwip/ethernetif.c.obj
                0x08000594                ethernetif_init
 .text.ethernetif_poll
                0x080005d8      0x114 CMakeFiles/XCORE407I_FIRMWARE.dir/home/marios/XCore407I-Firmware/Remora-OS6/Firmware/FirmwareSource/Remora-OS6/TARGET_XCORE407I/lwip/ethernetif.c.obj
                0x080005d8                ethernetif_poll
 .text.lwip_port_init
                0x080006ec       0xc8 CMakeFiles/XCORE407I_FIRMWARE.dir/home/marios/XCore407I-Firmware/Remora-OS6/Firmware/FirmwareSource/Remora-OS6/TARGET_XCORE407I/lwip/lwip_port.c.obj
                0x080006ec                lwip_port_init
 .text.lwip_port_poll
                0x080007b4       0x90 CMakeFiles/XCORE407I_FIRMWARE.dir/home/marios/XCore407I-Firmware/Remora-OS6/Firmware/FirmwareSource/Remora-OS6/TARGET_XCORE407I/lwip/lwip_port.c.obj
                0x080007b4                lwip_port_poll
 .text.lwip_port_dhcp_active
                0x08000844        0xc CMakeFiles/XCORE407I_FIRMWARE.dir/home/marios/XCore407I-Firmware/Remora-OS6/Firmware/FirmwareSource/Remora-OS6/TARGET_XCORE407I/lwip/lwip_port.c.obj
                0x08000844                lwip_port_dhcp_active
 .text.remora_udp_recv
                0x08000850      0x1a0 CMakeFiles/XCORE407I_FIRMWARE.dir/home/marios/XCore407I-Firmware/Remora-OS6/Firmware/FirmwareSource/Remora-OS6/TARGET_XCORE407I/lwip/remora_udp.c.obj
 .text.remora_udp_send_feedback_unicast
                0x080009f0      0x218 CMakeFiles/XCORE407I_FIRMWARE.dir/home/marios/XCore407I-Firmware/Remora-OS6/Firmware/FirmwareSource/Remora-OS6/TARGET_XCORE407I/lwip/remora_udp.c.obj
 .text.remora_udp_init
                0x08000c08       0x40 CMakeFiles/XCORE407I_FIRMWARE.dir/home/marios/XCore407I-Firmware/Remora-OS6/Firmware/FirmwareSource/Remora-OS6/TARGET_XCORE407I/lwip/remora_udp.c.obj
                0x08000c08                remora_udp_init
 .text.remora_udp_poll
                0x08000c48        0x4 CMakeFiles/XCORE407I_FIRMWARE.dir/home/marios/XCore407I-Firmware/Remora-OS6/Firmware/FirmwareSource/Remora-OS6/TARGET_XCORE407I/lwip/remora_udp.c.obj
                0x08000c48                remora_udp_poll
 .text.remora_udp_send_feedback
                0x08000c4c        0x4 CMakeFiles/XCORE407I_FIRMWARE.dir/home/marios/XCore407I-Firmware/Remora-OS6/Firmware/FirmwareSource/Remora-OS6/TARGET_XCORE407I/lwip/remora_udp.c.obj
                0x08000c4c                remora_udp_send_feedback
 .text.apply_freq
                0x08000c50       0x84 CMakeFiles/XCORE407I_FIRMWARE.dir/home/marios/XCore407I-Firmware/Remora-OS6/Firmware/FirmwareSource/Remora-OS6/TARGET_XCORE407I/stepgen.c.obj
 .text.step_channel_pwm_init
                0x08000cd4       0x40 CMakeFiles/XCORE407I_FIRMWARE.dir/home/marios/XCore407I-Firmware/Remora-OS6/Firmware/FirmwareSource/Remora-OS6/TARGET_XCORE407I/stepgen.c.obj
 .text.stepgen_init
                0x08000d14      0x1ac CMakeFiles/XCORE407I_FIRMWARE.dir/home/marios/XCore407I-Firmware/Remora-OS6/Firmware/FirmwareSource/Remora-OS6/TARGET_XCORE407I/stepgen.c.obj
                0x08000d14                stepgen_init
 .text.stepgen_apply_command
                0x08000ec0       0x78 CMakeFiles/XCORE407I_FIRMWARE.dir/home/marios/XCore407I-Firmware/Remora-OS6/Firmware/FirmwareSource/Remora-OS6/TARGET_XCORE407I/stepgen.c.obj
                0x08000ec0                stepgen_apply_command
 .text.motion_get_fault_mask
                0x08000f38        0xc CMakeFiles/XCORE407I_FIRMWARE.dir/home/marios/XCore407I-Firmware/Remora-OS6/Firmware/FirmwareSource/Remora-OS6/TARGET_XCORE407I/motion_io.c.obj
                0x08000f38                motion_get_fault_mask
 .text.motion_get_estop
                0x08000f44        0xc CMakeFiles/XCORE407I_FIRMWARE.dir/home/marios/XCore407I-Firmware/Remora-OS6/Firmware/FirmwareSource/Remora-OS6/TARGET_XCORE407I/motion_io.c.obj
                0x08000f44                motion_get_estop
 .text.motion_get_limit_mask
                0x08000f50        0xc CMakeFiles/XCORE407I_FIRMWARE.dir/home/marios/XCore407I-Firmware/Remora-OS6/Firmware/FirmwareSource/Remora-OS6/TARGET_XCORE407I/motion_io.c.obj
                0x08000f50                motion_get_limit_mask
 .text.motion_try_clear_faults
                0x08000f5c       0x2c CMakeFiles/XCORE407I_FIRMWARE.dir/home/marios/XCore407I-Firmware/Remora-OS6/Firmware/FirmwareSource/Remora-OS6/TARGET_XCORE407I/motion_io.c.obj
                0x08000f5c                motion_try_clear_faults
 .text.motion_control_io_init
                0x08000f88      0x13c CMakeFiles/XCORE407I_FIRMWARE.dir/home/marios/XCore407I-Firmware/Remora-OS6/Firmware/FirmwareSource/Remora-OS6/TARGET_XCORE407I/motion_io.c.obj
                0x08000f88                motion_control_io_init
 .text.motion_get_probe
                0x080010c4       0x18 CMakeFiles/XCORE407I_FIRMWARE.dir/home/marios/XCore407I-Firmware/Remora-OS6/Firmware/FirmwareSource/Remora-OS6/TARGET_XCORE407I/motion_io.c.obj
                0x080010c4                motion_get_probe
 .text.motion_apply_limited_step
                0x080010dc       0x8c CMakeFiles/XCORE407I_FIRMWARE.dir/home/marios/XCore407I-Firmware/Remora-OS6/Firmware/FirmwareSource/Remora-OS6/TARGET_XCORE407I/motion_io.c.obj
                0x080010dc                motion_apply_limited_step
 .text.jog_init
                0x08001168       0x34 CMakeFiles/XCORE407I_FIRMWARE.dir/home/marios/XCore407I-Firmware/Remora-OS6/Firmware/FirmwareSource/Remora-OS6/TARGET_XCORE407I/jog.c.obj
                0x08001168                jog_init
 .text.jog_set_speed_axis
                0x0800119c       0x14 CMakeFiles/XCORE407I_FIRMWARE.dir/home/marios/XCore407I-Firmware/Remora-OS6/Firmware/FirmwareSource/Remora-OS6/TARGET_XCORE407I/jog.c.obj
                0x0800119c                jog_set_speed_axis
 .text.jog_set_accel_axis
                0x080011b0       0x18 CMakeFiles/XCORE407I_FIRMWARE.dir/home/marios/XCore407I-Firmware/Remora-OS6/Firmware/FirmwareSource/Remora-OS6/TARGET_XCORE407I/jog.c.obj
                0x080011b0                jog_set_accel_axis
 .text.jog_set_speed
                0x080011c8       0x10 CMakeFiles/XCORE407I_FIRMWARE.dir/home/marios/XCore407I-Firmware/Remora-OS6/Firmware/FirmwareSource/Remora-OS6/TARGET_XCORE407I/jog.c.obj
                0x080011c8                jog_set_speed
 .text.jog_set_accel
                0x080011d8       0x10 CMakeFiles/XCORE407I_FIRMWARE.dir/home/marios/XCore407I-Firmware/Remora-OS6/Firmware/FirmwareSource/Remora-OS6/TARGET_XCORE407I/jog.c.obj
                0x080011d8                jog_set_accel
 .text.jog_get_current_speed_axis
                0x080011e8       0x1c CMakeFiles/XCORE407I_FIRMWARE.dir/home/marios/XCore407I-Firmware/Remora-OS6/Firmware/FirmwareSource/Remora-OS6/TARGET_XCORE407I/jog.c.obj
                0x080011e8                jog_get_current_speed_axis
 .text.jog_get_target_speed_axis
                0x08001204       0x18 CMakeFiles/XCORE407I_FIRMWARE.dir/home/marios/XCore407I-Firmware/Remora-OS6/Firmware/FirmwareSource/Remora-OS6/TARGET_XCORE407I/jog.c.obj
                0x08001204                jog_get_target_speed_axis
 .text.jog_get_direction_axis
                0x0800121c       0x28 CMakeFiles/XCORE407I_FIRMWARE.dir/home/marios/XCore407I-Firmware/Remora-OS6/Firmware/FirmwareSource/Remora-OS6/TARGET_XCORE407I/jog.c.obj
                0x0800121c                jog_get_direction_axis
 .text.jog_poll
                0x08001244      0x170 CMakeFiles/XCORE407I_FIRMWARE.dir/home/marios/XCore407I-Firmware/Remora-OS6/Firmware/FirmwareSource/Remora-OS6/TARGET_XCORE407I/jog.c.obj
                0x08001244                jog_poll
 .text.homing_start
                0x080013b4       0x5c CMakeFiles/XCORE407I_FIRMWARE.dir/home/marios/XCore407I-Firmware/Remora-OS6/Firmware/FirmwareSource/Remora-OS6/TARGET_XCORE407I/homing.c.obj
                0x080013b4                homing_start
 .text.homing_abort
                0x08001410       0x30 CMakeFiles/XCORE407I_FIRMWARE.dir/home/marios/XCore407I-Firmware/Remora-OS6/Firmware/FirmwareSource/Remora-OS6/TARGET_XCORE407I/homing.c.obj
                0x08001410                homing_abort
 .text.homing_is_active
                0x08001440       0x24 CMakeFiles/XCORE407I_FIRMWARE.dir/home/marios/XCore407I-Firmware/Remora-OS6/Firmware/FirmwareSource/Remora-OS6/TARGET_XCORE407I/homing.c.obj
                0x08001440                homing_is_active
 .text.homing_get_homed_mask
                0x08001464        0xc CMakeFiles/XCORE407I_FIRMWARE.dir/home/marios/XCore407I-Firmware/Remora-OS6/Firmware/FirmwareSource/Remora-OS6/TARGET_XCORE407I/homing.c.obj
                0x08001464                homing_get_homed_mask
 .text.homing_get_offset
                0x08001470       0x1c CMakeFiles/XCORE407I_FIRMWARE.dir/home/marios/XCore407I-Firmware/Remora-OS6/Firmware/FirmwareSource/Remora-OS6/TARGET_XCORE407I/homing.c.obj
                0x08001470                homing_get_offset
 .text.homing_set_offset
                0x0800148c       0x34 CMakeFiles/XCORE407I_FIRMWARE.dir/home/marios/XCore407I-Firmware/Remora-OS6/Firmware/FirmwareSource/Remora-OS6/TARGET_XCORE407I/homing.c.obj
                0x0800148c                homing_set_offset
 .text.homing_poll
                0x080014c0      0x128 CMakeFiles/XCORE407I_FIRMWARE.dir/home/marios/XCore407I-Firmware/Remora-OS6/Firmware/FirmwareSource/Remora-OS6/TARGET_XCORE407I/homing.c.obj
                0x080014c0                homing_poll
 .text.config_store_init
                0x080015e8      0x104 CMakeFiles/XCORE407I_FIRMWARE.dir/home/marios/XCore407I-Firmware/Remora-OS6/Firmware/FirmwareSource/Remora-OS6/TARGET_XCORE407I/config_store.c.obj
                0x080015e8                config_store_init
 .text.config_store_get
                0x080016ec        0x8 CMakeFiles/XCORE407I_FIRMWARE.dir/home/marios/XCore407I-Firmware/Remora-OS6/Firmware/FirmwareSource/Remora-OS6/TARGET_XCORE407I/config_store.c.obj
                0x080016ec                config_store_get
 .text.config_store_mark_dirty
                0x080016f4        0xc CMakeFiles/XCORE407I_FIRMWARE.dir/home/marios/XCore407I-Firmware/Remora-OS6/Firmware/FirmwareSource/Remora-OS6/TARGET_XCORE407I/config_store.c.obj
                0x080016f4                config_store_mark_dirty
 .text.config_store_save
                0x08001700       0xc8 CMakeFiles/XCORE407I_FIRMWARE.dir/home/marios/XCore407I-Firmware/Remora-OS6/Firmware/FirmwareSource/Remora-OS6/TARGET_XCORE407I/config_store.c.obj
                0x08001700                config_store_save
 .text.config_store_apply
                0x080017c8       0x2c CMakeFiles/XCORE407I_FIRMWARE.dir/home/marios/XCore407I-Firmware/Remora-OS6/Firmware/FirmwareSource/Remora-OS6/TARGET_XCORE407I/config_store.c.obj
                0x080017c8                config_store_apply
 .text.encoder_init
                0x080017f4      0x1c8 CMakeFiles/XCORE407I_FIRMWARE.dir/home/marios/XCore407I-Firmware/Remora-OS6/Firmware/FirmwareSource/Remora-OS6/TARGET_XCORE407I/encoder.c.obj
                0x080017f4                encoder_init
 .text.encoder_get_count
                0x080019bc       0x34 CMakeFiles/XCORE407I_FIRMWARE.dir/home/marios/XCore407I-Firmware/Remora-OS6/Firmware/FirmwareSource/Remora-OS6/TARGET_XCORE407I/encoder.c.obj
                0x080019bc                encoder_get_count
 .text.SystemInit
                0x080019f0       0x14 CMakeFiles/XCORE407I_FIRMWARE.dir/home/marios/XCore407I-Firmware/st/STM32CubeF4/Drivers/CMSIS/Device/ST/STM32F4xx/Source/Templates/system_stm32f4xx.c.obj
                0x080019f0                SystemInit
 .text.SystemCoreClockUpdate
                0x08001a04       0x70 CMakeFiles/XCORE407I_FIRMWARE.dir/home/marios/XCore407I-Firmware/st/STM32CubeF4/Drivers/CMSIS/Device/ST/STM32F4xx/Source/Templates/system_stm32f4xx.c.obj
                0x08001a04                SystemCoreClockUpdate
 .text.HAL_MspInit
                0x08001a74        0x4 CMakeFiles/XCORE407I_FIRMWARE.dir/home/marios/XCore407I-Firmware/st/STM32CubeF4/Drivers/STM32F4xx_HAL_Driver/Src/stm32f4xx_hal.c.obj
                0x08001a74                HAL_MspInit
 .text.HAL_InitTick
                0x08001a78       0x48 CMakeFiles/XCORE407I_FIRMWARE.dir/home/marios/XCore407I-Firmware/st/STM32CubeF4/Drivers/STM32F4xx_HAL_Driver/Src/stm32f4xx_hal.c.obj
                0x08001a78                HAL_InitTick
 .text.HAL_Init
                0x08001ac0       0x34 CMakeFiles/XCORE407I_FIRMWARE.dir/home/marios/XCore407I-Firmware/st/STM32CubeF4/Drivers/STM32F4xx_HAL_Driver/Src/stm32f4xx_hal.c.obj
                0x08001ac0                HAL_Init
 .text.HAL_GetTick
                0x08001af4        0xc CMakeFiles/XCORE407I_FIRMWARE.dir/home/marios/XCore407I-Firmware/st/STM32CubeF4/Drivers/STM32F4xx_HAL_Driver/Src/stm32f4xx_hal.c.obj
                0x08001af4                HAL_GetTick
 .text.HAL_Delay
                0x08001b00       0x24 CMakeFiles/XCORE407I_FIRMWARE.dir/home/marios/XCore407I-Firmware/st/STM32CubeF4/Drivers/STM32F4xx_HAL_Driver/Src/stm32f4xx_hal.c.obj
                0x08001b00                HAL_Delay
 .text.HAL_RCC_OscConfig
                0x08001b24      0x3c4 CMakeFiles/XCORE407I_FIRMWARE.dir/home/marios/XCore407I-Firmware/st/STM32CubeF4/Drivers/STM32F4xx_HAL_Driver/Src/stm32f4xx_hal_rcc.c.obj
                0x08001b24                HAL_RCC_OscConfig
 .text.HAL_RCC_GetSysClockFreq
                0x08001ee8       0x68 CMakeFiles/XCORE407I_FIRMWARE.dir/home/marios/XCore407I-Firmware/st/STM32CubeF4/Drivers/STM32F4xx_HAL_Driver/Src/stm32f4xx_hal_rcc.c.obj
                0x08001ee8                HAL_RCC_GetSysClockFreq
 .text.HAL_RCC_ClockConfig
                0x08001f50      0x13c CMakeFiles/XCORE407I_FIRMWARE.dir/home/marios/XCore407I-Firmware/st/STM32CubeF4/Drivers/STM32F4xx_HAL_Driver/Src/stm32f4xx_hal_rcc.c.obj
                0x08001f50                HAL_RCC_ClockConfig
 .text.HAL_GPIO_Init
                0x0800208c      0x264 CMakeFiles/XCORE407I_FIRMWARE.dir/home/marios/XCore407I-Firmware/st/STM32CubeF4/Drivers/STM32F4xx_HAL_Driver/Src/stm32f4xx_hal_gpio.c.obj
                0x0800208c                HAL_GPIO_Init
 .text.HAL_GPIO_ReadPin
                0x080022f0        0xc CMakeFiles/XCORE407I_FIRMWARE.dir/home/marios/XCore407I-Firmware/st/STM32CubeF4/Drivers/STM32F4xx_HAL_Driver/Src/stm32f4xx_hal_gpio.c.obj
                0x080022f0                HAL_GPIO_ReadPin
 .text.HAL_GPIO_WritePin
                0x080022fc        0x8 CMakeFiles/XCORE407I_FIRMWARE.dir/home/marios/XCore407I-Firmware/st/STM32CubeF4/Drivers/STM32F4xx_HAL_Driver/Src/stm32f4xx_hal_gpio.c.obj
                0x080022fc                HAL_GPIO_WritePin
 .text.HAL_NVIC_SetPriorityGrouping
                0x08002304       0x24 CMakeFiles/XCORE407I_FIRMWARE.dir/home/marios/XCore407I-Firmware/st/STM32CubeF4/Drivers/STM32F4xx_HAL_Driver/Src/stm32f4xx_hal_cortex.c.obj
                0x08002304                HAL_NVIC_SetPriorityGrouping
 .text.HAL_NVIC_SetPriority
                0x08002328       0x7c CMakeFiles/XCORE407I_FIRMWARE.dir/home/marios/XCore407I-Firmware/st/STM32CubeF4/Drivers/STM32F4xx_HAL_Driver/Src/stm32f4xx_hal_cortex.c.obj
                0x08002328                HAL_NVIC_SetPriority
 .text.HAL_NVIC_EnableIRQ
                0x080023a4       0x1c CMakeFiles/XCORE407I_FIRMWARE.dir/home/marios/XCore407I-Firmware/st/STM32CubeF4/Drivers/STM32F4xx_HAL_Driver/Src/stm32f4xx_hal_cortex.c.obj
                0x080023a4                HAL_NVIC_EnableIRQ
 .text.HAL_SYSTICK_Config
                0x080023c0       0x34 CMakeFiles/XCORE407I_FIRMWARE.dir/home/marios/XCore407I-Firmware/st/STM32CubeF4/Drivers/STM32F4xx_HAL_Driver/Src/stm32f4xx_hal_cortex.c.obj
                0x080023c0                HAL_SYSTICK_Config
 .text.FLASH_SetErrorCode
                0x080023f4       0x78 CMakeFiles/XCORE407I_FIRMWARE.dir/home/marios/XCore407I-Firmware/st/STM32CubeF4/Drivers/STM32F4xx_HAL_Driver/Src/stm32f4xx_hal_flash.c.obj
 .text.HAL_FLASH_Unlock
                0x0800246c       0x28 CMakeFiles/XCORE407I_FIRMWARE.dir/home/marios/XCore407I-Firmware/st/STM32CubeF4/Drivers/STM32F4xx_HAL_Driver/Src/stm32f4xx_hal_flash.c.obj
                0x0800246c                HAL_FLASH_Unlock
 .text.HAL_FLASH_Lock
                0x08002494       0x14 CMakeFiles/XCORE407I_FIRMWARE.dir/home/marios/XCore407I-Firmware/st/STM32CubeF4/Drivers/STM32F4xx_HAL_Driver/Src/stm32f4xx_hal_flash.c.obj
                0x08002494                HAL_FLASH_Lock
 .text.FLASH_WaitForLastOperation
                0x080024a8       0x54 CMakeFiles/XCORE407I_FIRMWARE.dir/home/marios/XCore407I-Firmware/st/STM32CubeF4/Drivers/STM32F4xx_HAL_Driver/Src/stm32f4xx_hal_flash.c.obj
                0x080024a8                FLASH_WaitForLastOperation
 .text.HAL_FLASH_Program
                0x080024fc       0xd0 CMakeFiles/XCORE407I_FIRMWARE.dir/home/marios/XCore407I-Firmware/st/STM32CubeF4/Drivers/STM32F4xx_HAL_Driver/Src/stm32f4xx_hal_flash.c.obj
                0x080024fc                HAL_FLASH_Program
 .text.FLASH_Erase_Sector
                0x080025cc       0x3c CMakeFiles/XCORE407I_FIRMWARE.dir/home/marios/XCore407I-Firmware/st/STM32CubeF4/Drivers/STM32F4xx_HAL_Driver/Src/stm32f4xx_hal_flash_ex.c.obj
                0x080025cc                FLASH_Erase_Sector
 .text.FLASH_FlushCaches
                0x08002608       0x58 CMakeFiles/XCORE407I_FIRMWARE.dir/home/marios/XCore407I-Firmware/st/STM32CubeF4/Drivers/STM32F4xx_HAL_Driver/Src/stm32f4xx_hal_flash_ex.c.obj
                0x08002608                FLASH_FlushCaches
 .text.HAL_FLASHEx_Erase
                0x08002660       0xc4 CMakeFiles/XCORE407I_FIRMWARE.dir/home/marios/XCore407I-Firmware/st/STM32CubeF4/Drivers/STM32F4xx_HAL_Driver/Src/stm32f4xx_hal_flash_ex.c.obj
                0x08002660                HAL_FLASHEx_Erase
 .text.HAL_ETH_RxLinkCallback
                0x08002724        0x4 CMakeFiles/XCORE407I_FIRMWARE.dir/home/marios/XCore407I-Firmware/st/STM32CubeF4/Drivers/STM32F4xx_HAL_Driver/Src/stm32f4xx_hal_eth.c.obj
                0x08002724                HAL_ETH_RxLinkCallback
 .text.ETH_Prepare_Tx_Descriptors
                0x08002728      0x17c CMakeFiles/XCORE407I_FIRMWARE.dir/home/marios/XCore407I-Firmware/st/STM32CubeF4/Drivers/STM32F4xx_HAL_Driver/Src/stm32f4xx_hal_eth.c.obj
 .text.ETH_SetMACConfig
                0x080028a4       0xf0 CMakeFiles/XCORE407I_FIRMWARE.dir/home/marios/XCore407I-Firmware/st/STM32CubeF4/Drivers/STM32F4xx_HAL_Driver/Src/stm32f4xx_hal_eth.c.obj
 .text.ETH_SetDMAConfig
                0x08002994       0xa4 CMakeFiles/XCORE407I_FIRMWARE.dir/home/marios/XCore407I-Firmware/st/STM32CubeF4/Drivers/STM32F4xx_HAL_Driver/Src/stm32f4xx_hal_eth.c.obj
 .text.HAL_ETH_RxAllocateCallback
                0x08002a38        0x4 CMakeFiles/XCORE407I_FIRMWARE.dir/home/marios/XCore407I-Firmware/st/STM32CubeF4/Drivers/STM32F4xx_HAL_Driver/Src/stm32f4xx_hal_eth.c.obj
                0x08002a38                HAL_ETH_RxAllocateCallback
 .text.ETH_UpdateDescriptor
                0x08002a3c       0xa0 CMakeFiles/XCORE407I_FIRMWARE.dir/home/marios/XCore407I-Firmware/st/STM32CubeF4/Drivers/STM32F4xx_HAL_Driver/Src/stm32f4xx_hal_eth.c.obj
 .text.HAL_ETH_Init
                0x08002adc      0x248 CMakeFiles/XCORE407I_FIRMWARE.dir/home/marios/XCore407I-Firmware/st/STM32CubeF4/Drivers/STM32F4xx_HAL_Driver/Src/stm32f4xx_hal_eth.c.obj
                0x08002adc                HAL_ETH_Init
 .text.HAL_ETH_Start
                0x08002d24       0x8c CMakeFiles/XCORE407I_FIRMWARE.dir/home/marios/XCore407I-Firmware/st/STM32CubeF4/Drivers/STM32F4xx_HAL_Driver/Src/stm32f4xx_hal_eth.c.obj
                0x08002d24                HAL_ETH_Start
 .text.HAL_ETH_Transmit
                0x08002db0       0xb4 CMakeFiles/XCORE407I_FIRMWARE.dir/home/marios/XCore407I-Firmware/st/STM32CubeF4/Drivers/STM32F4xx_HAL_Driver/Src/stm32f4xx_hal_eth.c.obj
                0x08002db0                HAL_ETH_Transmit
 .text.HAL_ETH_ReadData
                0x08002e64      0x124 CMakeFiles/XCORE407I_FIRMWARE.dir/home/marios/XCore407I-Firmware/st/STM32CubeF4/Drivers/STM32F4xx_HAL_Driver/Src/stm32f4xx_hal_eth.c.obj
                0x08002e64                HAL_ETH_ReadData
 .text.HAL_ETH_ReadPHYRegister
                0x08002f88       0x50 CMakeFiles/XCORE407I_FIRMWARE.dir/home/marios/XCore407I-Firmware/st/STM32CubeF4/Drivers/STM32F4xx_HAL_Driver/Src/stm32f4xx_hal_eth.c.obj
                0x08002f88                HAL_ETH_ReadPHYRegister
 .text.TIM_OC1_SetConfig
                0x08002fd8       0x60 CMakeFiles/XCORE407I_FIRMWARE.dir/home/marios/XCore407I-Firmware/st/STM32CubeF4/Drivers/STM32F4xx_HAL_Driver/Src/stm32f4xx_hal_tim.c.obj
 .text.TIM_OC3_SetConfig
                0x08003038       0x64 CMakeFiles/XCORE407I_FIRMWARE.dir/home/marios/XCore407I-Firmware/st/STM32CubeF4/Drivers/STM32F4xx_HAL_Driver/Src/stm32f4xx_hal_tim.c.obj
 .text.TIM_OC4_SetConfig
                0x0800309c       0x50 CMakeFiles/XCORE407I_FIRMWARE.dir/home/marios/XCore407I-Firmware/st/STM32CubeF4/Drivers/STM32F4xx_HAL_Driver/Src/stm32f4xx_hal_tim.c.obj
 .text.HAL_TIM_Base_MspInit
                0x080030ec        0x4 CMakeFiles/XCORE407I_FIRMWARE.dir/home/marios/XCore407I-Firmware/st/STM32CubeF4/Drivers/STM32F4xx_HAL_Driver/Src/stm32f4xx_hal_tim.c.obj
                0x080030ec                HAL_TIM_Base_MspInit
 .text.HAL_TIM_OC_Start
                0x080030f0       0xcc CMakeFiles/XCORE407I_FIRMWARE.dir/home/marios/XCore407I-Firmware/st/STM32CubeF4/Drivers/STM32F4xx_HAL_Driver/Src/stm32f4xx_hal_tim.c.obj
                0x080030f0                HAL_TIM_OC_Start
 .text.HAL_TIM_PWM_MspInit
                0x080031bc        0x4 CMakeFiles/XCORE407I_FIRMWARE.dir/home/marios/XCore407I-Firmware/st/STM32CubeF4/Drivers/STM32F4xx_HAL_Driver/Src/stm32f4xx_hal_tim.c.obj
                0x080031bc                HAL_TIM_PWM_MspInit
 .text.HAL_TIM_Encoder_MspInit
                0x080031c0        0x4 CMakeFiles/XCORE407I_FIRMWARE.dir/home/marios/XCore407I-Firmware/st/STM32CubeF4/Drivers/STM32F4xx_HAL_Driver/Src/stm32f4xx_hal_tim.c.obj
                0x080031c0                HAL_TIM_Encoder_MspInit
 .text.HAL_TIM_Encoder_Start
                0x080031c4       0xc4 CMakeFiles/XCORE407I_FIRMWARE.dir/home/marios/XCore407I-Firmware/st/STM32CubeF4/Drivers/STM32F4xx_HAL_Driver/Src/stm32f4xx_hal_tim.c.obj
                0x080031c4                HAL_TIM_Encoder_Start
 .text.TIM_Base_SetConfig
                0x08003288       0xd0 CMakeFiles/XCORE407I_FIRMWARE.dir/home/marios/XCore407I-Firmware/st/STM32CubeF4/Drivers/STM32F4xx_HAL_Driver/Src/stm32f4xx_hal_tim.c.obj
                0x08003288                TIM_Base_SetConfig
 .text.HAL_TIM_Base_Init
                0x08003358       0x5c CMakeFiles/XCORE407I_FIRMWARE.dir/home/marios/XCore407I-Firmware/st/STM32CubeF4/Drivers/STM32F4xx_HAL_Driver/Src/stm32f4xx_hal_tim.c.obj
                0x08003358                HAL_TIM_Base_Init
 .text.HAL_TIM_PWM_Init
                0x080033b4       0x5c CMakeFiles/XCORE407I_FIRMWARE.dir/home/marios/XCore407I-Firmware/st/STM32CubeF4/Drivers/STM32F4xx_HAL_Driver/Src/stm32f4xx_hal_tim.c.obj
                0x080033b4                HAL_TIM_PWM_Init
 .text.HAL_TIM_Encoder_Init
                0x08003410       0xac CMakeFiles/XCORE407I_FIRMWARE.dir/home/marios/XCore407I-Firmware/st/STM32CubeF4/Drivers/STM32F4xx_HAL_Driver/Src/stm32f4xx_hal_tim.c.obj
                0x08003410                HAL_TIM_Encoder_Init
 .text.TIM_OC2_SetConfig
                0x080034bc       0x64 CMakeFiles/XCORE407I_FIRMWARE.dir/home/marios/XCore407I-Firmware/st/STM32CubeF4/Drivers/STM32F4xx_HAL_Driver/Src/stm32f4xx_hal_tim.c.obj
                0x080034bc                TIM_OC2_SetConfig
 .text.HAL_TIM_OC_ConfigChannel
                0x08003520       0x58 CMakeFiles/XCORE407I_FIRMWARE.dir/home/marios/XCore407I-Firmware/st/STM32CubeF4/Drivers/STM32F4xx_HAL_Driver/Src/stm32f4xx_hal_tim.c.obj
                0x08003520                HAL_TIM_OC_ConfigChannel
 .text.lwip_init
                0x08003578       0x1c liblwipcore.a(init.c.obj)
                0x08003578                lwip_init
 .text.mem_init
                0x08003594       0x3c liblwipcore.a(mem.c.obj)
                0x08003594                mem_init
 .text.mem_free
                0x080035d0       0xe0 liblwipcore.a(mem.c.obj)
                0x080035d0                mem_free
 .text.mem_trim
                0x080036b0       0xd0 liblwipcore.a(mem.c.obj)
                0x080036b0                mem_trim
 .text.mem_malloc
                0x08003780       0xd8 liblwipcore.a(mem.c.obj)
                0x08003780                mem_malloc
 .text.memp_init
                0x08003858       0x50 liblwipcore.a(memp.c.obj)
                0x08003858                memp_init
 .text.memp_malloc
                0x080038a8       0x20 liblwipcore.a(memp.c.obj)
                0x080038a8                memp_malloc
 .text.memp_free
                0x080038c8       0x1c liblwipcore.a(memp.c.obj)
                0x080038c8                memp_free
 .text.netif_null_output_ip4
                0x080038e4        0x8 liblwipcore.a(netif.c.obj)
 .text.netif_do_set_ipaddr.isra.0
                0x080038ec       0x44 liblwipcore.a(netif.c.obj)
 .text.netif_init
                0x08003930        0x4 liblwipcore.a(netif.c.obj)
                0x08003930                netif_init
 .text.netif_set_addr
                0x08003934       0x5c liblwipcore.a(netif.c.obj)
                0x08003934                netif_set_addr
 .text.netif_add
                0x08003990       0xb4 liblwipcore.a(netif.c.obj)
                0x08003990                netif_add
 .text.netif_set_default
                0x08003a44        0xc liblwipcore.a(netif.c.obj)
                0x08003a44                netif_set_default
 .text.netif_set_up
                0x08003a50       0x34 liblwipcore.a(netif.c.obj)
                0x08003a50                netif_set_up
 .text.netif_get_by_index
                0x08003a84       0x24 liblwipcore.a(netif.c.obj)
                0x08003a84                netif_get_by_index
 .text.pbuf_free.part.0
                0x08003aa8       0x60 liblwipcore.a(pbuf.c.obj)
 .text.pbuf_alloc
                0x08003b08       0xec liblwipcore.a(pbuf.c.obj)
                0x08003b08                pbuf_alloc
 .text.pbuf_alloced_custom
                0x08003bf4       0x3c liblwipcore.a(pbuf.c.obj)
                0x08003bf4                pbuf_alloced_custom
 .text.pbuf_realloc
                0x08003c30       0x70 liblwipcore.a(pbuf.c.obj)
                0x08003c30                pbuf_realloc
 .text.pbuf_add_header
                0x08003ca0       0x50 liblwipcore.a(pbuf.c.obj)
                0x08003ca0                pbuf_add_header
 .text.pbuf_remove_header
                0x08003cf0       0x34 liblwipcore.a(pbuf.c.obj)
                0x08003cf0                pbuf_remove_header
 .text.pbuf_header_force
                0x08003d24       0x70 liblwipcore.a(pbuf.c.obj)
                0x08003d24                pbuf_header_force
 .text.pbuf_free
                0x08003d94        0x8 liblwipcore.a(pbuf.c.obj)
                0x08003d94                pbuf_free
 .text.pbuf_clen
                0x08003d9c       0x14 liblwipcore.a(pbuf.c.obj)
                0x08003d9c                pbuf_clen
 .text.pbuf_ref
                0x08003db0        0xc liblwipcore.a(pbuf.c.obj)
                0x08003db0                pbuf_ref
 .text.pbuf_cat
                0x08003dbc       0x28 liblwipcore.a(pbuf.c.obj)
                0x08003dbc                pbuf_cat
 .text.pbuf_chain
                0x08003de4       0x34 liblwipcore.a(pbuf.c.obj)
                0x08003de4                pbuf_chain
 .text.pbuf_copy
                0x08003e18       0xe4 liblwipcore.a(pbuf.c.obj)
                0x08003e18                pbuf_copy
 .text.pbuf_copy_partial
                0x08003efc       0x78 liblwipcore.a(pbuf.c.obj)
                0x08003efc                pbuf_copy_partial
 .text.pbuf_take
                0x08003f74       0x4c liblwipcore.a(pbuf.c.obj)
                0x08003f74                pbuf_take
 .text.pbuf_clone
                0x08003fc0       0x1c liblwipcore.a(pbuf.c.obj)
                0x08003fc0                pbuf_clone
 .text.sys_timeout_abs
                0x08003fdc       0x3c liblwipcore.a(timeouts.c.obj)
 .text.lwip_cyclic_timer
                0x08004018       0x40 liblwipcore.a(timeouts.c.obj)
 .text.sys_timeouts_init
                0x08004058       0x2c liblwipcore.a(timeouts.c.obj)
                0x08004058                sys_timeouts_init
 .text.sys_check_timeouts
                0x08004084       0x50 liblwipcore.a(timeouts.c.obj)
                0x08004084                sys_check_timeouts
 .text.lwip_htons
                0x080040d4        0x8 liblwipcore.a(def.c.obj)
                0x080040d4                lwip_htons
 .text.lwip_htonl
                0x080040dc        0x4 liblwipcore.a(def.c.obj)
                0x080040dc                lwip_htonl
 .text.ip4_addr_isbroadcast_u32
                0x080040e0       0x38 liblwipcore.a(ip4_addr.c.obj)
                0x080040e0                ip4_addr_isbroadcast_u32
 .text.ip4_route
                0x08004118       0x70 liblwipcore.a(ip4.c.obj)
                0x08004118                ip4_route
 .text.ip4_input
                0x08004188      0x1f8 liblwipcore.a(ip4.c.obj)
                0x08004188                ip4_input
 .text.ip4_output_if_src
                0x08004380       0xf8 liblwipcore.a(ip4.c.obj)
                0x08004380                ip4_output_if_src
 .text.ip4_output_if
                0x08004478       0x24 liblwipcore.a(ip4.c.obj)
                0x08004478                ip4_output_if
 .text.ipfrag_free_pbuf_custom
                0x0800449c       0x18 liblwipcore.a(ip4_frag.c.obj)
 .text.ip_reass_free_complete_datagram
                0x080044b4       0x98 liblwipcore.a(ip4_frag.c.obj)
 .text.ip_reass_remove_oldest_datagram
                0x0800454c       0x88 liblwipcore.a(ip4_frag.c.obj)
 .text.ip_reass_tmr
                0x080045d4       0x30 liblwipcore.a(ip4_frag.c.obj)
                0x080045d4                ip_reass_tmr
 .text.ip4_reass
                0x08004604      0x3cc liblwipcore.a(ip4_frag.c.obj)
                0x08004604                ip4_reass
 .text.ip4_frag
                0x080049d0      0x1b8 liblwipcore.a(ip4_frag.c.obj)
                0x080049d0                ip4_frag
 .text.etharp_find_entry
                0x08004b88      0x124 liblwipcore.a(etharp.c.obj)
 .text.etharp_raw
                0x08004cac       0x88 liblwipcore.a(etharp.c.obj)
 .text.etharp_output_to_arp_index
                0x08004d34       0xc8 liblwipcore.a(etharp.c.obj)
 .text.etharp_tmr
                0x08004dfc       0x94 liblwipcore.a(etharp.c.obj)
                0x08004dfc                etharp_tmr
 .text.etharp_input
                0x08004e90      0x13c liblwipcore.a(etharp.c.obj)
                0x08004e90                etharp_input
 .text.etharp_query
                0x08004fcc      0x130 liblwipcore.a(etharp.c.obj)
                0x08004fcc                etharp_query
 .text.etharp_output
                0x080050fc       0xfc liblwipcore.a(etharp.c.obj)
                0x080050fc                etharp_output
 .text.etharp_request
                0x080051f8       0x2c liblwipcore.a(etharp.c.obj)
                0x080051f8                etharp_request
 .text.udp_init
                0x08005224       0x18 liblwipcore.a(udp.c.obj)
                0x08005224                udp_init
 .text.udp_input
                0x0800523c      0x1c4 liblwipcore.a(udp.c.obj)
                0x0800523c                udp_input
 .text.udp_bind
                0x08005400       0xdc liblwipcore.a(udp.c.obj)
                0x08005400                udp_bind
 .text.udp_sendto_if_src
                0x080054dc       0xf4 liblwipcore.a(udp.c.obj)
                0x080054dc                udp_sendto_if_src
 .text.udp_sendto_if
                0x080055d0       0x40 liblwipcore.a(udp.c.obj)
                0x080055d0                udp_sendto_if
 .text.udp_sendto
                0x08005610       0x48 liblwipcore.a(udp.c.obj)
                0x08005610                udp_sendto
 .text.udp_connect
                0x08005658       0x5c liblwipcore.a(udp.c.obj)
                0x08005658                udp_connect
 .text.udp_recv
                0x080056b4        0x8 liblwipcore.a(udp.c.obj)
                0x080056b4                udp_recv
 .text.udp_remove
                0x080056bc       0x34 liblwipcore.a(udp.c.obj)
                0x080056bc                udp_remove
 .text.udp_new  0x080056f0       0x1c liblwipcore.a(udp.c.obj)
                0x080056f0                udp_new
 .text.udp_new_ip_type
                0x0800570c       0x1c liblwipcore.a(udp.c.obj)
                0x0800570c                udp_new_ip_type
 .text.udp_netif_ip_addr_changed
                0x08005728       0x34 liblwipcore.a(udp.c.obj)
                0x08005728                udp_netif_ip_addr_changed
 .text.ethernet_input
                0x0800575c       0xa4 liblwipcore.a(ethernet.c.obj)
                0x0800575c                ethernet_input
 .text.ethernet_output
                0x08005800       0x50 liblwipcore.a(ethernet.c.obj)
                0x08005800                ethernet_output
 .text.dhcp_create_msg
                0x08005850      0x108 liblwipcore.a(dhcp.c.obj)
 .text.dhcp_check
                0x08005958       0x30 liblwipcore.a(dhcp.c.obj)
 .text.dhcp_bind
                0x08005988      0x15c liblwipcore.a(dhcp.c.obj)
 .text.dhcp_inc_pcb_refcount
                0x08005ae4       0x58 liblwipcore.a(dhcp.c.obj)
 .text.dhcp_handle_ack.isra.0
                0x08005b3c       0x80 liblwipcore.a(dhcp.c.obj)
 .text.dhcp_reboot.isra.0
                0x08005bbc      0x18c liblwipcore.a(dhcp.c.obj)
 .text.dhcp_discover
                0x08005d48      0x13c liblwipcore.a(dhcp.c.obj)
 .text.dhcp_select.isra.0
                0x08005e84      0x1e8 liblwipcore.a(dhcp.c.obj)
 .text.dhcp_recv
                0x0800606c      0x47c liblwipcore.a(dhcp.c.obj)
 .text.dhcp_arp_reply
                0x080064e8       0xf8 liblwipcore.a(dhcp.c.obj)
                0x080064e8                dhcp_arp_reply
 .text.dhcp_renew
                0x080065e0      0x13c liblwipcore.a(dhcp.c.obj)
                0x080065e0                dhcp_renew
 .text.dhcp_release_and_stop
                0x0800671c      0x138 liblwipcore.a(dhcp.c.obj)
                0x0800671c                dhcp_release_and_stop
 .text.dhcp_start
                0x08006854       0xa0 liblwipcore.a(dhcp.c.obj)
                0x08006854                dhcp_start
 .text.dhcp_coarse_tmr
                0x080068f4      0x1b8 liblwipcore.a(dhcp.c.obj)
                0x080068f4                dhcp_coarse_tmr
 .text.dhcp_fine_tmr
                0x08006aac       0xa8 liblwipcore.a(dhcp.c.obj)
                0x08006aac                dhcp_fine_tmr
 .text.dhcp_stop
                0x08006b54        0x4 liblwipcore.a(dhcp.c.obj)
                0x08006b54                dhcp_stop
 .text.dhcp_supplied_address
                0x08006b58       0x1c liblwipcore.a(dhcp.c.obj)
                0x08006b58                dhcp_supplied_address
 .text.sys_now  0x08006b74        0x4 liblwipcore.a(sys_arch.c.obj)
                0x08006b74                sys_now
 .text.lwip_standard_chksum
                0x08006b78       0x7c liblwipcore.a(inet_chksum.c.obj)
                0x08006b78                lwip_standard_chksum
 .text.inet_chksum_pseudo
                0x08006bf4       0x8c liblwipcore.a(inet_chksum.c.obj)
                0x08006bf4                inet_chksum_pseudo
 .text.ip_chksum_pseudo
                0x08006c80        0x4 liblwipcore.a(inet_chksum.c.obj)
                0x08006c80                ip_chksum_pseudo
 .text.inet_chksum
                0x08006c84        0xc liblwipcore.a(inet_chksum.c.obj)
                0x08006c84                inet_chksum
 .text.inet_chksum_pbuf
                0x08006c90       0x54 liblwipcore.a(inet_chksum.c.obj)
                0x08006c90                inet_chksum_pbuf
 .text.icmp_send_response
                0x08006ce4       0x84 liblwipcore.a(icmp.c.obj)
 .text.icmp_input
                0x08006d68      0x144 liblwipcore.a(icmp.c.obj)
                0x08006d68                icmp_input
 .text.icmp_dest_unreach
                0x08006eac        0x8 liblwipcore.a(icmp.c.obj)
                0x08006eac                icmp_dest_unreach
 .text.icmp_time_exceeded
                0x08006eb4        0x8 liblwipcore.a(icmp.c.obj)
                0x08006eb4                icmp_time_exceeded
 .text          0x08006ebc       0x30 /usr/lib/gcc/arm-none-eabi/12.2.1/thumb/v7e-m+fp/hard/libgcc.a(_aeabi_uldivmod.o)
                0x08006ebc                __aeabi_uldivmod
 .text          0x08006eec      0x2bc /usr/lib/gcc/arm-none-eabi/12.2.1/thumb/v7e-m+fp/hard/libgcc.a(_udivmoddi4.o)
                0x08006eec                __udivmoddi4
 .text          0x080071a8        0x4 /usr/lib/gcc/arm-none-eabi/12.2.1/thumb/v7e-m+fp/hard/libgcc.a(_dvmd_tls.o)
                0x080071a8                __aeabi_ldiv0
                0x080071a8                __aeabi_idiv0
 .text          0x080071ac       0x60 /usr/lib/gcc/arm-none-eabi/12.2.1/../../../arm-none-eabi/lib/thumb/v7e-m+fp/hard/libc.a(lib_a-memcmp.o)
                0x080071ac                memcmp
 .text          0x0800720c      0x134 /usr/lib/gcc/arm-none-eabi/12.2.1/../../../arm-none-eabi/lib/thumb/v7e-m+fp/hard/libc.a(lib_a-memcpy.o)
                0x0800720c                memcpy
 .text          0x08007340       0xa4 /usr/lib/gcc/arm-none-eabi/12.2.1/../../../arm-none-eabi/lib/thumb/v7e-m+fp/hard/libc.a(lib_a-memset.o)
                0x08007340                memset
 .text          0x080073e4       0x50 /usr/lib/gcc/arm-none-eabi/12.2.1/../../../arm-none-eabi/lib/thumb/v7e-m+fp/hard/libc.a(lib_a-rand.o)
                0x080073e4                srand
                0x080073f4                rand
 *(.rodata*)
 .rodata.remora_udp_send_feedback_unicast.str1.4
                0x08007434       0x14 CMakeFiles/XCORE407I_FIRMWARE.dir/home/marios/XCore407I-Firmware/Remora-OS6/Firmware/FirmwareSource/Remora-OS6/TARGET_XCORE407I/lwip/remora_udp.c.obj
 .rodata.soft_limit_max
                0x08007448       0x10 CMakeFiles/XCORE407I_FIRMWARE.dir/home/marios/XCore407I-Firmware/Remora-OS6/Firmware/FirmwareSource/Remora-OS6/TARGET_XCORE407I/motion_io.c.obj
 .rodata.soft_limit_min
                0x08007458       0x10 CMakeFiles/XCORE407I_FIRMWARE.dir/home/marios/XCore407I-Firmware/Remora-OS6/Firmware/FirmwareSource/Remora-OS6/TARGET_XCORE407I/motion_io.c.obj
 .rodata.homing_backoff_steps
                0x08007468       0x10 CMakeFiles/XCORE407I_FIRMWARE.dir/home/marios/XCore407I-Firmware/Remora-OS6/Firmware/FirmwareSource/Remora-OS6/TARGET_XCORE407I/homing.c.obj
 .rodata.homing_seek_speed
                0x08007478       0x10 CMakeFiles/XCORE407I_FIRMWARE.dir/home/marios/XCore407I-Firmware/Remora-OS6/Firmware/FirmwareSource/Remora-OS6/TARGET_XCORE407I/homing.c.obj
 .rodata.homing_dir
                0x08007488        0x4 CMakeFiles/XCORE407I_FIRMWARE.dir/home/marios/XCore407I-Firmware/Remora-OS6/Firmware/FirmwareSource/Remora-OS6/TARGET_XCORE407I/homing.c.obj
 .rodata.AHBPrescTable
                0x0800748c       0x10 CMakeFiles/XCORE407I_FIRMWARE.dir/home/marios/XCore407I-Firmware/st/STM32CubeF4/Drivers/CMSIS/Device/ST/STM32F4xx/Source/Templates/system_stm32f4xx.c.obj
                0x0800748c                AHBPrescTable
 .rodata.memp_pools
                0x0800749c       0x18 liblwipcore.a(memp.c.obj)
                0x0800749c                memp_pools
 .rodata.memp_PBUF_POOL
                0x080074b4        0xc liblwipcore.a(memp.c.obj)
                0x080074b4                memp_PBUF_POOL
 .rodata.memp_PBUF
                0x080074c0        0xc liblwipcore.a(memp.c.obj)
                0x080074c0                memp_PBUF
 .rodata.memp_SYS_TIMEOUT
                0x080074cc        0xc liblwipcore.a(memp.c.obj)
                0x080074cc                memp_SYS_TIMEOUT
 .rodata.memp_FRAG_PBUF
                0x080074d8        0xc liblwipcore.a(memp.c.obj)
                0x080074d8                memp_FRAG_PBUF
 .rodata.memp_REASSDATA
                0x080074e4        0xc liblwipcore.a(memp.c.obj)
                0x080074e4                memp_REASSDATA
 .rodata.memp_UDP_PCB
                0x080074f0        0xc liblwipcore.a(memp.c.obj)
                0x080074f0                memp_UDP_PCB
 .rodata.lwip_cyclic_timers
                0x080074fc       0x20 liblwipcore.a(timeouts.c.obj)
                0x080074fc                lwip_cyclic_timers
 .rodata.ip_addr_broadcast
                0x0800751c        0x4 liblwipcore.a(ip4_addr.c.obj)
                0x0800751c                ip_addr_broadcast
 .rodata.ip_addr_any
                0x08007520        0x4 liblwipcore.a(ip4_addr.c.obj)
                0x08007520                ip_addr_any
 .rodata.ethzero
                0x08007524        0x6 liblwipcore.a(ethernet.c.obj)
                0x08007524                ethzero
 *fill*         0x0800752a        0x2 
 .rodata.ethbroadcast
                0x0800752c        0x6 liblwipcore.a(ethernet.c.obj)
                0x0800752c                ethbroadcast
 *(.glue_7)
 .glue_7        0x08007532        0x0 linker stubs
 *(.glue_7t)
 .glue_7t       0x08007532        0x0 linker stubs
 *(.eh_frame)
 *(.ARM.extab*)
 *(.ARM.exidx*)
 *fill*         0x08007532        0x2 
 .ARM.exidx     0x08007534        0x8 /usr/lib/gcc/arm-none-eabi/12.2.1/thumb/v7e-m+fp/hard/libgcc.a(_udivmoddi4.o)

.vfp11_veneer   0x0800753c        0x0
 .vfp11_veneer  0x0800753c        0x0 linker stubs

.v4_bx          0x0800753c        0x0
 .v4_bx         0x0800753c        0x0 linker stubs

.iplt           0x0800753c        0x0
 .iplt          0x0800753c        0x0 CMakeFiles/XCORE407I_FIRMWARE.dir/startup_stm32f407xx.s.obj

.rel.dyn        0x0800753c        0x0
 .rel.iplt      0x0800753c        0x0 CMakeFiles/XCORE407I_FIRMWARE.dir/startup_stm32f407xx.s.obj

.ARM.extab
 *(.discard_arm_extab_dummy*)

.ARM.exidx
 *(.discard_arm_exidx_dummy*)

.preinit_array
 *(.preinit_array*)

.init_array
 *(.init_array*)

.fini_array
 *(.fini_array*)
                0x0800753c                        _sidata = LOADADDR (.data)

.data           0x20000000      0x460 load address 0x0800753c
                0x20000000                        _sdata = .
 *(.data*)
 .data.SystemCoreClock
                0x20000000        0x4 CMakeFiles/XCORE407I_FIRMWARE.dir/home/marios/XCore407I-Firmware/st/STM32CubeF4/Drivers/CMSIS/Device/ST/STM32F4xx/Source/Templates/system_stm32f4xx.c.obj
                0x20000000                SystemCoreClock
 .data.uwTickFreq
                0x20000004        0x1 CMakeFiles/XCORE407I_FIRMWARE.dir/home/marios/XCore407I-Firmware/st/STM32CubeF4/Drivers/STM32F4xx_HAL_Driver/Src/stm32f4xx_hal.c.obj
                0x20000004                uwTickFreq
 *fill*         0x20000005        0x3 
 .data.uwTickPrio
                0x20000008        0x4 CMakeFiles/XCORE407I_FIRMWARE.dir/home/marios/XCore407I-Firmware/st/STM32CubeF4/Drivers/STM32F4xx_HAL_Driver/Src/stm32f4xx_hal.c.obj
                0x20000008                uwTickPrio
 .data.pFlash   0x2000000c       0x20 CMakeFiles/XCORE407I_FIRMWARE.dir/home/marios/XCore407I-Firmware/st/STM32CubeF4/Drivers/STM32F4xx_HAL_Driver/Src/stm32f4xx_hal_flash.c.obj
                0x2000000c                pFlash
 .data.udp_port
                0x2000002c        0x2 liblwipcore.a(udp.c.obj)
 *fill*         0x2000002e        0x2 
 .data          0x20000030      0x430 /usr/lib/gcc/arm-none-eabi/12.2.1/../../../arm-none-eabi/lib/thumb/v7e-m+fp/hard/libc.a(lib_a-impure.o)
                0x20000030                _impure_ptr
 *(.ramfunc*)
                0x20000460                        _edata = .

.igot.plt       0x20000460        0x0 load address 0x0800799c
 .igot.plt      0x20000460        0x0 CMakeFiles/XCORE407I_FIRMWARE.dir/startup_stm32f407xx.s.obj

.ram            0x20000460      0x140 load address 0x0800799c
 .ram           0x20000460      0x140 CMakeFiles/XCORE407I_FIRMWARE.dir/home/marios/XCore407I-Firmware/Remora-OS6/Firmware/FirmwareSource/Remora-OS6/TARGET_XCORE407I/ethernet_init.c.obj

.ccm_data       0x10000000        0x0
                0x10000000                        _sccm = .
 *(.ccmram*)
                0x10000000                        _eccm = .

.bss            0x200005a0     0x930c load address 0x08007ae0
                0x200005a0                        _sbss = .
 *(.bss*)
 .bss.idx.0     0x200005a0        0x4 CMakeFiles/XCORE407I_FIRMWARE.dir/home/marios/XCore407I-Firmware/Remora-OS6/Firmware/FirmwareSource/Remora-OS6/TARGET_XCORE407I/ethernet_init.c.obj
 .bss.Rx_Buff   0x200005a4     0x17d0 CMakeFiles/XCORE407I_FIRMWARE.dir/home/marios/XCore407I-Firmware/Remora-OS6/Firmware/FirmwareSource/Remora-OS6/TARGET_XCORE407I/ethernet_init.c.obj
 .bss.heth      0x20001d74       0xb0 CMakeFiles/XCORE407I_FIRMWARE.dir/home/marios/XCore407I-Firmware/Remora-OS6/Firmware/FirmwareSource/Remora-OS6/TARGET_XCORE407I/ethernet_init.c.obj
                0x20001d74                heth
 .bss.txData    0x20001e24      0x100 CMakeFiles/XCORE407I_FIRMWARE.dir/home/marios/XCore407I-Firmware/Remora-OS6/Firmware/FirmwareSource/Remora-OS6/TARGET_XCORE407I/remora_data.c.obj
                0x20001e24                txData
 .bss.rxData    0x20001f24      0x100 CMakeFiles/XCORE407I_FIRMWARE.dir/home/marios/XCore407I-Firmware/Remora-OS6/Firmware/FirmwareSource/Remora-OS6/TARGET_XCORE407I/remora_data.c.obj
                0x20001f24                rxData
 .bss.last_link_check.0
                0x20002024        0x4 CMakeFiles/XCORE407I_FIRMWARE.dir/home/marios/XCore407I-Firmware/Remora-OS6/Firmware/FirmwareSource/Remora-OS6/TARGET_XCORE407I/lwip/ethernetif.c.obj
 .bss.eth_stats
                0x20002028       0x18 CMakeFiles/XCORE407I_FIRMWARE.dir/home/marios/XCore407I-Firmware/Remora-OS6/Firmware/FirmwareSource/Remora-OS6/TARGET_XCORE407I/lwip/ethernetif.c.obj
 .bss.g_netif   0x20002040       0x30 CMakeFiles/XCORE407I_FIRMWARE.dir/home/marios/XCore407I-Firmware/Remora-OS6/Firmware/FirmwareSource/Remora-OS6/TARGET_XCORE407I/lwip/lwip_port.c.obj
 .bss.g_dhcp_start_tick
                0x20002070        0x4 CMakeFiles/XCORE407I_FIRMWARE.dir/home/marios/XCore407I-Firmware/Remora-OS6/Firmware/FirmwareSource/Remora-OS6/TARGET_XCORE407I/lwip/lwip_port.c.obj
 .bss.g_dhcp_attempt
                0x20002074        0x1 CMakeFiles/XCORE407I_FIRMWARE.dir/home/marios/XCore407I-Firmware/Remora-OS6/Firmware/FirmwareSource/Remora-OS6/TARGET_XCORE407I/lwip/lwip_port.c.obj
 .bss.g_dhcp_active
                0x20002075        0x1 CMakeFiles/XCORE407I_FIRMWARE.dir/home/marios/XCore407I-Firmware/Remora-OS6/Firmware/FirmwareSource/Remora-OS6/TARGET_XCORE407I/lwip/lwip_port.c.obj
 .bss.last_client_port
                0x20002076        0x2 CMakeFiles/XCORE407I_FIRMWARE.dir/home/marios/XCore407I-Firmware/Remora-OS6/Firmware/FirmwareSource/Remora-OS6/TARGET_XCORE407I/lwip/remora_udp.c.obj
 .bss.last_client_ip
                0x20002078        0x4 CMakeFiles/XCORE407I_FIRMWARE.dir/home/marios/XCore407I-Firmware/Remora-OS6/Firmware/FirmwareSource/Remora-OS6/TARGET_XCORE407I/lwip/remora_udp.c.obj
 .bss.failsafe_active
                0x2000207c        0x1 CMakeFiles/XCORE407I_FIRMWARE.dir/home/marios/XCore407I-Firmware/Remora-OS6/Firmware/FirmwareSource/Remora-OS6/TARGET_XCORE407I/lwip/remora_udp.c.obj
 *fill*         0x2000207d        0x3 
 .bss.last_rx_tick
                0x20002080        0x4 CMakeFiles/XCORE407I_FIRMWARE.dir/home/marios/XCore407I-Firmware/Remora-OS6/Firmware/FirmwareSource/Remora-OS6/TARGET_XCORE407I/lwip/remora_udp.c.obj
 .bss.heartbeat_counter
                0x20002084        0x4 CMakeFiles/XCORE407I_FIRMWARE.dir/home/marios/XCore407I-Firmware/Remora-OS6/Firmware/FirmwareSource/Remora-OS6/TARGET_XCORE407I/lwip/remora_udp.c.obj
 .bss.rx_seq_gap_count
                0x20002088        0x4 CMakeFiles/XCORE407I_FIRMWARE.dir/home/marios/XCore407I-Firmware/Remora-OS6/Firmware/FirmwareSource/Remora-OS6/TARGET_XCORE407I/lwip/remora_udp.c.obj
 .bss.rx_seq_last
                0x2000208c        0x4 CMakeFiles/XCORE407I_FIRMWARE.dir/home/marios/XCore407I-Firmware/Remora-OS6/Firmware/FirmwareSource/Remora-OS6/TARGET_XCORE407I/lwip/remora_udp.c.obj
 .bss.tx_seq    0x20002090        0x4 CMakeFiles/XCORE407I_FIRMWARE.dir/home/marios/XCore407I-Firmware/Remora-OS6/Firmware/FirmwareSource/Remora-OS6/TARGET_XCORE407I/lwip/remora_udp.c.obj
 .bss.remora_pcb
                0x20002094        0x4 CMakeFiles/XCORE407I_FIRMWARE.dir/home/marios/XCore407I-Firmware/Remora-OS6/Firmware/FirmwareSource/Remora-OS6/TARGET_XCORE407I/lwip/remora_udp.c.obj
 .bss.htim8     0x20002098       0x48 CMakeFiles/XCORE407I_FIRMWARE.dir/home/marios/XCore407I-Firmware/Remora-OS6/Firmware/FirmwareSource/Remora-OS6/TARGET_XCORE407I/stepgen.c.obj
                0x20002098                htim8
 .bss.htim3     0x200020e0       0x48 CMakeFiles/XCORE407I_FIRMWARE.dir/home/marios/XCore407I-Firmware/Remora-OS6/Firmware/FirmwareSource/Remora-OS6/TARGET_XCORE407I/stepgen.c.obj
                0x200020e0                htim3
 .bss.htim4     0x20002128       0x48 CMakeFiles/XCORE407I_FIRMWARE.dir/home/marios/XCore407I-Firmware/Remora-OS6/Firmware/FirmwareSource/Remora-OS6/TARGET_XCORE407I/stepgen.c.obj
                0x20002128                htim4
 .bss.limit_mask
                0x20002170        0x4 CMakeFiles/XCORE407I_FIRMWARE.dir/home/marios/XCore407I-Firmware/Remora-OS6/Firmware/FirmwareSource/Remora-OS6/TARGET_XCORE407I/motion_io.c.obj
 .bss.estop_active
                0x20002174        0x4 CMakeFiles/XCORE407I_FIRMWARE.dir/home/marios/XCore407I-Firmware/Remora-OS6/Firmware/FirmwareSource/Remora-OS6/TARGET_XCORE407I/motion_io.c.obj
 .bss.motion_fault_mask
                0x20002178        0x4 CMakeFiles/XCORE407I_FIRMWARE.dir/home/marios/XCore407I-Firmware/Remora-OS6/Firmware/FirmwareSource/Remora-OS6/TARGET_XCORE407I/motion_io.c.obj
 .bss.last_tick_ms
                0x2000217c        0x4 CMakeFiles/XCORE407I_FIRMWARE.dir/home/marios/XCore407I-Firmware/Remora-OS6/Firmware/FirmwareSource/Remora-OS6/TARGET_XCORE407I/jog.c.obj
 .bss.jog_axes  0x20002180       0x50 CMakeFiles/XCORE407I_FIRMWARE.dir/home/marios/XCore407I-Firmware/Remora-OS6/Firmware/FirmwareSource/Remora-OS6/TARGET_XCORE407I/jog.c.obj
 .bss.homed_mask
                0x200021d0        0x4 CMakeFiles/XCORE407I_FIRMWARE.dir/home/marios/XCore407I-Firmware/Remora-OS6/Firmware/FirmwareSource/Remora-OS6/TARGET_XCORE407I/homing.c.obj
 .bss.axes      0x200021d4       0x50 CMakeFiles/XCORE407I_FIRMWARE.dir/home/marios/XCore407I-Firmware/Remora-OS6/Firmware/FirmwareSource/Remora-OS6/TARGET_XCORE407I/homing.c.obj
 .bss.g_dirty   0x20002224        0x4 CMakeFiles/XCORE407I_FIRMWARE.dir/home/marios/XCore407I-Firmware/Remora-OS6/Firmware/FirmwareSource/Remora-OS6/TARGET_XCORE407I/config_store.c.obj
 .bss.g_loaded  0x20002228        0x4 CMakeFiles/XCORE407I_FIRMWARE.dir/home/marios/XCore407I-Firmware/Remora-OS6/Firmware/FirmwareSource/Remora-OS6/TARGET_XCORE407I/config_store.c.obj
 *fill*         0x2000222c        0x4 
 .bss.g_cfg     0x20002230       0x54 CMakeFiles/XCORE407I_FIRMWARE.dir/home/marios/XCore407I-Firmware/Remora-OS6/Firmware/FirmwareSource/Remora-OS6/TARGET_XCORE407I/config_store.c.obj
 *fill*         0x20002284        0x4 
 .bss.henc2     0x20002288       0x48 CMakeFiles/XCORE407I_FIRMWARE.dir/home/marios/XCore407I-Firmware/Remora-OS6/Firmware/FirmwareSource/Remora-OS6/TARGET_XCORE407I/encoder.c.obj
 .bss.henc1     0x200022d0       0x48 CMakeFiles/XCORE407I_FIRMWARE.dir/home/marios/XCore407I-Firmware/Remora-OS6/Firmware/FirmwareSource/Remora-OS6/TARGET_XCORE407I/encoder.c.obj
 .bss.henc3     0x20002318       0x48 CMakeFiles/XCORE407I_FIRMWARE.dir/home/marios/XCore407I-Firmware/Remora-OS6/Firmware/FirmwareSource/Remora-OS6/TARGET_XCORE407I/encoder.c.obj
 .bss.uwTick    0x20002360        0x4 CMakeFiles/XCORE407I_FIRMWARE.dir/home/marios/XCore407I-Firmware/st/STM32CubeF4/Drivers/STM32F4xx_HAL_Driver/Src/stm32f4xx_hal.c.obj
                0x20002360                uwTick
 .bss.lfree     0x20002364        0x4 liblwipcore.a(mem.c.obj)
 .bss.ram_end   0x20002368        0x4 liblwipcore.a(mem.c.obj)
 .bss.ram       0x2000236c        0x4 liblwipcore.a(mem.c.obj)
 .bss.ram_heap  0x20002370     0x400c liblwipcore.a(mem.c.obj)
                0x20002370                ram_heap
 .bss.memp_tab_PBUF_POOL
                0x2000637c        0x4 liblwipcore.a(memp.c.obj)
 .bss.memp_memory_PBUF_POOL_base
                0x20006380     0x3080 liblwipcore.a(memp.c.obj)
                0x20006380                memp_memory_PBUF_POOL_base
 .bss.memp_tab_PBUF
                0x20009400        0x4 liblwipcore.a(memp.c.obj)
 .bss.memp_memory_PBUF_base
                0x20009404      0x100 liblwipcore.a(memp.c.obj)
                0x20009404                memp_memory_PBUF_base
 .bss.memp_tab_SYS_TIMEOUT
                0x20009504        0x4 liblwipcore.a(memp.c.obj)
 .bss.memp_memory_SYS_TIMEOUT_base
                0x20009508       0x40 liblwipcore.a(memp.c.obj)
                0x20009508                memp_memory_SYS_TIMEOUT_base
 .bss.memp_tab_FRAG_PBUF
                0x20009548        0x4 liblwipcore.a(memp.c.obj)
 .bss.memp_memory_FRAG_PBUF_base
                0x2000954c      0x168 liblwipcore.a(memp.c.obj)
                0x2000954c                memp_memory_FRAG_PBUF_base
 .bss.memp_tab_REASSDATA
                0x200096b4        0x4 liblwipcore.a(memp.c.obj)
 .bss.memp_memory_REASSDATA_base
                0x200096b8       0xa0 liblwipcore.a(memp.c.obj)
                0x200096b8                memp_memory_REASSDATA_base
 .bss.memp_tab_UDP_PCB
                0x20009758        0x4 liblwipcore.a(memp.c.obj)
 .bss.memp_memory_UDP_PCB_base
                0x2000975c       0x80 liblwipcore.a(memp.c.obj)
                0x2000975c                memp_memory_UDP_PCB_base
 .bss.netif_num
                0x200097dc        0x1 liblwipcore.a(netif.c.obj)
 *fill*         0x200097dd        0x3 
 .bss.netif_default
                0x200097e0        0x4 liblwipcore.a(netif.c.obj)
                0x200097e0                netif_default
 .bss.netif_list
                0x200097e4        0x4 liblwipcore.a(netif.c.obj)
                0x200097e4                netif_list
 .bss.current_timeout_due_time
                0x200097e8        0x4 liblwipcore.a(timeouts.c.obj)
 .bss.next_timeout
                0x200097ec        0x4 liblwipcore.a(timeouts.c.obj)
 .bss.ip_id     0x200097f0        0x2 liblwipcore.a(ip4.c.obj)
 .bss.ip_reass_pbufcount
                0x200097f2        0x2 liblwipcore.a(ip4_frag.c.obj)
 .bss.reassdatagrams
                0x200097f4        0x4 liblwipcore.a(ip4_frag.c.obj)
 .bss.etharp_cached_entry
                0x200097f8        0x1 liblwipcore.a(etharp.c.obj)
 *fill*         0x200097f9        0x3 
 .bss.arp_table
                0x200097fc       0x60 liblwipcore.a(etharp.c.obj)
 .bss.udp_pcbs  0x2000985c        0x4 liblwipcore.a(udp.c.obj)
                0x2000985c                udp_pcbs
 .bss.xid.0     0x20009860        0x4 liblwipcore.a(dhcp.c.obj)
 .bss.dhcp_pcb_refcount
                0x20009864        0x1 liblwipcore.a(dhcp.c.obj)
 *fill*         0x20009865        0x3 
 .bss.dhcp_pcb  0x20009868        0x4 liblwipcore.a(dhcp.c.obj)
 .bss.dhcp_rx_options_given
                0x2000986c        0x8 liblwipcore.a(dhcp.c.obj)
                0x2000986c                dhcp_rx_options_given
 .bss.dhcp_rx_options_val
                0x20009874       0x20 liblwipcore.a(dhcp.c.obj)
                0x20009874                dhcp_rx_options_val
 .bss.ip_data   0x20009894       0x18 liblwipcore.a(ip.c.obj)
                0x20009894                ip_data
 *(COMMON)
                0x200098ac                        _ebss = .

._user_heap_stack
                0x200098ac     0x1800 load address 0x08010dec
                [!provide]                        PROVIDE (end = .)
                0x200098ac                        PROVIDE (_end = .)
                0x2000a8ac                        . = (. + 0x1000)
 *fill*         0x200098ac     0x1000 
                0x2000b0ac                        . = (. + 0x800)
 *fill*         0x2000a8ac      0x800 
OUTPUT(XCORE407I_FIRMWARE elf32-littlearm)
LOAD linker stubs

.ARM.attributes
                0x00000000       0x35
 .ARM.attributes
                0x00000000       0x25 CMakeFiles/XCORE407I_FIRMWARE.dir/startup_stm32f407xx.s.obj
 .ARM.attributes
                0x00000025       0x34 CMakeFiles/XCORE407I_FIRMWARE.dir/home/marios/XCore407I-Firmware/Remora-OS6/Firmware/FirmwareSource/Remora-OS6/TARGET_XCORE407I/main_xcore407i.cpp.obj
 .ARM.attributes
                0x00000059       0x34 CMakeFiles/XCORE407I_FIRMWARE.dir/home/marios/XCore407I-Firmware/Remora-OS6/Firmware/FirmwareSource/Remora-OS6/TARGET_XCORE407I/system_clock.c.obj
 .ARM.attributes
                0x0000008d       0x34 CMakeFiles/XCORE407I_FIRMWARE.dir/home/marios/XCore407I-Firmware/Remora-OS6/Firmware/FirmwareSource/Remora-OS6/TARGET_XCORE407I/ethernet_init.c.obj
 .ARM.attributes
                0x000000c1       0x34 CMakeFiles/XCORE407I_FIRMWARE.dir/home/marios/XCore407I-Firmware/Remora-OS6/Firmware/FirmwareSource/Remora-OS6/TARGET_XCORE407I/remora_data.c.obj
 .ARM.attributes
                0x000000f5       0x34 CMakeFiles/XCORE407I_FIRMWARE.dir/home/marios/XCore407I-Firmware/Remora-OS6/Firmware/FirmwareSource/Remora-OS6/TARGET_XCORE407I/lwip/ethernetif.c.obj
 .ARM.attributes
                0x00000129       0x34 CMakeFiles/XCORE407I_FIRMWARE.dir/home/marios/XCore407I-Firmware/Remora-OS6/Firmware/FirmwareSource/Remora-OS6/TARGET_XCORE407I/lwip/lwip_port.c.obj
 .ARM.attributes
                0x0000015d       0x34 CMakeFiles/XCORE407I_FIRMWARE.dir/home/marios/XCore407I-Firmware/Remora-OS6/Firmware/FirmwareSource/Remora-OS6/TARGET_XCORE407I/lwip/remora_udp.c.obj
 .ARM.attributes
                0x00000191       0x34 CMakeFiles/XCORE407I_FIRMWARE.dir/home/marios/XCore407I-Firmware/Remora-OS6/Firmware/FirmwareSource/Remora-OS6/TARGET_XCORE407I/stepgen.c.obj
 .ARM.attributes
                0x000001c5       0x34 CMakeFiles/XCORE407I_FIRMWARE.dir/home/marios/XCore407I-Firmware/Remora-OS6/Firmware/FirmwareSource/Remora-OS6/TARGET_XCORE407I/motion_io.c.obj
 .ARM.attributes
                0x000001f9       0x34 CMakeFiles/XCORE407I_FIRMWARE.dir/home/marios/XCore407I-Firmware/Remora-OS6/Firmware/FirmwareSource/Remora-OS6/TARGET_XCORE407I/jog.c.obj
 .ARM.attributes
                0x0000022d       0x34 CMakeFiles/XCORE407I_FIRMWARE.dir/home/marios/XCore407I-Firmware/Remora-OS6/Firmware/FirmwareSource/Remora-OS6/TARGET_XCORE407I/homing.c.obj
 .ARM.attributes
                0x00000261       0x34 CMakeFiles/XCORE407I_FIRMWARE.dir/home/marios/XCore407I-Firmware/Remora-OS6/Firmware/FirmwareSource/Remora-OS6/TARGET_XCORE407I/config_store.c.obj
 .ARM.attributes
                0x00000295       0x34 CMakeFiles/XCORE407I_FIRMWARE.dir/home/marios/XCore407I-Firmware/Remora-OS6/Firmware/FirmwareSource/Remora-OS6/TARGET_XCORE407I/encoder.c.obj
 .ARM.attributes
                0x000002c9       0x34 CMakeFiles/XCORE407I_FIRMWARE.dir/home/marios/XCore407I-Firmware/st/STM32CubeF4/Drivers/CMSIS/Device/ST/STM32F4xx/Source/Templates/system_stm32f4xx.c.obj
 .ARM.attributes
                0x000002fd       0x34 CMakeFiles/XCORE407I_FIRMWARE.dir/home/marios/XCore407I-Firmware/st/STM32CubeF4/Drivers/STM32F4xx_HAL_Driver/Src/stm32f4xx_hal.c.obj
 .ARM.attributes
                0x00000331       0x34 CMakeFiles/XCORE407I_FIRMWARE.dir/home/marios/XCore407I-Firmware/st/STM32CubeF4/Drivers/STM32F4xx_HAL_Driver/Src/stm32f4xx_hal_rcc.c.obj
 .ARM.attributes
                0x00000365       0x34 CMakeFiles/XCORE407I_FIRMWARE.dir/home/marios/XCore407I-Firmware/st/STM32CubeF4/Drivers/STM32F4xx_HAL_Driver/Src/stm32f4xx_hal_gpio.c.obj
 .ARM.attributes
                0x00000399       0x34 CMakeFiles/XCORE407I_FIRMWARE.dir/home/marios/XCore407I-Firmware/st/STM32CubeF4/Drivers/STM32F4xx_HAL_Driver/Src/stm32f4xx_hal_cortex.c.obj
 .ARM.attributes
                0x000003cd       0x34 CMakeFiles/XCORE407I_FIRMWARE.dir/home/marios/XCore407I-Firmware/st/STM32CubeF4/Drivers/STM32F4xx_HAL_Driver/Src/stm32f4xx_hal_flash.c.obj
 .ARM.attributes
                0x00000401       0x34 CMakeFiles/XCORE407I_FIRMWARE.dir/home/marios/XCore407I-Firmware/st/STM32CubeF4/Drivers/STM32F4xx_HAL_Driver/Src/stm32f4xx_hal_flash_ex.c.obj
 .ARM.attributes
                0x00000435       0x34 CMakeFiles/XCORE407I_FIRMWARE.dir/home/marios/XCore407I-Firmware/st/STM32CubeF4/Drivers/STM32F4xx_HAL_Driver/Src/stm32f4xx_hal_eth.c.obj
 .ARM.attributes
                0x00000469       0x34 CMakeFiles/XCORE407I_FIRMWARE.dir/home/marios/XCore407I-Firmware/st/STM32CubeF4/Drivers/STM32F4xx_HAL_Driver/Src/stm32f4xx_hal_tim.c.obj
 .ARM.attributes
                0x0000049d       0x34 liblwipcore.a(init.c.obj)
 .ARM.attributes
                0x000004d1       0x34 liblwipcore.a(mem.c.obj)
 .ARM.attributes
                0x00000505       0x34 liblwipcore.a(memp.c.obj)
 .ARM.attributes
                0x00000539       0x34 liblwipcore.a(netif.c.obj)
 .ARM.attributes
                0x0000056d       0x34 liblwipcore.a(pbuf.c.obj)
 .ARM.attributes
                0x000005a1       0x34 liblwipcore.a(timeouts.c.obj)
 .ARM.attributes
                0x000005d5       0x34 liblwipcore.a(def.c.obj)
 .ARM.attributes
                0x00000609       0x34 liblwipcore.a(ip4_addr.c.obj)
 .ARM.attributes
                0x0000063d       0x34 liblwipcore.a(ip4.c.obj)
 .ARM.attributes
                0x00000671       0x34 liblwipcore.a(ip4_frag.c.obj)
 .ARM.attributes
                0x000006a5       0x34 liblwipcore.a(etharp.c.obj)
 .ARM.attributes
                0x000006d9       0x34 liblwipcore.a(udp.c.obj)
 .ARM.attributes
                0x0000070d       0x34 liblwipcore.a(ethernet.c.obj)
 .ARM.attributes
                0x00000741       0x34 liblwipcore.a(dhcp.c.obj)
 .ARM.attributes
                0x00000775       0x34 liblwipcore.a(sys_arch.c.obj)
 .ARM.attributes
                0x000007a9       0x34 liblwipcore.a(ip.c.obj)
 .ARM.attributes
                0x000007dd       0x34 liblwipcore.a(inet_chksum.c.obj)
 .ARM.attributes
                0x00000811       0x34 liblwipcore.a(icmp.c.obj)
 .ARM.attributes
                0x00000845       0x22 /usr/lib/gcc/arm-none-eabi/12.2.1/thumb/v7e-m+fp/hard/libgcc.a(_aeabi_uldivmod.o)
 .ARM.attributes
                0x00000867       0x34 /usr/lib/gcc/arm-none-eabi/12.2.1/thumb/v7e-m+fp/hard/libgcc.a(_udivmoddi4.o)
 .ARM.attributes
                0x0000089b       0x22 /usr/lib/gcc/arm-none-eabi/12.2.1/thumb/v7e-m+fp/hard/libgcc.a(_dvmd_tls.o)
 .ARM.attributes
                0x000008bd       0x34 /usr/lib/gcc/arm-none-eabi/12.2.1/../../../arm-none-eabi/lib/thumb/v7e-m+fp/hard/libc.a(lib_a-impure.o)
 .ARM.attributes
                0x000008f1       0x34 /usr/lib/gcc/arm-none-eabi/12.2.1/../../../arm-none-eabi/lib/thumb/v7e-m+fp/hard/libc.a(lib_a-memcmp.o)
 .ARM.attributes
                0x00000925       0x20 /usr/lib/gcc/arm-none-eabi/12.2.1/../../../arm-none-eabi/lib/thumb/v7e-m+fp/hard/libc.a(lib_a-memcpy.o)
 .ARM.attributes
                0x00000945       0x34 /usr/lib/gcc/arm-none-eabi/12.2.1/../../../arm-none-eabi/lib/thumb/v7e-m+fp/hard/libc.a(lib_a-memset.o)
 .ARM.attributes
                0x00000979       0x34 /usr/lib/gcc/arm-none-eabi/12.2.1/../../../arm-none-eabi/lib/thumb/v7e-m+fp/hard/libc.a(lib_a-rand.o)

.comment        0x00000000       0x26
 .comment       0x00000000       0x26 CMakeFiles/XCORE407I_FIRMWARE.dir/home/marios/XCore407I-Firmware/Remora-OS6/Firmware/FirmwareSource/Remora-OS6/TARGET_XCORE407I/main_xcore407i.cpp.obj
                                 0x27 (size before relaxing)
 .comment       0x00000026       0x27 CMakeFiles/XCORE407I_FIRMWARE.dir/home/marios/XCore407I-Firmware/Remora-OS6/Firmware/FirmwareSource/Remora-OS6/TARGET_XCORE407I/system_clock.c.obj
 .comment       0x00000026       0x27 CMakeFiles/XCORE407I_FIRMWARE.dir/home/marios/XCore407I-Firmware/Remora-OS6/Firmware/FirmwareSource/Remora-OS6/TARGET_XCORE407I/ethernet_init.c.obj
 .comment       0x00000026       0x27 CMakeFiles/XCORE407I_FIRMWARE.dir/home/marios/XCore407I-Firmware/Remora-OS6/Firmware/FirmwareSource/Remora-OS6/TARGET_XCORE407I/remora_data.c.obj
 .comment       0x00000026       0x27 CMakeFiles/XCORE407I_FIRMWARE.dir/home/marios/XCore407I-Firmware/Remora-OS6/Firmware/FirmwareSource/Remora-OS6/TARGET_XCORE407I/lwip/ethernetif.c.obj
 .comment       0x00000026       0x27 CMakeFiles/XCORE407I_FIRMWARE.dir/home/marios/XCore407I-Firmware/Remora-OS6/Firmware/FirmwareSource/Remora-OS6/TARGET_XCORE407I/lwip/lwip_port.c.obj
 .comment       0x00000026       0x27 CMakeFiles/XCORE407I_FIRMWARE.dir/home/marios/XCore407I-Firmware/Remora-OS6/Firmware/FirmwareSource/Remora-OS6/TARGET_XCORE407I/lwip/remora_udp.c.obj
 .comment       0x00000026       0x27 CMakeFiles/XCORE407I_FIRMWARE.dir/home/marios/XCore407I-Firmware/Remora-OS6/Firmware/FirmwareSource/Remora-OS6/TARGET_XCORE407I/stepgen.c.obj
 .comment       0x00000026       0x27 CMakeFiles/XCORE407I_FIRMWARE.dir/home/marios/XCore407I-Firmware/Remora-OS6/Firmware/FirmwareSource/Remora-OS6/TARGET_XCORE407I/motion_io.c.obj
 .comment       0x00000026       0x27 CMakeFiles/XCORE407I_FIRMWARE.dir/home/marios/XCore407I-Firmware/Remora-OS6/Firmware/FirmwareSource/Remora-OS6/TARGET_XCORE407I/jog.c.obj
 .comment       0x00000026       0x27 CMakeFiles/XCORE407I_FIRMWARE.dir/home/marios/XCore407I-Firmware/Remora-OS6/Firmware/FirmwareSource/Remora-OS6/TARGET_XCORE407I/homing.c.obj
 .comment       0x00000026       0x27 CMakeFiles/XCORE407I_FIRMWARE.dir/home/marios/XCore407I-Firmware/Remora-OS6/Firmware/FirmwareSource/Remora-OS6/TARGET_XCORE407I/config_store.c.obj
 .comment       0x00000026       0x27 CMakeFiles/XCORE407I_FIRMWARE.dir/home/marios/XCore407I-Firmware/Remora-OS6/Firmware/FirmwareSource/Remora-OS6/TARGET_XCORE407I/encoder.c.obj
 .comment       0x00000026       0x27 CMakeFiles/XCORE407I_FIRMWARE.dir/home/marios/XCore407I-Firmware/st/STM32CubeF4/Drivers/CMSIS/Device/ST/STM32F4xx/Source/Templates/system_stm32f4xx.c.obj
 .comment       0x00000026       0x27 CMakeFiles/XCORE407I_FIRMWARE.dir/home/marios/XCore407I-Firmware/st/STM32CubeF4/Drivers/STM32F4xx_HAL_Driver/Src/stm32f4xx_hal.c.obj
 .comment       0x00000026       0x27 CMakeFiles/XCORE407I_FIRMWARE.dir/home/marios/XCore407I-Firmware/st/STM32CubeF4/Drivers/STM32F4xx_HAL_Driver/Src/stm32f4xx_hal_rcc.c.obj
 .comment       0x00000026       0x27 CMakeFiles/XCORE407I_FIRMWARE.dir/home/marios/XCore407I-Firmware/st/STM32CubeF4/Drivers/STM32F4xx_HAL_Driver/Src/stm32f4xx_hal_gpio.c.obj
 .comment       0x00000026       0x27 CMakeFiles/XCORE407I_FIRMWARE.dir/home/marios/XCore407I-Firmware/st/STM32CubeF4/Drivers/STM32F4xx_HAL_Driver/Src/stm32f4xx_hal_cortex.c.obj
 .comment       0x00000026       0x27 CMakeFiles/XCORE407I_FIRMWARE.dir/home/marios/XCore407I-Firmware/st/STM32CubeF4/Drivers/STM32F4xx_HAL_Driver/Src/stm32f4xx_hal_flash.c.obj
 .comment       0x00000026       0x27 CMakeFiles/XCORE407I_FIRMWARE.dir/home/marios/XCore407I-Firmware/st/STM32CubeF4/Drivers/STM32F4xx_HAL_Driver/Src/stm32f4xx_hal_flash_ex.c.obj
 .comment       0x00000026       0x27 CMakeFiles/XCORE407I_FIRMWARE.dir/home/marios/XCore407I-Firmware/st/STM32CubeF4/Drivers/STM32F4xx_HAL_Driver/Src/stm32f4xx_hal_eth.c.obj
 .comment       0x00000026       0x27 CMakeFiles/XCORE407I_FIRMWARE.dir/home/marios/XCore407I-Firmware/st/STM32CubeF4/Drivers/STM32F4xx_HAL_Driver/Src/stm32f4xx_hal_tim.c.obj
 .comment       0x00000026       0x27 liblwipcore.a(init.c.obj)
 .comment       0x00000026       0x27 liblwipcore.a(mem.c.obj)
 .comment       0x00000026       0x27 liblwipcore.a(memp.c.obj)
 .comment       0x00000026       0x27 liblwipcore.a(netif.c.obj)
 .comment       0x00000026       0x27 liblwipcore.a(pbuf.c.obj)
 .comment       0x00000026       0x27 liblwipcore.a(timeouts.c.obj)
 .comment       0x00000026       0x27 liblwipcore.a(def.c.obj)
 .comment       0x00000026       0x27 liblwipcore.a(ip4_addr.c.obj)
 .comment       0x00000026       0x27 liblwipcore.a(ip4.c.obj)
 .comment       0x00000026       0x27 liblwipcore.a(ip4_frag.c.obj)
 .comment       0x00000026       0x27 liblwipcore.a(etharp.c.obj)
 .comment       0x00000026       0x27 liblwipcore.a(udp.c.obj)
 .comment       0x00000026       0x27 liblwipcore.a(ethernet.c.obj)
 .comment       0x00000026       0x27 liblwipcore.a(dhcp.c.obj)
 .comment       0x00000026       0x27 liblwipcore.a(sys_arch.c.obj)
 .comment       0x00000026       0x27 liblwipcore.a(ip.c.obj)
 .comment       0x00000026       0x27 liblwipcore.a(inet_chksum.c.obj)
 .comment       0x00000026       0x27 liblwipcore.a(icmp.c.obj)
 .comment       0x00000026       0x27 /usr/lib/gcc/arm-none-eabi/12.2.1/thumb/v7e-m+fp/hard/libgcc.a(_udivmoddi4.o)
 .comment       0x00000026       0x27 /usr/lib/gcc/arm-none-eabi/12.2.1/../../../arm-none-eabi/lib/thumb/v7e-m+fp/hard/libc.a(lib_a-impure.o)
 .comment       0x00000026       0x27 /usr/lib/gcc/arm-none-eabi/12.2.1/../../../arm-none-eabi/lib/thumb/v7e-m+fp/hard/libc.a(lib_a-memcmp.o)
 .comment       0x00000026       0x27 /usr/lib/gcc/arm-none-eabi/12.2.1/../../../arm-none-eabi/lib/thumb/v7e-m+fp/hard/libc.a(lib_a-memset.o)
 .comment       0x00000026       0x27 /usr/lib/gcc/arm-none-eabi/12.2.1/../../../arm-none-eabi/lib/thumb/v7e-m+fp/hard/libc.a(lib_a-rand.o)

.debug_line     0x00000000      0xc23
 .debug_line    0x00000000       0x4e /usr/lib/gcc/arm-none-eabi/12.2.1/thumb/v7e-m+fp/hard/libgcc.a(_aeabi_uldivmod.o)
 .debug_line    0x0000004e      0x576 /usr/lib/gcc/arm-none-eabi/12.2.1/thumb/v7e-m+fp/hard/libgcc.a(_udivmoddi4.o)
 .debug_line    0x000005c4       0x4a /usr/lib/gcc/arm-none-eabi/12.2.1/thumb/v7e-m+fp/hard/libgcc.a(_dvmd_tls.o)
 .debug_line    0x0000060e       0xde /usr/lib/gcc/arm-none-eabi/12.2.1/../../../arm-none-eabi/lib/thumb/v7e-m+fp/hard/libc.a(lib_a-impure.o)
 .debug_line    0x000006ec      0x160 /usr/lib/gcc/arm-none-eabi/12.2.1/../../../arm-none-eabi/lib/thumb/v7e-m+fp/hard/libc.a(lib_a-memcmp.o)
 .debug_line    0x0000084c       0xb9 /usr/lib/gcc/arm-none-eabi/12.2.1/../../../arm-none-eabi/lib/thumb/v7e-m+fp/hard/libc.a(lib_a-memcpy.o)
 .debug_line    0x00000905      0x1b0 /usr/lib/gcc/arm-none-eabi/12.2.1/../../../arm-none-eabi/lib/thumb/v7e-m+fp/hard/libc.a(lib_a-memset.o)
 .debug_line    0x00000ab5      0x16e /usr/lib/gcc/arm-none-eabi/12.2.1/../../../arm-none-eabi/lib/thumb/v7e-m+fp/hard/libc.a(lib_a-rand.o)

.debug_line_str
                0x00000000      0x142
 .debug_line_str
                0x00000000       0x97 /usr/lib/gcc/arm-none-eabi/12.2.1/thumb/v7e-m+fp/hard/libgcc.a(_aeabi_uldivmod.o)
 .debug_line_str
                0x00000097        0xc /usr/lib/gcc/arm-none-eabi/12.2.1/thumb/v7e-m+fp/hard/libgcc.a(_dvmd_tls.o)
                                 0x9b (size before relaxing)
 .debug_line_str
                0x000000a3       0x9f /usr/lib/gcc/arm-none-eabi/12.2.1/../../../arm-none-eabi/lib/thumb/v7e-m+fp/hard/libc.a(lib_a-memcpy.o)

.debug_info     0x00000000     0x1b8b
 .debug_info    0x00000000       0x24 /usr/lib/gcc/arm-none-eabi/12.2.1/thumb/v7e-m+fp/hard/libgcc.a(_aeabi_uldivmod.o)
 .debug_info    0x00000024      0x6ef /usr/lib/gcc/arm-none-eabi/12.2.1/thumb/v7e-m+fp/hard/libgcc.a(_udivmoddi4.o)
 .debug_info    0x00000713       0x39 /usr/lib/gcc/arm-none-eabi/12.2.1/thumb/v7e-m+fp/hard/libgcc.a(_dvmd_tls.o)
 .debug_info    0x0000074c      0x8be /usr/lib/gcc/arm-none-eabi/12.2.1/../../../arm-none-eabi/lib/thumb/v7e-m+fp/hard/libc.a(lib_a-impure.o)
 .debug_info    0x0000100a      0x12b /usr/lib/gcc/arm-none-eabi/12.2.1/../../../arm-none-eabi/lib/thumb/v7e-m+fp/hard/libc.a(lib_a-memcmp.o)
 .debug_info    0x00001135       0x33 /usr/lib/gcc/arm-none-eabi/12.2.1/../../../arm-none-eabi/lib/thumb/v7e-m+fp/hard/libc.a(lib_a-memcpy.o)
 .debug_info    0x00001168      0x135 /usr/lib/gcc/arm-none-eabi/12.2.1/../../../arm-none-eabi/lib/thumb/v7e-m+fp/hard/libc.a(lib_a-memset.o)
 .debug_info    0x0000129d      0x8ee /usr/lib/gcc/arm-none-eabi/12.2.1/../../../arm-none-eabi/lib/thumb/v7e-m+fp/hard/libc.a(lib_a-rand.o)

.debug_abbrev   0x00000000      0x6e6
 .debug_abbrev  0x00000000       0x14 /usr/lib/gcc/arm-none-eabi/12.2.1/thumb/v7e-m+fp/hard/libgcc.a(_aeabi_uldivmod.o)
 .debug_abbrev  0x00000014      0x16a /usr/lib/gcc/arm-none-eabi/12.2.1/thumb/v7e-m+fp/hard/libgcc.a(_udivmoddi4.o)
 .debug_abbrev  0x0000017e       0x1f /usr/lib/gcc/arm-none-eabi/12.2.1/thumb/v7e-m+fp/hard/libgcc.a(_dvmd_tls.o)
 .debug_abbrev  0x0000019d      0x1ca /usr/lib/gcc/arm-none-eabi/12.2.1/../../../arm-none-eabi/lib/thumb/v7e-m+fp/hard/libc.a(lib_a-impure.o)
 .debug_abbrev  0x00000367       0x90 /usr/lib/gcc/arm-none-eabi/12.2.1/../../../arm-none-eabi/lib/thumb/v7e-m+fp/hard/libc.a(lib_a-memcmp.o)
 .debug_abbrev  0x000003f7       0x28 /usr/lib/gcc/arm-none-eabi/12.2.1/../../../arm-none-eabi/lib/thumb/v7e-m+fp/hard/libc.a(lib_a-memcpy.o)
 .debug_abbrev  0x0000041f       0xb7 /usr/lib/gcc/arm-none-eabi/12.2.1/../../../arm-none-eabi/lib/thumb/v7e-m+fp/hard/libc.a(lib_a-memset.o)
 .debug_abbrev  0x000004d6      0x210 /usr/lib/gcc/arm-none-eabi/12.2.1/../../../arm-none-eabi/lib/thumb/v7e-m+fp/hard/libc.a(lib_a-rand.o)

.debug_aranges  0x00000000       0xf8
 .debug_aranges
                0x00000000       0x20 /usr/lib/gcc/arm-none-eabi/12.2.1/thumb/v7e-m+fp/hard/libgcc.a(_aeabi_uldivmod.o)
 .debug_aranges
                0x00000020       0x20 /usr/lib/gcc/arm-none-eabi/12.2.1/thumb/v7e-m+fp/hard/libgcc.a(_udivmoddi4.o)
 .debug_aranges
                0x00000040       0x20 /usr/lib/gcc/arm-none-eabi/12.2.1/thumb/v7e-m+fp/hard/libgcc.a(_dvmd_tls.o)
 .debug_aranges
                0x00000060       0x18 /usr/lib/gcc/arm-none-eabi/12.2.1/../../../arm-none-eabi/lib/thumb/v7e-m+fp/hard/libc.a(lib_a-impure.o)
 .debug_aranges
                0x00000078       0x20 /usr/lib/gcc/arm-none-eabi/12.2.1/../../../arm-none-eabi/lib/thumb/v7e-m+fp/hard/libc.a(lib_a-memcmp.o)
 .debug_aranges
                0x00000098       0x20 /usr/lib/gcc/arm-none-eabi/12.2.1/../../../arm-none-eabi/lib/thumb/v7e-m+fp/hard/libc.a(lib_a-memcpy.o)
 .debug_aranges
                0x000000b8       0x20 /usr/lib/gcc/arm-none-eabi/12.2.1/../../../arm-none-eabi/lib/thumb/v7e-m+fp/hard/libc.a(lib_a-memset.o)
 .debug_aranges
                0x000000d8       0x20 /usr/lib/gcc/arm-none-eabi/12.2.1/../../../arm-none-eabi/lib/thumb/v7e-m+fp/hard/libc.a(lib_a-rand.o)

.debug_str      0x00000000      0xda2
 .debug_str     0x00000000       0xa3 /usr/lib/gcc/arm-none-eabi/12.2.1/thumb/v7e-m+fp/hard/libgcc.a(_aeabi_uldivmod.o)
 .debug_str     0x000000a3      0x5d2 /usr/lib/gcc/arm-none-eabi/12.2.1/thumb/v7e-m+fp/hard/libgcc.a(_udivmoddi4.o)
                                0x676 (size before relaxing)
 .debug_str     0x00000675       0x4c /usr/lib/gcc/arm-none-eabi/12.2.1/thumb/v7e-m+fp/hard/libgcc.a(_dvmd_tls.o)
                                 0xc3 (size before relaxing)
 .debug_str     0x000006c1      0x4b8 /usr/lib/gcc/arm-none-eabi/12.2.1/../../../arm-none-eabi/lib/thumb/v7e-m+fp/hard/libc.a(lib_a-impure.o)
                                0x572 (size before relaxing)
 .debug_str     0x00000b79       0x99 /usr/lib/gcc/arm-none-eabi/12.2.1/../../../arm-none-eabi/lib/thumb/v7e-m+fp/hard/libc.a(lib_a-memcmp.o)
                                0x197 (size before relaxing)
 .debug_str     0x00000c12       0xb2 /usr/lib/gcc/arm-none-eabi/12.2.1/../../../arm-none-eabi/lib/thumb/v7e-m+fp/hard/libc.a(lib_a-memcpy.o)
 .debug_str     0x00000cc4       0x4f /usr/lib/gcc/arm-none-eabi/12.2.1/../../../arm-none-eabi/lib/thumb/v7e-m+fp/hard/libc.a(lib_a-memset.o)
                                0x1ab (size before relaxing)
 .debug_str     0x00000d13       0x8f /usr/lib/gcc/arm-none-eabi/12.2.1/../../../arm-none-eabi/lib/thumb/v7e-m+fp/hard/libc.a(lib_a-rand.o)
                                0x569 (size before relaxing)

.debug_frame    0x00000000       0xf4
 .debug_frame   0x00000000       0x2c /usr/lib/gcc/arm-none-eabi/12.2.1/thumb/v7e-m+fp/hard/libgcc.a(_aeabi_uldivmod.o)
 .debug_frame   0x0000002c       0x34 /usr/lib/gcc/arm-none-eabi/12.2.1/thumb/v7e-m+fp/hard/libgcc.a(_udivmoddi4.o)
 .debug_frame   0x00000060       0x2c /usr/lib/gcc/arm-none-eabi/12.2.1/../../../arm-none-eabi/lib/thumb/v7e-m+fp/hard/libc.a(lib_a-memcmp.o)
 .debug_frame   0x0000008c       0x2c /usr/lib/gcc/arm-none-eabi/12.2.1/../../../arm-none-eabi/lib/thumb/v7e-m+fp/hard/libc.a(lib_a-memset.o)
 .debug_frame   0x000000b8       0x3c /usr/lib/gcc/arm-none-eabi/12.2.1/../../../arm-none-eabi/lib/thumb/v7e-m+fp/hard/libc.a(lib_a-rand.o)

.debug_loclists
                0x00000000      0xcd0
 .debug_loclists
                0x00000000      0x993 /usr/lib/gcc/arm-none-eabi/12.2.1/thumb/v7e-m+fp/hard/libgcc.a(_udivmoddi4.o)
 .debug_loclists
                0x00000993      0x163 /usr/lib/gcc/arm-none-eabi/12.2.1/../../../arm-none-eabi/lib/thumb/v7e-m+fp/hard/libc.a(lib_a-memcmp.o)
 .debug_loclists
                0x00000af6      0x1b6 /usr/lib/gcc/arm-none-eabi/12.2.1/../../../arm-none-eabi/lib/thumb/v7e-m+fp/hard/libc.a(lib_a-memset.o)
 .debug_loclists
                0x00000cac       0x24 /usr/lib/gcc/arm-none-eabi/12.2.1/../../../arm-none-eabi/lib/thumb/v7e-m+fp/hard/libc.a(lib_a-rand.o)

.debug_rnglists
                0x00000000       0x89
 .debug_rnglists
                0x00000000       0x89 /usr/lib/gcc/arm-none-eabi/12.2.1/thumb/v7e-m+fp/hard/libgcc.a(_udivmoddi4.o)
