Archive member included to satisfy reference by file (symbol)

liblwipcore.a(init.c.obj)     CMakeFiles/XCORE407I_FIRMWARE.dir/home/marios/XCore407I-Firmware/Remora-OS6/Firmware/FirmwareSource/Remora-OS6/TARGET_XCORE407I/lwip/lwip_port.c.obj (lwip_init)
liblwipcore.a(mem.c.obj)      liblwipcore.a(init.c.obj) (mem_init)
liblwipcore.a(memp.c.obj)     liblwipcore.a(init.c.obj) (memp_init)
liblwipcore.a(netif.c.obj)    liblwipcore.a(init.c.obj) (netif_init)
liblwipcore.a(pbuf.c.obj)     CMakeFiles/XCORE407I_FIRMWARE.dir/home/marios/XCore407I-Firmware/Remora-OS6/Firmware/FirmwareSource/Remora-OS6/TARGET_XCORE407I/lwip/ethernetif.c.obj (pbuf_alloc)
liblwipcore.a(timeouts.c.obj)
                              liblwipcore.a(init.c.obj) (sys_timeouts_init)
liblwipcore.a(def.c.obj)      CMakeFiles/XCORE407I_FIRMWARE.dir/home/marios/XCore407I-Firmware/Remora-OS6/Firmware/FirmwareSource/Remora-OS6/TARGET_XCORE407I/lwip/lwip_port.c.obj (lwip_htonl)
liblwipcore.a(ip4_addr.c.obj)
                              CMakeFiles/XCORE407I_FIRMWARE.dir/home/marios/XCore407I-Firmware/Remora-OS6/Firmware/FirmwareSource/Remora-OS6/TARGET_XCORE407I/main_xcore407i.cpp.obj (ip4addr_ntoa)
liblwipcore.a(ip4.c.obj)      liblwipcore.a(netif.c.obj) (ip4_input)
liblwipcore.a(ip4_frag.c.obj)
                              liblwipcore.a(timeouts.c.obj) (ip_reass_tmr)
liblwipcore.a(etharp.c.obj)   liblwipcore.a(timeouts.c.obj) (etharp_tmr)
liblwipcore.a(udp.c.obj)      liblwipcore.a(init.c.obj) (udp_init)
liblwipcore.a(ethernet.c.obj)
                              CMakeFiles/XCORE407I_FIRMWARE.dir/home/marios/XCore407I-Firmware/Remora-OS6/Firmware/FirmwareSource/Remora-OS6/TARGET_XCORE407I/lwip/lwip_port.c.obj (ethernet_input)
liblwipcore.a(dhcp.c.obj)     liblwipcore.a(netif.c.obj) (dhcp_network_changed)
liblwipcore.a(sys_arch.c.obj)
                              CMakeFiles/XCORE407I_FIRMWARE.dir/home/marios/XCore407I-Firmware/Remora-OS6/Firmware/FirmwareSource/Remora-OS6/TARGET_XCORE407I/lwip/ethernetif.c.obj (sys_now)
liblwipcore.a(ip.c.obj)       liblwipcore.a(ip4.c.obj) (ip_data)
liblwipcore.a(inet_chksum.c.obj)
                              liblwipcore.a(udp.c.obj) (ip_chksum_pseudo)
liblwipcore.a(icmp.c.obj)     liblwipcore.a(ip4.c.obj) (icmp_input)
/usr/lib/gcc/arm-none-eabi/12.2.1/thumb/v7e-m+fp/hard/libgcc.a(_aeabi_ldivmod.o)
                              CMakeFiles/XCORE407I_FIRMWARE.dir/home/marios/XCore407I-Firmware/st/STM32CubeF4/Drivers/STM32F4xx_HAL_Driver/Src/stm32f4xx_hal_rcc.c.obj (__aeabi_ldivmod)
/usr/lib/gcc/arm-none-eabi/12.2.1/thumb/v7e-m+fp/hard/libgcc.a(_aeabi_uldivmod.o)
                              CMakeFiles/XCORE407I_FIRMWARE.dir/home/marios/XCore407I-Firmware/Remora-OS6/Firmware/FirmwareSource/Remora-OS6/TARGET_XCORE407I/jog.c.obj (__aeabi_uldivmod)
/usr/lib/gcc/arm-none-eabi/12.2.1/thumb/v7e-m+fp/hard/libgcc.a(_udivmoddi4.o)
                              /usr/lib/gcc/arm-none-eabi/12.2.1/thumb/v7e-m+fp/hard/libgcc.a(_aeabi_ldivmod.o) (__udivmoddi4)
/usr/lib/gcc/arm-none-eabi/12.2.1/thumb/v7e-m+fp/hard/libgcc.a(_dvmd_tls.o)
                              /usr/lib/gcc/arm-none-eabi/12.2.1/thumb/v7e-m+fp/hard/libgcc.a(_aeabi_ldivmod.o) (__aeabi_ldiv0)
/usr/lib/gcc/arm-none-eabi/12.2.1/../../../arm-none-eabi/lib/thumb/v7e-m+fp/hard/libg.a(lib_a-atoi.o)
                              liblwipcore.a(netif.c.obj) (atoi)
/usr/lib/gcc/arm-none-eabi/12.2.1/../../../arm-none-eabi/lib/thumb/v7e-m+fp/hard/libg.a(lib_a-ctype_.o)
                              liblwipcore.a(ip4_addr.c.obj) (_ctype_)
/usr/lib/gcc/arm-none-eabi/12.2.1/../../../arm-none-eabi/lib/thumb/v7e-m+fp/hard/libg.a(lib_a-errno.o)
                              CMakeFiles/XCORE407I_FIRMWARE.dir/syscalls.c.obj (__errno)
/usr/lib/gcc/arm-none-eabi/12.2.1/../../../arm-none-eabi/lib/thumb/v7e-m+fp/hard/libg.a(lib_a-impure.o)
                              /usr/lib/gcc/arm-none-eabi/12.2.1/../../../arm-none-eabi/lib/thumb/v7e-m+fp/hard/libg.a(lib_a-errno.o) (_impure_ptr)
/usr/lib/gcc/arm-none-eabi/12.2.1/../../../arm-none-eabi/lib/thumb/v7e-m+fp/hard/libg.a(lib_a-memcmp.o)
                              CMakeFiles/XCORE407I_FIRMWARE.dir/home/marios/XCore407I-Firmware/Remora-OS6/Firmware/FirmwareSource/Remora-OS6/TARGET_XCORE407I/ethernet_init.c.obj (memcmp)
/usr/lib/gcc/arm-none-eabi/12.2.1/../../../arm-none-eabi/lib/thumb/v7e-m+fp/hard/libg.a(lib_a-memcpy.o)
                              CMakeFiles/XCORE407I_FIRMWARE.dir/home/marios/XCore407I-Firmware/Remora-OS6/Firmware/FirmwareSource/Remora-OS6/TARGET_XCORE407I/ethernet_init.c.obj (memcpy)
/usr/lib/gcc/arm-none-eabi/12.2.1/../../../arm-none-eabi/lib/thumb/v7e-m+fp/hard/libg.a(lib_a-memmove.o)
                              liblwipcore.a(def.c.obj) (memmove)
/usr/lib/gcc/arm-none-eabi/12.2.1/../../../arm-none-eabi/lib/thumb/v7e-m+fp/hard/libg.a(lib_a-memset.o)
[...]
Memory Configuration

Name             Origin             Length             Attributes
FLASH            0x08000000         0x00100000         xr
CCMRAM           0x10000000         0x00010000         xrw
RAM              0x20000000         0x00020000         xrw
*default*        0x00000000         0xffffffff

Linker script and memory map

LOAD CMakeFiles/XCORE407I_FIRMWARE.dir/startup_stm32f407xx.s.obj
LOAD CMakeFiles/XCORE407I_FIRMWARE.dir/home/marios/XCore407I-Firmware/Remora-OS6/Firmware/FirmwareSource/Remora-OS6/TARGET_XCORE407I/main_xcore407i.cpp.obj
LOAD CMakeFiles/XCORE407I_FIRMWARE.dir/home/marios/XCore407I-Firmware/Remora-OS6/Firmware/FirmwareSource/Remora-OS6/TARGET_XCORE407I/system_clock.c.obj
LOAD CMakeFiles/XCORE407I_FIRMWARE.dir/home/marios/XCore407I-Firmware/Remora-OS6/Firmware/FirmwareSource/Remora-OS6/TARGET_XCORE407I/ethernet_init.c.obj
LOAD CMakeFiles/XCORE407I_FIRMWARE.dir/home/marios/XCore407I-Firmware/Remora-OS6/Firmware/FirmwareSource/Remora-OS6/TARGET_XCORE407I/debug_uart.c.obj
LOAD CMakeFiles/XCORE407I_FIRMWARE.dir/home/marios/XCore407I-Firmware/Remora-OS6/Firmware/FirmwareSource/Remora-OS6/TARGET_XCORE407I/version.c.obj
LOAD CMakeFiles/XCORE407I_FIRMWARE.dir/home/marios/XCore407I-Firmware/Remora-OS6/Firmware/FirmwareSource/Remora-OS6/TARGET_XCORE407I/ulpi_init.c.obj
LOAD CMakeFiles/XCORE407I_FIRMWARE.dir/home/marios/XCore407I-Firmware/Remora-OS6/Firmware/FirmwareSource/Remora-OS6/TARGET_XCORE407I/build_id.c.obj
LOAD CMakeFiles/XCORE407I_FIRMWARE.dir/home/marios/XCore407I-Firmware/Remora-OS6/Firmware/FirmwareSource/Remora-OS6/TARGET_XCORE407I/remora_data.c.obj
LOAD CMakeFiles/XCORE407I_FIRMWARE.dir/home/marios/XCore407I-Firmware/Remora-OS6/Firmware/FirmwareSource/Remora-OS6/TARGET_XCORE407I/drivers/drivers_init.c.obj
LOAD CMakeFiles/XCORE407I_FIRMWARE.dir/home/marios/XCore407I-Firmware/Remora-OS6/Firmware/FirmwareSource/Remora-OS6/TARGET_XCORE407I/lwip/ethernetif.c.obj
LOAD CMakeFiles/XCORE407I_FIRMWARE.dir/home/marios/XCore407I-Firmware/Remora-OS6/Firmware/FirmwareSource/Remora-OS6/TARGET_XCORE407I/lwip/lwip_port.c.obj
LOAD CMakeFiles/XCORE407I_FIRMWARE.dir/home/marios/XCore407I-Firmware/Remora-OS6/Firmware/FirmwareSource/Remora-OS6/TARGET_XCORE407I/lwip/remora_udp.c.obj
LOAD CMakeFiles/XCORE407I_FIRMWARE.dir/home/marios/XCore407I-Firmware/Remora-OS6/Firmware/FirmwareSource/Remora-OS6/TARGET_XCORE407I/stepgen.c.obj
LOAD CMakeFiles/XCORE407I_FIRMWARE.dir/home/marios/XCore407I-Firmware/Remora-OS6/Firmware/FirmwareSource/Remora-OS6/TARGET_XCORE407I/motion_io.c.obj
LOAD CMakeFiles/XCORE407I_FIRMWARE.dir/home/marios/XCore407I-Firmware/Remora-OS6/Firmware/FirmwareSource/Remora-OS6/TARGET_XCORE407I/jog.c.obj
LOAD CMakeFiles/XCORE407I_FIRMWARE.dir/home/marios/XCore407I-Firmware/Remora-OS6/Firmware/FirmwareSource/Remora-OS6/TARGET_XCORE407I/homing.c.obj
LOAD CMakeFiles/XCORE407I_FIRMWARE.dir/home/marios/XCore407I-Firmware/Remora-OS6/Firmware/FirmwareSource/Remora-OS6/TARGET_XCORE407I/config_store.c.obj
LOAD CMakeFiles/XCORE407I_FIRMWARE.dir/home/marios/XCore407I-Firmware/Remora-OS6/Firmware/FirmwareSource/Remora-OS6/TARGET_XCORE407I/encoder.c.obj
LOAD CMakeFiles/XCORE407I_FIRMWARE.dir/home/marios/XCore407I-Firmware/Remora-OS6/Firmware/FirmwareSource/Remora-OS6/TARGET_XCORE407I/auth.c.obj
LOAD CMakeFiles/XCORE407I_FIRMWARE.dir/home/marios/XCore407I-Firmware/src/net/udp_echo.c.obj
LOAD CMakeFiles/XCORE407I_FIRMWARE.dir/home/marios/XCore407I-Firmware/st/STM32CubeF4/Drivers/CMSIS/Device/ST/STM32F4xx/Source/Templates/system_stm32f4xx.c.obj
LOAD CMakeFiles/XCORE407I_FIRMWARE.dir/syscalls.c.obj
LOAD CMakeFiles/XCORE407I_FIRMWARE.dir/home/marios/XCore407I-Firmware/st/STM32CubeF4/Drivers/STM32F4xx_HAL_Driver/Src/stm32f4xx_hal.c.obj
LOAD CMakeFiles/XCORE407I_FIRMWARE.dir/home/marios/XCore407I-Firmware/st/STM32CubeF4/Drivers/STM32F4xx_HAL_Driver/Src/stm32f4xx_hal_rcc.c.obj
LOAD CMakeFiles/XCORE407I_FIRMWARE.dir/home/marios/XCore407I-Firmware/st/STM32CubeF4/Drivers/STM32F4xx_HAL_Driver/Src/stm32f4xx_hal_rcc_ex.c.obj
LOAD CMakeFiles/XCORE407I_FIRMWARE.dir/home/marios/XCore407I-Firmware/st/STM32CubeF4/Drivers/STM32F4xx_HAL_Driver/Src/stm32f4xx_hal_gpio.c.obj
LOAD CMakeFiles/XCORE407I_FIRMWARE.dir/home/marios/XCore407I-Firmware/st/STM32CubeF4/Drivers/STM32F4xx_HAL_Driver/Src/stm32f4xx_hal_cortex.c.obj
LOAD CMakeFiles/XCORE407I_FIRMWARE.dir/home/marios/XCore407I-Firmware/st/STM32CubeF4/Drivers/STM32F4xx_HAL_Driver/Src/stm32f4xx_hal_pwr.c.obj
LOAD CMakeFiles/XCORE407I_FIRMWARE.dir/home/marios/XCore407I-Firmware/st/STM32CubeF4/Drivers/STM32F4xx_HAL_Driver/Src/stm32f4xx_hal_pwr_ex.c.obj
LOAD CMakeFiles/XCORE407I_FIRMWARE.dir/home/marios/XCore407I-Firmware/st/STM32CubeF4/Drivers/STM32F4xx_HAL_Driver/Src/stm32f4xx_hal_flash.c.obj
LOAD CMakeFiles/XCORE407I_FIRMWARE.dir/home/marios/XCore407I-Firmware/st/STM32CubeF4/Drivers/STM32F4xx_HAL_Driver/Src/stm32f4xx_hal_flash_ex.c.obj
LOAD CMakeFiles/XCORE407I_FIRMWARE.dir/home/marios/XCore407I-Firmware/st/STM32CubeF4/Drivers/STM32F4xx_HAL_Driver/Src/stm32f4xx_hal_dma.c.obj
LOAD CMakeFiles/XCORE407I_FIRMWARE.dir/home/marios/XCore407I-Firmware/st/STM32CubeF4/Drivers/STM32F4xx_HAL_Driver/Src/stm32f4xx_hal_eth.c.obj
LOAD CMakeFiles/XCORE407I_FIRMWARE.dir/home/marios/XCore407I-Firmware/st/STM32CubeF4/Drivers/STM32F4xx_HAL_Driver/Src/stm32f4xx_hal_tim.c.obj
LOAD CMakeFiles/XCORE407I_FIRMWARE.dir/home/marios/XCore407I-Firmware/st/STM32CubeF4/Drivers/STM32F4xx_HAL_Driver/Src/stm32f4xx_hal_tim_ex.c.obj
LOAD CMakeFiles/XCORE407I_FIRMWARE.dir/home/marios/XCore407I-Firmware/st/STM32CubeF4/Drivers/STM32F4xx_HAL_Driver/Src/stm32f4xx_hal_exti.c.obj
LOAD CMakeFiles/XCORE407I_FIRMWARE.dir/home/marios/XCore407I-Firmware/st/STM32CubeF4/Drivers/STM32F4xx_HAL_Driver/Src/stm32f4xx_hal_uart.c.obj
LOAD CMakeFiles/XCORE407I_FIRMWARE.dir/home/marios/XCore407I-Firmware/Remora-OS6/Firmware/FirmwareSource/Remora-OS6/TARGET_XCORE407I/drivers/pin/pin.cpp.obj
LOAD CMakeFiles/XCORE407I_FIRMWARE.dir/home/marios/XCore407I-Firmware/Remora-OS6/Firmware/FirmwareSource/Remora-OS6/TARGET_XCORE407I/drivers/qei/qeiDriver.cpp.obj
LOAD CMakeFiles/XCORE407I_FIRMWARE.dir/home/marios/XCore407I-Firmware/Remora-OS6/Firmware/FirmwareSource/Remora-OS6/TARGET_XCORE407I/qei_diag.c.obj
LOAD liblwipcore.a
LOAD /usr/lib/gcc/arm-none-eabi/12.2.1/../../../arm-none-eabi/lib/thumb/v7e-m+fp/hard/libstdc++.a
LOAD /usr/lib/gcc/arm-none-eabi/12.2.1/../../../arm-none-eabi/lib/thumb/v7e-m+fp/hard/libm.a
START GROUP
LOAD /usr/lib/gcc/arm-none-eabi/12.2.1/thumb/v7e-m+fp/hard/libgcc.a
LOAD /usr/lib/gcc/arm-none-eabi/12.2.1/../../../arm-none-eabi/lib/thumb/v7e-m+fp/hard/libg.a
LOAD /usr/lib/gcc/arm-none-eabi/12.2.1/../../../arm-none-eabi/lib/thumb/v7e-m+fp/hard/libc.a
END GROUP
START GROUP
LOAD /usr/lib/gcc/arm-none-eabi/12.2.1/thumb/v7e-m+fp/hard/libgcc.a
LOAD /usr/lib/gcc/arm-none-eabi/12.2.1/../../../arm-none-eabi/lib/thumb/v7e-m+fp/hard/libc.a
LOAD /usr/lib/gcc/arm-none-eabi/12.2.1/../../../arm-none-eabi/lib/thumb/v7e-m+fp/hard/libnosys.a
END GROUP
                0x20020000                        _estack = (ORIGIN (RAM) + LENGTH (RAM))

.isr_vector     0x08000000      0x188
 *(.isr_vector)
 .isr_vector    0x08000000      0x188 CMakeFiles/XCORE407I_FIRMWARE.dir/startup_stm32f407xx.s.obj
                0x08000000                g_pfnVectors

.text           0x080001c0    0x13a5c
 *(.isr_vector*)
 *(.text*)
 .text.Reset_Handler
                0x080001c0       0x44 CMakeFiles/XCORE407I_FIRMWARE.dir/startup_stm32f407xx.s.obj
                0x080001ee                RTC_WKUP_Handler
                0x080001ee                FLASH_Handler
                0x080001ee                DebugMon_Handler
                0x080001ee                DMA2_Stream7_Handler
                0x080001ee                OTG_HS_Handler
                0x080001ee                HardFault_Handler
                0x080001ee                DMA2_Stream3_Handler
                0x080001ee                SysTick_Handler
                0x080001ee                USART3_Handler
                0x080001ee                PendSV_Handler
                0x080001ee                NMI_Handler
                0x080001ee                TIM6_DAC_Handler
                0x080001ee                CAN1_RX1_Handler
                0x080001ee                EXTI15_10_Handler
                0x080001ee                ADC_Handler
                0x080001ee                HASH_RNG_Handler
                0x080001ee                I2C1_EV_Handler
                0x080001ee                TAMP_STAMP_Handler
                0x080001ee                I2C3_ER_Handler
                0x080001ee                WWDG_Handler
                0x080001ee                EXTI4_Handler
                0x080001ee                I2C3_EV_Handler
                0x080001ee                DMA1_Stream1_Handler
                0x080001ee                DMA2_Stream4_Handler
                0x080001ee                DMA1_Stream7_Handler
                0x080001ee                OTG_FS_Handler
                0x080001ee                ETH_WKUP_Handler
                0x080001ee                TIM1_BRK_TIM9_Handler
                0x080001ee                I2C1_ER_Handler
                0x080001ee                DMA1_Stream3_Handler
                0x080001ee                UsageFault_Handler
                0x080001ee                TIM1_UP_TIM10_Handler
                0x080001ee                CAN1_RX0_Handler
                0x080001ee                TIM1_CC_Handler
                0x080001ee                I2C2_ER_Handler
                0x080001ee                USART6_Handler
                0x080001ee                TIM8_CC_Handler
                0x080001ee                CAN1_SCE_Handler
                0x080001ee                DMA1_Stream0_Handler
                0x080001ee                OTG_HS_EP1_OUT_Handler
                0x080001ee                FSMC_Handler
                0x080001ee                EXTI1_Handler
                0x080001ee                EXTI3_Handler
                0x080001ee                CRYP_Handler
                0x080001ee                EXTI2_Handler
                0x080001ee                UART4_Handler
                0x080001ee                CAN2_RX1_Handler
                0x080001ee                EXTI9_5_Handler
                0x080001ee                TIM2_Handler
                0x080001ee                USART1_Handler
                0x080001ee                CAN2_SCE_Handler
                0x080001ee                TIM3_Handler
                0x080001ee                DMA2_Stream6_Handler
                0x080001ee                Default_Handler
                0x080001ee                DCMI_Handler
                0x080001ee                TIM1_TRG_COM_TIM11_Handler
                0x080001ee                RTC_Alarm_Handler
                0x080001ee                TIM4_Handler
                0x080001ee                TIM8_UP_TIM13_Handler
                0x080001ee                CAN2_TX_Handler
                0x080001ee                SPI2_Handler
                0x080001ee                DMA2_Stream1_Handler
                0x080001ee                DMA1_Stream2_Handler
                0x080001ee                MemManage_Handler
                0x080001ee                EXTI0_Handler
                0x080001ee                TIM8_BRK_TIM12_Handler
                0x080001ee                SVC_Handler
                0x080001ee                CAN2_RX0_Handler
                0x080001ee                DMA2_Stream5_Handler
                0x080001ee                DMA1_Stream6_Handler
                0x080001ee                SDIO_Handler
                0x080001ee                USART2_Handler
                0x080001ee                ETH_Handler
                0x080001ee                SPI1_Handler
                0x080001ee                I2C2_EV_Handler
                0x080001ee                DMA2_Stream2_Handler
                0x080001ee                SPI3_Handler
                0x080001ee                DMA2_Stream0_Handler
                0x080001ee                RCC_Handler
                0x080001ee                PVD_Handler
                0x080001ee                UART5_Handler
                0x080001ee                DMA1_Stream5_Handler
                0x080001ee                TIM5_Handler
                0x080001ee                TIM7_Handler
                0x080001ee                TIM8_TRG_COM_TIM14_Handler
                0x080001ee                CAN1_TX_Handler
                0x080001ee                FPU_Handler
                0x080001ee                BusFault_Handler
                0x080001ee                DMA1_Stream4_Handler
                0x080001ee                OTG_HS_WKUP_Handler
                0x080001ee                OTG_FS_WKUP_Handler
                0x080001ee                OTG_HS_EP1_IN_Handler
 .text.enter_system_dfu
                0x08000204       0x28 CMakeFiles/XCORE407I_FIRMWARE.dir/home/marios/XCore407I-Firmware/Remora-OS6/Firmware/FirmwareSource/Remora-OS6/TARGET_XCORE407I/main_xcore407i.cpp.obj
                0x08000204                enter_system_dfu
 .text.startup.main
                0x0800022c      0x9f4 CMakeFiles/XCORE407I_FIRMWARE.dir/home/marios/XCore407I-Firmware/Remora-OS6/Firmware/FirmwareSource/Remora-OS6/TARGET_XCORE407I/main_xcore407i.cpp.obj
                0x0800022c                main
 .text.Board_NVIC_Config
                0x08000c20       0x94 CMakeFiles/XCORE407I_FIRMWARE.dir/home/marios/XCore407I-Firmware/Remora-OS6/Firmware/FirmwareSource/Remora-OS6/TARGET_XCORE407I/system_clock.c.obj
                0x08000c20                Board_NVIC_Config
 .text.SystemClock_Config
                0x08000cb4       0xa8 CMakeFiles/XCORE407I_FIRMWARE.dir/home/marios/XCore407I-Firmware/Remora-OS6/Firmware/FirmwareSource/Remora-OS6/TARGET_XCORE407I/system_clock.c.obj
                0x08000cb4                SystemClock_Config
 .text.rx_allocate
                0x08000d5c       0x24 CMakeFiles/XCORE407I_FIRMWARE.dir/home/marios/XCore407I-Firmware/Remora-OS6/Firmware/FirmwareSource/Remora-OS6/TARGET_XCORE407I/ethernet_init.c.obj
 .text.rx_link  0x08000d80        0x8 CMakeFiles/XCORE407I_FIRMWARE.dir/home/marios/XCore407I-Firmware/Remora-OS6/Firmware/FirmwareSource/Remora-OS6/TARGET_XCORE407I/ethernet_init.c.obj
 .text.mdio_read
                0x08000d88       0x60 CMakeFiles/XCORE407I_FIRMWARE.dir/home/marios/XCore407I-Firmware/Remora-OS6/Firmware/FirmwareSource/Remora-OS6/TARGET_XCORE407I/ethernet_init.c.obj
 .text.mdio_write.constprop.0
                0x08000de8       0x54 CMakeFiles/XCORE407I_FIRMWARE.dir/home/marios/XCore407I-Firmware/Remora-OS6/Firmware/FirmwareSource/Remora-OS6/TARGET_XCORE407I/ethernet_init.c.obj
 .text.ETH_RunInternalLoopbackTest
                0x08000e3c      0x118 CMakeFiles/XCORE407I_FIRMWARE.dir/home/marios/XCore407I-Firmware/Remora-OS6/Firmware/FirmwareSource/Remora-OS6/TARGET_XCORE407I/ethernet_init.c.obj
                0x08000e3c                ETH_RunInternalLoopbackTest
 .text.HAL_ETH_MspInit
                0x08000f54      0x184 CMakeFiles/XCORE407I_FIRMWARE.dir/home/marios/XCore407I-Firmware/Remora-OS6/Firmware/FirmwareSource/Remora-OS6/TARGET_XCORE407I/ethernet_init.c.obj
                0x08000f54                HAL_ETH_MspInit
 .text.ETH_GetMDIOStats
                0x080010d8       0x28 CMakeFiles/XCORE407I_FIRMWARE.dir/home/marios/XCore407I-Firmware/Remora-OS6/Firmware/FirmwareSource/Remora-OS6/TARGET_XCORE407I/ethernet_init.c.obj
                0x080010d8                ETH_GetMDIOStats
 .text.ETH_GetPhyScanBitmap
                0x08001100        0xc CMakeFiles/XCORE407I_FIRMWARE.dir/home/marios/XCore407I-Firmware/Remora-OS6/Firmware/FirmwareSource/Remora-OS6/TARGET_XCORE407I/ethernet_init.c.obj
                0x08001100                ETH_GetPhyScanBitmap
 .text.ETH_GetPHY_PHYSTS
                0x0800110c        0xc CMakeFiles/XCORE407I_FIRMWARE.dir/home/marios/XCore407I-Firmware/Remora-OS6/Firmware/FirmwareSource/Remora-OS6/TARGET_XCORE407I/ethernet_init.c.obj
                0x0800110c                ETH_GetPHY_PHYSTS
 .text.ETH_AnyLinkUp
                0x08001118       0x60 CMakeFiles/XCORE407I_FIRMWARE.dir/home/marios/XCore407I-Firmware/Remora-OS6/Firmware/FirmwareSource/Remora-OS6/TARGET_XCORE407I/ethernet_init.c.obj
                0x08001118                ETH_AnyLinkUp
 .text.ETH_ForceMode
                0x08001178       0x8c CMakeFiles/XCORE407I_FIRMWARE.dir/home/marios/XCore407I-Firmware/Remora-OS6/Firmware/FirmwareSource/Remora-OS6/TARGET_XCORE407I/ethernet_init.c.obj
                0x08001178                ETH_ForceMode
 .text.ETH_Force100Full
                0x08001204        0x8 CMakeFiles/XCORE407I_FIRMWARE.dir/home/marios/XCore407I-Firmware/Remora-OS6/Firmware/FirmwareSource/Remora-OS6/TARGET_XCORE407I/ethernet_init.c.obj
                0x08001204                ETH_Force100Full
 .text.ETH_IsForcedMode
                0x0800120c       0x10 CMakeFiles/XCORE407I_FIRMWARE.dir/home/marios/XCore407I-Firmware/Remora-OS6/Firmware/FirmwareSource/Remora-OS6/TARGET_XCORE407I/ethernet_init.c.obj
                0x0800120c                ETH_IsForcedMode
 .text.ETH_GetForcedParams
                0x0800121c       0x20 CMakeFiles/XCORE407I_FIRMWARE.dir/home/marios/XCore407I-Firmware/Remora-OS6/Firmware/FirmwareSource/Remora-OS6/TARGET_XCORE407I/ethernet_init.c.obj
                0x0800121c                ETH_GetForcedParams
 .text.ETH_SetAuto
                0x0800123c       0x40 CMakeFiles/XCORE407I_FIRMWARE.dir/home/marios/XCore407I-Firmware/Remora-OS6/Firmware/FirmwareSource/Remora-OS6/TARGET_XCORE407I/ethernet_init.c.obj
                0x0800123c                ETH_SetAuto
 .text.ETH_ClearMDIOStats
                0x0800127c       0x18 CMakeFiles/XCORE407I_FIRMWARE.dir/home/marios/XCore407I-Firmware/Remora-OS6/Firmware/FirmwareSource/Remora-OS6/TARGET_XCORE407I/ethernet_init.c.obj
                0x0800127c                ETH_ClearMDIOStats
 .text.MX_ETH_Init
                0x08001294      0x280 CMakeFiles/XCORE407I_FIRMWARE.dir/home/marios/XCore407I-Firmware/Remora-OS6/Firmware/FirmwareSource/Remora-OS6/TARGET_XCORE407I/ethernet_init.c.obj
                0x08001294                MX_ETH_Init
 .text.ETH_LinkUp
                0x08001514       0x3c CMakeFiles/XCORE407I_FIRMWARE.dir/home/marios/XCore407I-Firmware/Remora-OS6/Firmware/FirmwareSource/Remora-OS6/TARGET_XCORE407I/ethernet_init.c.obj
                0x08001514                ETH_LinkUp
 .text.ETH_RestartAutoNeg
                0x08001550       0x30 CMakeFiles/XCORE407I_FIRMWARE.dir/home/marios/XCore407I-Firmware/Remora-OS6/Firmware/FirmwareSource/Remora-OS6/TARGET_XCORE407I/ethernet_init.c.obj
                0x08001550                ETH_RestartAutoNeg
 .text.ETH_GetPhyId
                0x08001580        0xc CMakeFiles/XCORE407I_FIRMWARE.dir/home/marios/XCore407I-Firmware/Remora-OS6/Firmware/FirmwareSource/Remora-OS6/TARGET_XCORE407I/ethernet_init.c.obj
                0x08001580                ETH_GetPhyId
 .text.ETH_GetPhyAddress
                0x0800158c        0xc CMakeFiles/XCORE407I_FIRMWARE.dir/home/marios/XCore407I-Firmware/Remora-OS6/Firmware/FirmwareSource/Remora-OS6/TARGET_XCORE407I/ethernet_init.c.obj
                0x0800158c                ETH_GetPhyAddress
 .text.ETH_UpdateMACFromPHY
                0x08001598       0x84 CMakeFiles/XCORE407I_FIRMWARE.dir/home/marios/XCore407I-Firmware/Remora-OS6/Firmware/FirmwareSource/Remora-OS6/TARGET_XCORE407I/ethernet_init.c.obj
                0x08001598                ETH_UpdateMACFromPHY
 .text.Board_Ethernet_Init
                0x0800161c       0x80 CMakeFiles/XCORE407I_FIRMWARE.dir/home/marios/XCore407I-Firmware/Remora-OS6/Firmware/FirmwareSource/Remora-OS6/TARGET_XCORE407I/ethernet_init.c.obj
                0x0800161c                Board_Ethernet_Init
 .text.ETH_GetPHY_Debug
                0x0800169c       0x8c CMakeFiles/XCORE407I_FIRMWARE.dir/home/marios/XCore407I-Firmware/Remora-OS6/Firmware/FirmwareSource/Remora-OS6/TARGET_XCORE407I/ethernet_init.c.obj
                0x0800169c                ETH_GetPHY_Debug
 .text.ETH_DebugDumpOnce
                0x08001728       0x70 CMakeFiles/XCORE407I_FIRMWARE.dir/home/marios/XCore407I-Firmware/Remora-OS6/Firmware/FirmwareSource/Remora-OS6/TARGET_XCORE407I/ethernet_init.c.obj
                0x08001728                ETH_DebugDumpOnce
 .text.ETH_PeriodicPHYLog
                0x08001798       0x84 CMakeFiles/XCORE407I_FIRMWARE.dir/home/marios/XCore407I-Firmware/Remora-OS6/Firmware/FirmwareSource/Remora-OS6/TARGET_XCORE407I/ethernet_init.c.obj
                0x08001798                ETH_PeriodicPHYLog
 .text.Board_DebugUART_Init
                0x0800181c       0x80 CMakeFiles/XCORE407I_FIRMWARE.dir/home/marios/XCore407I-Firmware/Remora-OS6/Firmware/FirmwareSource/Remora-OS6/TARGET_XCORE407I/debug_uart.c.obj
                0x0800181c                Board_DebugUART_Init
 .text.DebugUART_PollCommands
                0x0800189c      0x754 CMakeFiles/XCORE407I_FIRMWARE.dir/home/marios/XCore407I-Firmware/Remora-OS6/Firmware/FirmwareSource/Remora-OS6/TARGET_XCORE407I/debug_uart.c.obj
                0x0800189c                DebugUART_PollCommands
 .text.startup.version_init
                0x08001ff0       0x4c CMakeFiles/XCORE407I_FIRMWARE.dir/home/marios/XCore407I-Firmware/Remora-OS6/Firmware/FirmwareSource/Remora-OS6/TARGET_XCORE407I/version.c.obj
 .text.FW_VersionString
                0x0800203c        0x8 CMakeFiles/XCORE407I_FIRMWARE.dir/home/marios/XCore407I-Firmware/Remora-OS6/Firmware/FirmwareSource/Remora-OS6/TARGET_XCORE407I/version.c.obj
                0x0800203c                FW_VersionString
 .text.FW_BuildInfoString
                0x08002044        0x8 CMakeFiles/XCORE407I_FIRMWARE.dir/home/marios/XCore407I-Firmware/Remora-OS6/Firmware/FirmwareSource/Remora-OS6/TARGET_XCORE407I/version.c.obj
                0x08002044                FW_BuildInfoString
 .text.drivers_init
                0x0800204c        0x4 CMakeFiles/XCORE407I_FIRMWARE.dir/home/marios/XCore407I-Firmware/Remora-OS6/Firmware/FirmwareSource/Remora-OS6/TARGET_XCORE407I/drivers/drivers_init.c.obj
                0x0800204c                drivers_init
 .text.low_level_output
                0x08002050       0x80 CMakeFiles/XCORE407I_FIRMWARE.dir/home/marios/XCore407I-Firmware/Remora-OS6/Firmware/FirmwareSource/Remora-OS6/TARGET_XCORE407I/lwip/ethernetif.c.obj
 .text.ETH_GetMACStats
                0x080020d0       0x34 CMakeFiles/XCORE407I_FIRMWARE.dir/home/marios/XCore407I-Firmware/Remora-OS6/Firmware/FirmwareSource/Remora-OS6/TARGET_XCORE407I/lwip/ethernetif.c.obj
                0x080020d0                ETH_GetMACStats
 .text.ethernetif_init
                0x08002104       0x44 CMakeFiles/XCORE407I_FIRMWARE.dir/home/marios/XCore407I-Firmware/Remora-OS6/Firmware/FirmwareSource/Remora-OS6/TARGET_XCORE407I/lwip/ethernetif.c.obj
                0x08002104                ethernetif_init
 .text.ethernetif_poll
                0x08002148      0x12c CMakeFiles/XCORE407I_FIRMWARE.dir/home/marios/XCore407I-Firmware/Remora-OS6/Firmware/FirmwareSource/Remora-OS6/TARGET_XCORE407I/lwip/ethernetif.c.obj
                0x08002148                ethernetif_poll
 .text.dhcp_check_timeout
                0x08002274       0xc8 CMakeFiles/XCORE407I_FIRMWARE.dir/home/marios/XCore407I-Firmware/Remora-OS6/Firmware/FirmwareSource/Remora-OS6/TARGET_XCORE407I/lwip/lwip_port.c.obj
 .text.lwip_port_init
                0x0800233c       0xa8 CMakeFiles/XCORE407I_FIRMWARE.dir/home/marios/XCore407I-Firmware/Remora-OS6/Firmware/FirmwareSource/Remora-OS6/TARGET_XCORE407I/lwip/lwip_port.c.obj
                0x0800233c                lwip_port_init
 .text.lwip_port_netif
                0x080023e4        0x8 CMakeFiles/XCORE407I_FIRMWARE.dir/home/marios/XCore407I-Firmware/Remora-OS6/Firmware/FirmwareSource/Remora-OS6/TARGET_XCORE407I/lwip/lwip_port.c.obj
                0x080023e4                lwip_port_netif
 .text.lwip_port_debug_broadcast
                0x080023ec       0x78 CMakeFiles/XCORE407I_FIRMWARE.dir/home/marios/XCore407I-Firmware/Remora-OS6/Firmware/FirmwareSource/Remora-OS6/TARGET_XCORE407I/lwip/lwip_port.c.obj
                0x080023ec                lwip_port_debug_broadcast
 .text.lwip_port_dhcp_active
                0x08002464        0xc CMakeFiles/XCORE407I_FIRMWARE.dir/home/marios/XCore407I-Firmware/Remora-OS6/Firmware/FirmwareSource/Remora-OS6/TARGET_XCORE407I/lwip/lwip_port.c.obj
                0x08002464                lwip_port_dhcp_active
 .text.MX_LWIP_Init
                0x08002470        0x4 CMakeFiles/XCORE407I_FIRMWARE.dir/home/marios/XCore407I-Firmware/Remora-OS6/Firmware/FirmwareSource/Remora-OS6/TARGET_XCORE407I/lwip/lwip_port.c.obj
                0x08002470                MX_LWIP_Init
 .text.MX_LWIP_Process
                0x08002474       0x18 CMakeFiles/XCORE407I_FIRMWARE.dir/home/marios/XCore407I-Firmware/Remora-OS6/Firmware/FirmwareSource/Remora-OS6/TARGET_XCORE407I/lwip/lwip_port.c.obj
                0x08002474                MX_LWIP_Process
 .text.lwip_port_set_link_state
                0x0800248c       0x24 CMakeFiles/XCORE407I_FIRMWARE.dir/home/marios/XCore407I-Firmware/Remora-OS6/Firmware/FirmwareSource/Remora-OS6/TARGET_XCORE407I/lwip/lwip_port.c.obj
                0x0800248c                lwip_port_set_link_state
 .text.remora_udp_recv
                0x080024b0      0x21c CMakeFiles/XCORE407I_FIRMWARE.dir/home/marios/XCore407I-Firmware/Remora-OS6/Firmware/FirmwareSource/Remora-OS6/TARGET_XCORE407I/lwip/remora_udp.c.obj
 .text.remora_udp_send_feedback_unicast
                0x080026cc      0x2b4 CMakeFiles/XCORE407I_FIRMWARE.dir/home/marios/XCore407I-Firmware/Remora-OS6/Firmware/FirmwareSource/Remora-OS6/TARGET_XCORE407I/lwip/remora_udp.c.obj
 .text.remora_udp_init
                0x08002980       0x40 CMakeFiles/XCORE407I_FIRMWARE.dir/home/marios/XCore407I-Firmware/Remora-OS6/Firmware/FirmwareSource/Remora-OS6/TARGET_XCORE407I/lwip/remora_udp.c.obj
                0x08002980                remora_udp_init
 .text.remora_udp_poll
                0x080029c0        0x4 CMakeFiles/XCORE407I_FIRMWARE.dir/home/marios/XCore407I-Firmware/Remora-OS6/Firmware/FirmwareSource/Remora-OS6/TARGET_XCORE407I/lwip/remora_udp.c.obj
                0x080029c0                remora_udp_poll
 .text.remora_udp_send_feedback
                0x080029c4        0x4 CMakeFiles/XCORE407I_FIRMWARE.dir/home/marios/XCore407I-Firmware/Remora-OS6/Firmware/FirmwareSource/Remora-OS6/TARGET_XCORE407I/lwip/remora_udp.c.obj
                0x080029c4                remora_udp_send_feedback
 .text.apply_freq
                0x080029c8       0x84 CMakeFiles/XCORE407I_FIRMWARE.dir/home/marios/XCore407I-Firmware/Remora-OS6/Firmware/FirmwareSource/Remora-OS6/TARGET_XCORE407I/stepgen.c.obj
 .text.step_channel_pwm_init
                0x08002a4c       0x40 CMakeFiles/XCORE407I_FIRMWARE.dir/home/marios/XCore407I-Firmware/Remora-OS6/Firmware/FirmwareSource/Remora-OS6/TARGET_XCORE407I/stepgen.c.obj
 .text.stepgen_init
                0x08002a8c      0x1ac CMakeFiles/XCORE407I_FIRMWARE.dir/home/marios/XCore407I-Firmware/Remora-OS6/Firmware/FirmwareSource/Remora-OS6/TARGET_XCORE407I/stepgen.c.obj
                0x08002a8c                stepgen_init
 .text.stepgen_apply_command
                0x08002c38       0x78 CMakeFiles/XCORE407I_FIRMWARE.dir/home/marios/XCore407I-Firmware/Remora-OS6/Firmware/FirmwareSource/Remora-OS6/TARGET_XCORE407I/stepgen.c.obj
                0x08002c38                stepgen_apply_command
 .text.motion_get_fault_mask
                0x08002cb0        0xc CMakeFiles/XCORE407I_FIRMWARE.dir/home/marios/XCore407I-Firmware/Remora-OS6/Firmware/FirmwareSource/Remora-OS6/TARGET_XCORE407I/motion_io.c.obj
                0x08002cb0                motion_get_fault_mask
 .text.motion_get_estop
                0x08002cbc        0xc CMakeFiles/XCORE407I_FIRMWARE.dir/home/marios/XCore407I-Firmware/Remora-OS6/Firmware/FirmwareSource/Remora-OS6/TARGET_XCORE407I/motion_io.c.obj
                0x08002cbc                motion_get_estop
 .text.motion_get_limit_mask
                0x08002cc8        0xc CMakeFiles/XCORE407I_FIRMWARE.dir/home/marios/XCore407I-Firmware/Remora-OS6/Firmware/FirmwareSource/Remora-OS6/TARGET_XCORE407I/motion_io.c.obj
                0x08002cc8                motion_get_limit_mask
 .text.motion_try_clear_faults
                0x08002cd4       0x2c CMakeFiles/XCORE407I_FIRMWARE.dir/home/marios/XCore407I-Firmware/Remora-OS6/Firmware/FirmwareSource/Remora-OS6/TARGET_XCORE407I/motion_io.c.obj
                0x08002cd4                motion_try_clear_faults
 .text.motion_control_io_init
                0x08002d00      0x13c CMakeFiles/XCORE407I_FIRMWARE.dir/home/marios/XCore407I-Firmware/Remora-OS6/Firmware/FirmwareSource/Remora-OS6/TARGET_XCORE407I/motion_io.c.obj
                0x08002d00                motion_control_io_init
 .text.motion_get_probe
                0x08002e3c       0x18 CMakeFiles/XCORE407I_FIRMWARE.dir/home/marios/XCore407I-Firmware/Remora-OS6/Firmware/FirmwareSource/Remora-OS6/TARGET_XCORE407I/motion_io.c.obj
                0x08002e3c                motion_get_probe
 .text.motion_apply_limited_step
                0x08002e54       0x8c CMakeFiles/XCORE407I_FIRMWARE.dir/home/marios/XCore407I-Firmware/Remora-OS6/Firmware/FirmwareSource/Remora-OS6/TARGET_XCORE407I/motion_io.c.obj
                0x08002e54                motion_apply_limited_step
 .text.jog_init
                0x08002ee0       0x34 CMakeFiles/XCORE407I_FIRMWARE.dir/home/marios/XCore407I-Firmware/Remora-OS6/Firmware/FirmwareSource/Remora-OS6/TARGET_XCORE407I/jog.c.obj
                0x08002ee0                jog_init
 .text.jog_set_speed_axis
                0x08002f14       0x14 CMakeFiles/XCORE407I_FIRMWARE.dir/home/marios/XCore407I-Firmware/Remora-OS6/Firmware/FirmwareSource/Remora-OS6/TARGET_XCORE407I/jog.c.obj
                0x08002f14                jog_set_speed_axis
 .text.jog_set_accel_axis
                0x08002f28       0x18 CMakeFiles/XCORE407I_FIRMWARE.dir/home/marios/XCore407I-Firmware/Remora-OS6/Firmware/FirmwareSource/Remora-OS6/TARGET_XCORE407I/jog.c.obj
                0x08002f28                jog_set_accel_axis
 .text.jog_set_speed
                0x08002f40       0x10 CMakeFiles/XCORE407I_FIRMWARE.dir/home/marios/XCore407I-Firmware/Remora-OS6/Firmware/FirmwareSource/Remora-OS6/TARGET_XCORE407I/jog.c.obj
                0x08002f40                jog_set_speed
 .text.jog_set_accel
                0x08002f50       0x10 CMakeFiles/XCORE407I_FIRMWARE.dir/home/marios/XCore407I-Firmware/Remora-OS6/Firmware/FirmwareSource/Remora-OS6/TARGET_XCORE407I/jog.c.obj
                0x08002f50                jog_set_accel
 .text.jog_get_current_speed_axis
                0x08002f60       0x1c CMakeFiles/XCORE407I_FIRMWARE.dir/home/marios/XCore407I-Firmware/Remora-OS6/Firmware/FirmwareSource/Remora-OS6/TARGET_XCORE407I/jog.c.obj
                0x08002f60                jog_get_current_speed_axis
 .text.jog_get_target_speed_axis
                0x08002f7c       0x18 CMakeFiles/XCORE407I_FIRMWARE.dir/home/marios/XCore407I-Firmware/Remora-OS6/Firmware/FirmwareSource/Remora-OS6/TARGET_XCORE407I/jog.c.obj
                0x08002f7c                jog_get_target_speed_axis
 .text.jog_get_direction_axis
                0x08002f94       0x28 CMakeFiles/XCORE407I_FIRMWARE.dir/home/marios/XCore407I-Firmware/Remora-OS6/Firmware/FirmwareSource/Remora-OS6/TARGET_XCORE407I/jog.c.obj
                0x08002f94                jog_get_direction_axis
 .text.jog_poll
                0x08002fbc      0x170 CMakeFiles/XCORE407I_FIRMWARE.dir/home/marios/XCore407I-Firmware/Remora-OS6/Firmware/FirmwareSource/Remora-OS6/TARGET_XCORE407I/jog.c.obj
                0x08002fbc                jog_poll
 .text.homing_start
                0x0800312c       0x5c CMakeFiles/XCORE407I_FIRMWARE.dir/home/marios/XCore407I-Firmware/Remora-OS6/Firmware/FirmwareSource/Remora-OS6/TARGET_XCORE407I/homing.c.obj
                0x0800312c                homing_start
 .text.homing_abort
                0x08003188       0x30 CMakeFiles/XCORE407I_FIRMWARE.dir/home/marios/XCore407I-Firmware/Remora-OS6/Firmware/FirmwareSource/Remora-OS6/TARGET_XCORE407I/homing.c.obj
                0x08003188                homing_abort
 .text.homing_is_active
                0x080031b8       0x24 CMakeFiles/XCORE407I_FIRMWARE.dir/home/marios/XCore407I-Firmware/Remora-OS6/Firmware/FirmwareSource/Remora-OS6/TARGET_XCORE407I/homing.c.obj
                0x080031b8                homing_is_active
 .text.homing_get_homed_mask
                0x080031dc        0xc CMakeFiles/XCORE407I_FIRMWARE.dir/home/marios/XCore407I-Firmware/Remora-OS6/Firmware/FirmwareSource/Remora-OS6/TARGET_XCORE407I/homing.c.obj
                0x080031dc                homing_get_homed_mask
 .text.homing_get_offset
                0x080031e8       0x1c CMakeFiles/XCORE407I_FIRMWARE.dir/home/marios/XCore407I-Firmware/Remora-OS6/Firmware/FirmwareSource/Remora-OS6/TARGET_XCORE407I/homing.c.obj
                0x080031e8                homing_get_offset
 .text.homing_set_offset
                0x08003204       0x34 CMakeFiles/XCORE407I_FIRMWARE.dir/home/marios/XCore407I-Firmware/Remora-OS6/Firmware/FirmwareSource/Remora-OS6/TARGET_XCORE407I/homing.c.obj
                0x08003204                homing_set_offset
 .text.homing_poll
                0x08003238      0x128 CMakeFiles/XCORE407I_FIRMWARE.dir/home/marios/XCore407I-Firmware/Remora-OS6/Firmware/FirmwareSource/Remora-OS6/TARGET_XCORE407I/homing.c.obj
                0x08003238                homing_poll
 .text.config_store_init
                0x08003360      0x104 CMakeFiles/XCORE407I_FIRMWARE.dir/home/marios/XCore407I-Firmware/Remora-OS6/Firmware/FirmwareSource/Remora-OS6/TARGET_XCORE407I/config_store.c.obj
                0x08003360                config_store_init
 .text.config_store_get
                0x08003464        0x8 CMakeFiles/XCORE407I_FIRMWARE.dir/home/marios/XCore407I-Firmware/Remora-OS6/Firmware/FirmwareSource/Remora-OS6/TARGET_XCORE407I/config_store.c.obj
                0x08003464                config_store_get
 .text.config_store_mark_dirty
                0x0800346c        0xc CMakeFiles/XCORE407I_FIRMWARE.dir/home/marios/XCore407I-Firmware/Remora-OS6/Firmware/FirmwareSource/Remora-OS6/TARGET_XCORE407I/config_store.c.obj
                0x0800346c                config_store_mark_dirty
 .text.config_store_save
                0x08003478       0xc8 CMakeFiles/XCORE407I_FIRMWARE.dir/home/marios/XCore407I-Firmware/Remora-OS6/Firmware/FirmwareSource/Remora-OS6/TARGET_XCORE407I/config_store.c.obj
                0x08003478                config_store_save
 .text.config_store_apply
                0x08003540       0x2c CMakeFiles/XCORE407I_FIRMWARE.dir/home/marios/XCore407I-Firmware/Remora-OS6/Firmware/FirmwareSource/Remora-OS6/TARGET_XCORE407I/config_store.c.obj
                0x08003540                config_store_apply
 .text.encoder_init
                0x0800356c      0x210 CMakeFiles/XCORE407I_FIRMWARE.dir/home/marios/XCore407I-Firmware/Remora-OS6/Firmware/FirmwareSource/Remora-OS6/TARGET_XCORE407I/encoder.c.obj
                0x0800356c                encoder_init
 .text.encoder_get_count
                0x0800377c       0x2c CMakeFiles/XCORE407I_FIRMWARE.dir/home/marios/XCore407I-Firmware/Remora-OS6/Firmware/FirmwareSource/Remora-OS6/TARGET_XCORE407I/encoder.c.obj
                0x0800377c                encoder_get_count
 .text.encoder_get_qei
                0x080037a8       0x14 CMakeFiles/XCORE407I_FIRMWARE.dir/home/marios/XCore407I-Firmware/Remora-OS6/Firmware/FirmwareSource/Remora-OS6/TARGET_XCORE407I/encoder.c.obj
                0x080037a8                encoder_get_qei
 .text.sha256_transform
                0x080037bc      0x164 CMakeFiles/XCORE407I_FIRMWARE.dir/home/marios/XCore407I-Firmware/Remora-OS6/Firmware/FirmwareSource/Remora-OS6/TARGET_XCORE407I/auth.c.obj
 .text.sha256_final
                0x08003920       0xac CMakeFiles/XCORE407I_FIRMWARE.dir/home/marios/XCore407I-Firmware/Remora-OS6/Firmware/FirmwareSource/Remora-OS6/TARGET_XCORE407I/auth.c.obj
 .text.sha256_update
                0x080039cc       0x64 CMakeFiles/XCORE407I_FIRMWARE.dir/home/marios/XCore407I-Firmware/Remora-OS6/Firmware/FirmwareSource/Remora-OS6/TARGET_XCORE407I/auth.c.obj
 .text.auth_hmac_tag
                0x08003a30      0x168 CMakeFiles/XCORE407I_FIRMWARE.dir/home/marios/XCore407I-Firmware/Remora-OS6/Firmware/FirmwareSource/Remora-OS6/TARGET_XCORE407I/auth.c.obj
                0x08003a30                auth_hmac_tag
 .text.echo_recv
                0x08003b98       0x24 CMakeFiles/XCORE407I_FIRMWARE.dir/home/marios/XCore407I-Firmware/src/net/udp_echo.c.obj
 .text.udp_echo_init
                0x08003bbc       0x40 CMakeFiles/XCORE407I_FIRMWARE.dir/home/marios/XCore407I-Firmware/src/net/udp_echo.c.obj
                0x08003bbc                udp_echo_init
 .text.SystemInit
                0x08003bfc       0x14 CMakeFiles/XCORE407I_FIRMWARE.dir/home/marios/XCore407I-Firmware/st/STM32CubeF4/Drivers/CMSIS/Device/ST/STM32F4xx/Source/Templates/system_stm32f4xx.c.obj
                0x08003bfc                SystemInit
 .text.SystemCoreClockUpdate
                0x08003c10       0x70 CMakeFiles/XCORE407I_FIRMWARE.dir/home/marios/XCore407I-Firmware/st/STM32CubeF4/Drivers/CMSIS/Device/ST/STM32F4xx/Source/Templates/system_stm32f4xx.c.obj
                0x08003c10                SystemCoreClockUpdate
 .text._close   0x08003c80        0x8 CMakeFiles/XCORE407I_FIRMWARE.dir/syscalls.c.obj
                0x08003c80                _close
 .text._fstat   0x08003c88        0xc CMakeFiles/XCORE407I_FIRMWARE.dir/syscalls.c.obj
                0x08003c88                _fstat
 .text._isatty  0x08003c94        0x4 CMakeFiles/XCORE407I_FIRMWARE.dir/syscalls.c.obj
                0x08003c94                _isatty
 .text._lseek   0x08003c98        0x8 CMakeFiles/XCORE407I_FIRMWARE.dir/syscalls.c.obj
                0x08003c98                _lseek
 .text._read    0x08003ca0        0x4 CMakeFiles/XCORE407I_FIRMWARE.dir/syscalls.c.obj
                0x08003ca0                _read
 .text._write   0x08003ca4        0x4 CMakeFiles/XCORE407I_FIRMWARE.dir/syscalls.c.obj
                0x08003ca4                _write
 .text._sbrk    0x08003ca8       0x10 CMakeFiles/XCORE407I_FIRMWARE.dir/syscalls.c.obj
                0x08003ca8                _sbrk
 .text._exit    0x08003cb8        0x4 CMakeFiles/XCORE407I_FIRMWARE.dir/syscalls.c.obj
                0x08003cb8                _exit
 .text._kill    0x08003cbc       0x10 CMakeFiles/XCORE407I_FIRMWARE.dir/syscalls.c.obj
                0x08003cbc                _kill
 .text._getpid  0x08003ccc        0x4 CMakeFiles/XCORE407I_FIRMWARE.dir/syscalls.c.obj
                0x08003ccc                _getpid
 .text.HAL_MspInit
                0x08003cd0        0x4 CMakeFiles/XCORE407I_FIRMWARE.dir/home/marios/XCore407I-Firmware/st/STM32CubeF4/Drivers/STM32F4xx_HAL_Driver/Src/stm32f4xx_hal.c.obj
                0x08003cd0                HAL_MspInit
 .text.HAL_MspDeInit
                0x08003cd4        0x4 CMakeFiles/XCORE407I_FIRMWARE.dir/home/marios/XCore407I-Firmware/st/STM32CubeF4/Drivers/STM32F4xx_HAL_Driver/Src/stm32f4xx_hal.c.obj
                0x08003cd4                HAL_MspDeInit
 .text.HAL_DeInit
                0x08003cd8       0x3c CMakeFiles/XCORE407I_FIRMWARE.dir/home/marios/XCore407I-Firmware/st/STM32CubeF4/Drivers/STM32F4xx_HAL_Driver/Src/stm32f4xx_hal.c.obj
                0x08003cd8                HAL_DeInit
 .text.HAL_InitTick
                0x08003d14       0x48 CMakeFiles/XCORE407I_FIRMWARE.dir/home/marios/XCore407I-Firmware/st/STM32CubeF4/Drivers/STM32F4xx_HAL_Driver/Src/stm32f4xx_hal.c.obj
                0x08003d14                HAL_InitTick
 .text.HAL_Init
                0x08003d5c       0x34 CMakeFiles/XCORE407I_FIRMWARE.dir/home/marios/XCore407I-Firmware/st/STM32CubeF4/Drivers/STM32F4xx_HAL_Driver/Src/stm32f4xx_hal.c.obj
                0x08003d5c                HAL_Init
 .text.HAL_GetTick
                0x08003d90        0xc CMakeFiles/XCORE407I_FIRMWARE.dir/home/marios/XCore407I-Firmware/st/STM32CubeF4/Drivers/STM32F4xx_HAL_Driver/Src/stm32f4xx_hal.c.obj
                0x08003d90                HAL_GetTick
 .text.HAL_Delay
                0x08003d9c       0x24 CMakeFiles/XCORE407I_FIRMWARE.dir/home/marios/XCore407I-Firmware/st/STM32CubeF4/Drivers/STM32F4xx_HAL_Driver/Src/stm32f4xx_hal.c.obj
                0x08003d9c                HAL_Delay
 .text.HAL_RCC_OscConfig
                0x08003dc0      0x3c4 CMakeFiles/XCORE407I_FIRMWARE.dir/home/marios/XCore407I-Firmware/st/STM32CubeF4/Drivers/STM32F4xx_HAL_Driver/Src/stm32f4xx_hal_rcc.c.obj
                0x08003dc0                HAL_RCC_OscConfig
 .text.HAL_RCC_GetSysClockFreq
                0x08004184       0x68 CMakeFiles/XCORE407I_FIRMWARE.dir/home/marios/XCore407I-Firmware/st/STM32CubeF4/Drivers/STM32F4xx_HAL_Driver/Src/stm32f4xx_hal_rcc.c.obj
                0x08004184                HAL_RCC_GetSysClockFreq
 .text.HAL_RCC_ClockConfig
                0x080041ec      0x13c CMakeFiles/XCORE407I_FIRMWARE.dir/home/marios/XCore407I-Firmware/st/STM32CubeF4/Drivers/STM32F4xx_HAL_Driver/Src/stm32f4xx_hal_rcc.c.obj
                0x080041ec                HAL_RCC_ClockConfig
 .text.HAL_RCC_GetPCLK1Freq
                0x08004328       0x20 CMakeFiles/XCORE407I_FIRMWARE.dir/home/marios/XCore407I-Firmware/st/STM32CubeF4/Drivers/STM32F4xx_HAL_Driver/Src/stm32f4xx_hal_rcc.c.obj
                0x08004328                HAL_RCC_GetPCLK1Freq
 .text.HAL_RCC_GetPCLK2Freq
                0x08004348       0x20 CMakeFiles/XCORE407I_FIRMWARE.dir/home/marios/XCore407I-Firmware/st/STM32CubeF4/Drivers/STM32F4xx_HAL_Driver/Src/stm32f4xx_hal_rcc.c.obj
                0x08004348                HAL_RCC_GetPCLK2Freq
 .text.HAL_RCC_DeInit
                0x08004368      0x124 CMakeFiles/XCORE407I_FIRMWARE.dir/home/marios/XCore407I-Firmware/st/STM32CubeF4/Drivers/STM32F4xx_HAL_Driver/Src/stm32f4xx_hal_rcc_ex.c.obj
                0x08004368                HAL_RCC_DeInit
 .text.HAL_GPIO_Init
                0x0800448c      0x264 CMakeFiles/XCORE407I_FIRMWARE.dir/home/marios/XCore407I-Firmware/st/STM32CubeF4/Drivers/STM32F4xx_HAL_Driver/Src/stm32f4xx_hal_gpio.c.obj
                0x0800448c                HAL_GPIO_Init
 .text.HAL_GPIO_ReadPin
                0x080046f0        0xc CMakeFiles/XCORE407I_FIRMWARE.dir/home/marios/XCore407I-Firmware/st/STM32CubeF4/Drivers/STM32F4xx_HAL_Driver/Src/stm32f4xx_hal_gpio.c.obj
                0x080046f0                HAL_GPIO_ReadPin
 .text.HAL_GPIO_WritePin
                0x080046fc        0x8 CMakeFiles/XCORE407I_FIRMWARE.dir/home/marios/XCore407I-Firmware/st/STM32CubeF4/Drivers/STM32F4xx_HAL_Driver/Src/stm32f4xx_hal_gpio.c.obj
                0x080046fc                HAL_GPIO_WritePin
 .text.HAL_GPIO_TogglePin
                0x08004704       0x14 CMakeFiles/XCORE407I_FIRMWARE.dir/home/marios/XCore407I-Firmware/st/STM32CubeF4/Drivers/STM32F4xx_HAL_Driver/Src/stm32f4xx_hal_gpio.c.obj
                0x08004704                HAL_GPIO_TogglePin
 .text.HAL_NVIC_SetPriorityGrouping
                0x08004718       0x24 CMakeFiles/XCORE407I_FIRMWARE.dir/home/marios/XCore407I-Firmware/st/STM32CubeF4/Drivers/STM32F4xx_HAL_Driver/Src/stm32f4xx_hal_cortex.c.obj
                0x08004718                HAL_NVIC_SetPriorityGrouping
 .text.HAL_NVIC_SetPriority
                0x0800473c       0x7c CMakeFiles/XCORE407I_FIRMWARE.dir/home/marios/XCore407I-Firmware/st/STM32CubeF4/Drivers/STM32F4xx_HAL_Driver/Src/stm32f4xx_hal_cortex.c.obj
                0x0800473c                HAL_NVIC_SetPriority
 .text.HAL_NVIC_EnableIRQ
                0x080047b8       0x1c CMakeFiles/XCORE407I_FIRMWARE.dir/home/marios/XCore407I-Firmware/st/STM32CubeF4/Drivers/STM32F4xx_HAL_Driver/Src/stm32f4xx_hal_cortex.c.obj
                0x080047b8                HAL_NVIC_EnableIRQ
 .text.HAL_SYSTICK_Config
                0x080047d4       0x34 CMakeFiles/XCORE407I_FIRMWARE.dir/home/marios/XCore407I-Firmware/st/STM32CubeF4/Drivers/STM32F4xx_HAL_Driver/Src/stm32f4xx_hal_cortex.c.obj
                0x080047d4                HAL_SYSTICK_Config
 .text.FLASH_SetErrorCode
                0x08004808       0x78 CMakeFiles/XCORE407I_FIRMWARE.dir/home/marios/XCore407I-Firmware/st/STM32CubeF4/Drivers/STM32F4xx_HAL_Driver/Src/stm32f4xx_hal_flash.c.obj
 .text.HAL_FLASH_Unlock
                0x08004880       0x28 CMakeFiles/XCORE407I_FIRMWARE.dir/home/marios/XCore407I-Firmware/st/STM32CubeF4/Drivers/STM32F4xx_HAL_Driver/Src/stm32f4xx_hal_flash.c.obj
                0x08004880                HAL_FLASH_Unlock
 .text.HAL_FLASH_Lock
                0x080048a8       0x14 CMakeFiles/XCORE407I_FIRMWARE.dir/home/marios/XCore407I-Firmware/st/STM32CubeF4/Drivers/STM32F4xx_HAL_Driver/Src/stm32f4xx_hal_flash.c.obj
                0x080048a8                HAL_FLASH_Lock
 .text.FLASH_WaitForLastOperation
                0x080048bc       0x54 CMakeFiles/XCORE407I_FIRMWARE.dir/home/marios/XCore407I-Firmware/st/STM32CubeF4/Drivers/STM32F4xx_HAL_Driver/Src/stm32f4xx_hal_flash.c.obj
                0x080048bc                FLASH_WaitForLastOperation
 .text.HAL_FLASH_Program
                0x08004910       0xd0 CMakeFiles/XCORE407I_FIRMWARE.dir/home/marios/XCore407I-Firmware/st/STM32CubeF4/Drivers/STM32F4xx_HAL_Driver/Src/stm32f4xx_hal_flash.c.obj
                0x08004910                HAL_FLASH_Program
 .text.FLASH_Erase_Sector
                0x080049e0       0x3c CMakeFiles/XCORE407I_FIRMWARE.dir/home/marios/XCore407I-Firmware/st/STM32CubeF4/Drivers/STM32F4xx_HAL_Driver/Src/stm32f4xx_hal_flash_ex.c.obj
                0x080049e0                FLASH_Erase_Sector
 .text.FLASH_FlushCaches
                0x08004a1c       0x58 CMakeFiles/XCORE407I_FIRMWARE.dir/home/marios/XCore407I-Firmware/st/STM32CubeF4/Drivers/STM32F4xx_HAL_Driver/Src/stm32f4xx_hal_flash_ex.c.obj
                0x08004a1c                FLASH_FlushCaches
 .text.HAL_FLASHEx_Erase
                0x08004a74       0xc4 CMakeFiles/XCORE407I_FIRMWARE.dir/home/marios/XCore407I-Firmware/st/STM32CubeF4/Drivers/STM32F4xx_HAL_Driver/Src/stm32f4xx_hal_flash_ex.c.obj
                0x08004a74                HAL_FLASHEx_Erase
 .text.HAL_ETH_RxLinkCallback
                0x08004b38        0x4 CMakeFiles/XCORE407I_FIRMWARE.dir/home/marios/XCore407I-Firmware/st/STM32CubeF4/Drivers/STM32F4xx_HAL_Driver/Src/stm32f4xx_hal_eth.c.obj
                0x08004b38                HAL_ETH_RxLinkCallback
 .text.ETH_Prepare_Tx_Descriptors
                0x08004b3c      0x17c CMakeFiles/XCORE407I_FIRMWARE.dir/home/marios/XCore407I-Firmware/st/STM32CubeF4/Drivers/STM32F4xx_HAL_Driver/Src/stm32f4xx_hal_eth.c.obj
 .text.ETH_SetMACConfig
                0x08004cb8       0xf0 CMakeFiles/XCORE407I_FIRMWARE.dir/home/marios/XCore407I-Firmware/st/STM32CubeF4/Drivers/STM32F4xx_HAL_Driver/Src/stm32f4xx_hal_eth.c.obj
 .text.ETH_SetDMAConfig
                0x08004da8       0xa4 CMakeFiles/XCORE407I_FIRMWARE.dir/home/marios/XCore407I-Firmware/st/STM32CubeF4/Drivers/STM32F4xx_HAL_Driver/Src/stm32f4xx_hal_eth.c.obj
 .text.HAL_ETH_RxAllocateCallback
                0x08004e4c        0x4 CMakeFiles/XCORE407I_FIRMWARE.dir/home/marios/XCore407I-Firmware/st/STM32CubeF4/Drivers/STM32F4xx_HAL_Driver/Src/stm32f4xx_hal_eth.c.obj
                0x08004e4c                HAL_ETH_RxAllocateCallback
 .text.ETH_UpdateDescriptor
                0x08004e50       0xa0 CMakeFiles/XCORE407I_FIRMWARE.dir/home/marios/XCore407I-Firmware/st/STM32CubeF4/Drivers/STM32F4xx_HAL_Driver/Src/stm32f4xx_hal_eth.c.obj
 .text.HAL_ETH_Init
                0x08004ef0      0x248 CMakeFiles/XCORE407I_FIRMWARE.dir/home/marios/XCore407I-Firmware/st/STM32CubeF4/Drivers/STM32F4xx_HAL_Driver/Src/stm32f4xx_hal_eth.c.obj
                0x08004ef0                HAL_ETH_Init
 .text.HAL_ETH_Start
                0x08005138       0x8c CMakeFiles/XCORE407I_FIRMWARE.dir/home/marios/XCore407I-Firmware/st/STM32CubeF4/Drivers/STM32F4xx_HAL_Driver/Src/stm32f4xx_hal_eth.c.obj
                0x08005138                HAL_ETH_Start
 .text.HAL_ETH_Transmit
                0x080051c4       0xb4 CMakeFiles/XCORE407I_FIRMWARE.dir/home/marios/XCore407I-Firmware/st/STM32CubeF4/Drivers/STM32F4xx_HAL_Driver/Src/stm32f4xx_hal_eth.c.obj
                0x080051c4                HAL_ETH_Transmit
 .text.HAL_ETH_ReadData
                0x08005278      0x124 CMakeFiles/XCORE407I_FIRMWARE.dir/home/marios/XCore407I-Firmware/st/STM32CubeF4/Drivers/STM32F4xx_HAL_Driver/Src/stm32f4xx_hal_eth.c.obj
                0x08005278                HAL_ETH_ReadData
 .text.HAL_ETH_ReadPHYRegister
                0x0800539c       0x50 CMakeFiles/XCORE407I_FIRMWARE.dir/home/marios/XCore407I-Firmware/st/STM32CubeF4/Drivers/STM32F4xx_HAL_Driver/Src/stm32f4xx_hal_eth.c.obj
                0x0800539c                HAL_ETH_ReadPHYRegister
 .text.HAL_ETH_WritePHYRegister
                0x080053ec       0x4c CMakeFiles/XCORE407I_FIRMWARE.dir/home/marios/XCore407I-Firmware/st/STM32CubeF4/Drivers/STM32F4xx_HAL_Driver/Src/stm32f4xx_hal_eth.c.obj
                0x080053ec                HAL_ETH_WritePHYRegister
 .text.TIM_OC1_SetConfig
                0x08005438       0x60 CMakeFiles/XCORE407I_FIRMWARE.dir/home/marios/XCore407I-Firmware/st/STM32CubeF4/Drivers/STM32F4xx_HAL_Driver/Src/stm32f4xx_hal_tim.c.obj
 .text.TIM_OC3_SetConfig
                0x08005498       0x64 CMakeFiles/XCORE407I_FIRMWARE.dir/home/marios/XCore407I-Firmware/st/STM32CubeF4/Drivers/STM32F4xx_HAL_Driver/Src/stm32f4xx_hal_tim.c.obj
 .text.TIM_OC4_SetConfig
                0x080054fc       0x50 CMakeFiles/XCORE407I_FIRMWARE.dir/home/marios/XCore407I-Firmware/st/STM32CubeF4/Drivers/STM32F4xx_HAL_Driver/Src/stm32f4xx_hal_tim.c.obj
 .text.HAL_TIM_Base_MspInit
                0x0800554c        0x4 CMakeFiles/XCORE407I_FIRMWARE.dir/home/marios/XCore407I-Firmware/st/STM32CubeF4/Drivers/STM32F4xx_HAL_Driver/Src/stm32f4xx_hal_tim.c.obj
                0x0800554c                HAL_TIM_Base_MspInit
 .text.HAL_TIM_OC_Start
                0x08005550       0xcc CMakeFiles/XCORE407I_FIRMWARE.dir/home/marios/XCore407I-Firmware/st/STM32CubeF4/Drivers/STM32F4xx_HAL_Driver/Src/stm32f4xx_hal_tim.c.obj
                0x08005550                HAL_TIM_OC_Start
 .text.HAL_TIM_PWM_MspInit
                0x0800561c        0x4 CMakeFiles/XCORE407I_FIRMWARE.dir/home/marios/XCore407I-Firmware/st/STM32CubeF4/Drivers/STM32F4xx_HAL_Driver/Src/stm32f4xx_hal_tim.c.obj
                0x0800561c                HAL_TIM_PWM_MspInit
 .text.HAL_TIM_Encoder_MspInit
                0x08005620        0x4 CMakeFiles/XCORE407I_FIRMWARE.dir/home/marios/XCore407I-Firmware/st/STM32CubeF4/Drivers/STM32F4xx_HAL_Driver/Src/stm32f4xx_hal_tim.c.obj
                0x08005620                HAL_TIM_Encoder_MspInit
 .text.HAL_TIM_Encoder_Start
                0x08005624       0xc4 CMakeFiles/XCORE407I_FIRMWARE.dir/home/marios/XCore407I-Firmware/st/STM32CubeF4/Drivers/STM32F4xx_HAL_Driver/Src/stm32f4xx_hal_tim.c.obj
                0x08005624                HAL_TIM_Encoder_Start
 .text.TIM_Base_SetConfig
                0x080056e8       0xd0 CMakeFiles/XCORE407I_FIRMWARE.dir/home/marios/XCore407I-Firmware/st/STM32CubeF4/Drivers/STM32F4xx_HAL_Driver/Src/stm32f4xx_hal_tim.c.obj
                0x080056e8                TIM_Base_SetConfig
 .text.HAL_TIM_Base_Init
                0x080057b8       0x5c CMakeFiles/XCORE407I_FIRMWARE.dir/home/marios/XCore407I-Firmware/st/STM32CubeF4/Drivers/STM32F4xx_HAL_Driver/Src/stm32f4xx_hal_tim.c.obj
                0x080057b8                HAL_TIM_Base_Init
 .text.HAL_TIM_PWM_Init
                0x08005814       0x5c CMakeFiles/XCORE407I_FIRMWARE.dir/home/marios/XCore407I-Firmware/st/STM32CubeF4/Drivers/STM32F4xx_HAL_Driver/Src/stm32f4xx_hal_tim.c.obj
                0x08005814                HAL_TIM_PWM_Init
 .text.HAL_TIM_Encoder_Init
                0x08005870       0xac CMakeFiles/XCORE407I_FIRMWARE.dir/home/marios/XCore407I-Firmware/st/STM32CubeF4/Drivers/STM32F4xx_HAL_Driver/Src/stm32f4xx_hal_tim.c.obj
                0x08005870                HAL_TIM_Encoder_Init
 .text.TIM_OC2_SetConfig
                0x0800591c       0x64 CMakeFiles/XCORE407I_FIRMWARE.dir/home/marios/XCore407I-Firmware/st/STM32CubeF4/Drivers/STM32F4xx_HAL_Driver/Src/stm32f4xx_hal_tim.c.obj
                0x0800591c                TIM_OC2_SetConfig
 .text.HAL_TIM_OC_ConfigChannel
                0x08005980       0x58 CMakeFiles/XCORE407I_FIRMWARE.dir/home/marios/XCore407I-Firmware/st/STM32CubeF4/Drivers/STM32F4xx_HAL_Driver/Src/stm32f4xx_hal_tim.c.obj
                0x08005980                HAL_TIM_OC_ConfigChannel
 .text.UART_EndRxTransfer
                0x080059d8       0x60 CMakeFiles/XCORE407I_FIRMWARE.dir/home/marios/XCore407I-Firmware/st/STM32CubeF4/Drivers/STM32F4xx_HAL_Driver/Src/stm32f4xx_hal_uart.c.obj
 .text.UART_SetConfig
                0x08005a38       0xdc CMakeFiles/XCORE407I_FIRMWARE.dir/home/marios/XCore407I-Firmware/st/STM32CubeF4/Drivers/STM32F4xx_HAL_Driver/Src/stm32f4xx_hal_uart.c.obj
 .text.HAL_UART_MspInit
                0x08005b14        0x4 CMakeFiles/XCORE407I_FIRMWARE.dir/home/marios/XCore407I-Firmware/st/STM32CubeF4/Drivers/STM32F4xx_HAL_Driver/Src/stm32f4xx_hal_uart.c.obj
                0x08005b14                HAL_UART_MspInit
 .text.HAL_UART_Init
                0x08005b18       0x64 CMakeFiles/XCORE407I_FIRMWARE.dir/home/marios/XCore407I-Firmware/st/STM32CubeF4/Drivers/STM32F4xx_HAL_Driver/Src/stm32f4xx_hal_uart.c.obj
                0x08005b18                HAL_UART_Init
 .text.HAL_UART_Receive
                0x08005b7c      0x104 CMakeFiles/XCORE407I_FIRMWARE.dir/home/marios/XCore407I-Firmware/st/STM32CubeF4/Drivers/STM32F4xx_HAL_Driver/Src/stm32f4xx_hal_uart.c.obj
                0x08005b7c                HAL_UART_Receive
 .text.qei_init
                0x08005c80      0x138 CMakeFiles/XCORE407I_FIRMWARE.dir/home/marios/XCore407I-Firmware/Remora-OS6/Firmware/FirmwareSource/Remora-OS6/TARGET_XCORE407I/drivers/qei/qeiDriver.cpp.obj
                0x08005c80                qei_init
 .text.qei_get_position
                0x08005db8       0x48 CMakeFiles/XCORE407I_FIRMWARE.dir/home/marios/XCore407I-Firmware/Remora-OS6/Firmware/FirmwareSource/Remora-OS6/TARGET_XCORE407I/drivers/qei/qeiDriver.cpp.obj
                0x08005db8                qei_get_position
 .text.qei_update_velocity
                0x08005e00       0x3c CMakeFiles/XCORE407I_FIRMWARE.dir/home/marios/XCore407I-Firmware/Remora-OS6/Firmware/FirmwareSource/Remora-OS6/TARGET_XCORE407I/drivers/qei/qeiDriver.cpp.obj
                0x08005e00                qei_update_velocity
 .text.qei_diag_poll
                0x08005e3c       0x60 CMakeFiles/XCORE407I_FIRMWARE.dir/home/marios/XCore407I-Firmware/Remora-OS6/Firmware/FirmwareSource/Remora-OS6/TARGET_XCORE407I/qei_diag.c.obj
                0x08005e3c                qei_diag_poll
 .text.lwip_init
                0x08005e9c       0x1c liblwipcore.a(init.c.obj)
                0x08005e9c                lwip_init
 .text.mem_init
                0x08005eb8       0x3c liblwipcore.a(mem.c.obj)
                0x08005eb8                mem_init
 .text.mem_free
                0x08005ef4       0xe0 liblwipcore.a(mem.c.obj)
                0x08005ef4                mem_free
 .text.mem_trim
                0x08005fd4       0xd0 liblwipcore.a(mem.c.obj)
                0x08005fd4                mem_trim
 .text.mem_malloc
                0x080060a4       0xd8 liblwipcore.a(mem.c.obj)
                0x080060a4                mem_malloc
 .text.memp_init
                0x0800617c       0x50 liblwipcore.a(memp.c.obj)
                0x0800617c                memp_init
 .text.memp_malloc
                0x080061cc       0x20 liblwipcore.a(memp.c.obj)
                0x080061cc                memp_malloc
 .text.memp_free
                0x080061ec       0x1c liblwipcore.a(memp.c.obj)
                0x080061ec                memp_free
 .text.netif_null_output_ip4
                0x08006208        0x8 liblwipcore.a(netif.c.obj)
 .text.netif_do_set_ipaddr.isra.0
                0x08006210       0x44 liblwipcore.a(netif.c.obj)
 .text.netif_init
                0x08006254        0x4 liblwipcore.a(netif.c.obj)
                0x08006254                netif_init
 .text.netif_set_addr
                0x08006258       0x5c liblwipcore.a(netif.c.obj)
                0x08006258                netif_set_addr
 .text.netif_add
                0x080062b4       0xb4 liblwipcore.a(netif.c.obj)
                0x080062b4                netif_add
 .text.netif_set_default
                0x08006368        0xc liblwipcore.a(netif.c.obj)
                0x08006368                netif_set_default
 .text.netif_set_up
                0x08006374       0x34 liblwipcore.a(netif.c.obj)
                0x08006374                netif_set_up
 .text.netif_set_link_up
                0x080063a8       0x40 liblwipcore.a(netif.c.obj)
                0x080063a8                netif_set_link_up
 .text.netif_set_link_down
                0x080063e8       0x14 liblwipcore.a(netif.c.obj)
                0x080063e8                netif_set_link_down
 .text.netif_get_by_index
                0x080063fc       0x24 liblwipcore.a(netif.c.obj)
                0x080063fc                netif_get_by_index
 .text.pbuf_free.part.0
                0x08006420       0x60 liblwipcore.a(pbuf.c.obj)
 .text.pbuf_alloc
                0x08006480       0xec liblwipcore.a(pbuf.c.obj)
                0x08006480                pbuf_alloc
 .text.pbuf_alloced_custom
                0x0800656c       0x3c liblwipcore.a(pbuf.c.obj)
                0x0800656c                pbuf_alloced_custom
 .text.pbuf_realloc
                0x080065a8       0x70 liblwipcore.a(pbuf.c.obj)
                0x080065a8                pbuf_realloc
 .text.pbuf_add_header
                0x08006618       0x50 liblwipcore.a(pbuf.c.obj)
                0x08006618                pbuf_add_header
 .text.pbuf_remove_header
                0x08006668       0x34 liblwipcore.a(pbuf.c.obj)
                0x08006668                pbuf_remove_header
 .text.pbuf_header_force
                0x0800669c       0x70 liblwipcore.a(pbuf.c.obj)
                0x0800669c                pbuf_header_force
 .text.pbuf_free
                0x0800670c        0x8 liblwipcore.a(pbuf.c.obj)
                0x0800670c                pbuf_free
 .text.pbuf_clen
                0x08006714       0x14 liblwipcore.a(pbuf.c.obj)
                0x08006714                pbuf_clen
 .text.pbuf_ref
                0x08006728        0xc liblwipcore.a(pbuf.c.obj)
                0x08006728                pbuf_ref
 .text.pbuf_cat
                0x08006734       0x28 liblwipcore.a(pbuf.c.obj)
                0x08006734                pbuf_cat
 .text.pbuf_chain
                0x0800675c       0x34 liblwipcore.a(pbuf.c.obj)
                0x0800675c                pbuf_chain
 .text.pbuf_copy
                0x08006790       0xe4 liblwipcore.a(pbuf.c.obj)
                0x08006790                pbuf_copy
 .text.pbuf_copy_partial
                0x08006874       0x78 liblwipcore.a(pbuf.c.obj)
                0x08006874                pbuf_copy_partial
 .text.pbuf_take
                0x080068ec       0x4c liblwipcore.a(pbuf.c.obj)
                0x080068ec                pbuf_take
 .text.pbuf_clone
                0x08006938       0x1c liblwipcore.a(pbuf.c.obj)
                0x08006938                pbuf_clone
 .text.sys_timeout_abs
                0x08006954       0x3c liblwipcore.a(timeouts.c.obj)
 .text.lwip_cyclic_timer
                0x08006990       0x40 liblwipcore.a(timeouts.c.obj)
 .text.sys_timeouts_init
                0x080069d0       0x2c liblwipcore.a(timeouts.c.obj)
                0x080069d0                sys_timeouts_init
 .text.sys_check_timeouts
                0x080069fc       0x50 liblwipcore.a(timeouts.c.obj)
                0x080069fc                sys_check_timeouts
 .text.lwip_htons
                0x08006a4c        0x8 liblwipcore.a(def.c.obj)
                0x08006a4c                lwip_htons
 .text.lwip_htonl
                0x08006a54        0x4 liblwipcore.a(def.c.obj)
                0x08006a54                lwip_htonl
 .text.ip4_addr_isbroadcast_u32
                0x08006a58       0x38 liblwipcore.a(ip4_addr.c.obj)
                0x08006a58                ip4_addr_isbroadcast_u32
 .text.ip4addr_ntoa_r
                0x08006a90       0xc0 liblwipcore.a(ip4_addr.c.obj)
                0x08006a90                ip4addr_ntoa_r
 .text.ip4addr_ntoa
                0x08006b50        0xc liblwipcore.a(ip4_addr.c.obj)
                0x08006b50                ip4addr_ntoa
 .text.ip4_route
                0x08006b5c       0x70 liblwipcore.a(ip4.c.obj)
                0x08006b5c                ip4_route
 .text.ip4_input
                0x08006bcc      0x1f8 liblwipcore.a(ip4.c.obj)
                0x08006bcc                ip4_input
 .text.ip4_output_if_src
                0x08006dc4       0xf8 liblwipcore.a(ip4.c.obj)
                0x08006dc4                ip4_output_if_src
 .text.ip4_output_if
                0x08006ebc       0x24 liblwipcore.a(ip4.c.obj)
                0x08006ebc                ip4_output_if
 .text.ipfrag_free_pbuf_custom
                0x08006ee0       0x18 liblwipcore.a(ip4_frag.c.obj)
 .text.ip_reass_free_complete_datagram
                0x08006ef8       0x98 liblwipcore.a(ip4_frag.c.obj)
 .text.ip_reass_remove_oldest_datagram
                0x08006f90       0x88 liblwipcore.a(ip4_frag.c.obj)
 .text.ip_reass_tmr
                0x08007018       0x30 liblwipcore.a(ip4_frag.c.obj)
                0x08007018                ip_reass_tmr
 .text.ip4_reass
                0x08007048      0x3cc liblwipcore.a(ip4_frag.c.obj)
                0x08007048                ip4_reass
 .text.ip4_frag
                0x08007414      0x1b8 liblwipcore.a(ip4_frag.c.obj)
                0x08007414                ip4_frag
 .text.etharp_find_entry
                0x080075cc      0x124 liblwipcore.a(etharp.c.obj)
 .text.etharp_raw
                0x080076f0       0x88 liblwipcore.a(etharp.c.obj)
 .text.etharp_output_to_arp_index
                0x08007778       0xc8 liblwipcore.a(etharp.c.obj)
 .text.etharp_tmr
                0x08007840       0x94 liblwipcore.a(etharp.c.obj)
                0x08007840                etharp_tmr
 .text.etharp_input
                0x080078d4      0x13c liblwipcore.a(etharp.c.obj)
                0x080078d4                etharp_input
 .text.etharp_query
                0x08007a10      0x130 liblwipcore.a(etharp.c.obj)
                0x08007a10                etharp_query
 .text.etharp_output
                0x08007b40       0xfc liblwipcore.a(etharp.c.obj)
                0x08007b40                etharp_output
 .text.etharp_request
                0x08007c3c       0x2c liblwipcore.a(etharp.c.obj)
                0x08007c3c                etharp_request
 .text.udp_init
                0x08007c68       0x18 liblwipcore.a(udp.c.obj)
                0x08007c68                udp_init
 .text.udp_input
                0x08007c80      0x1c4 liblwipcore.a(udp.c.obj)
                0x08007c80                udp_input
 .text.udp_bind
                0x08007e44       0xdc liblwipcore.a(udp.c.obj)
                0x08007e44                udp_bind
 .text.udp_sendto_if_src
                0x08007f20       0xf4 liblwipcore.a(udp.c.obj)
                0x08007f20                udp_sendto_if_src
 .text.udp_sendto_if
                0x08008014       0x40 liblwipcore.a(udp.c.obj)
                0x08008014                udp_sendto_if
 .text.udp_sendto
                0x08008054       0x48 liblwipcore.a(udp.c.obj)
                0x08008054                udp_sendto
 .text.udp_connect
                0x0800809c       0x5c liblwipcore.a(udp.c.obj)
                0x0800809c                udp_connect
 .text.udp_recv
                0x080080f8        0x8 liblwipcore.a(udp.c.obj)
                0x080080f8                udp_recv
 .text.udp_remove
                0x08008100       0x34 liblwipcore.a(udp.c.obj)
                0x08008100                udp_remove
 .text.udp_new  0x08008134       0x1c liblwipcore.a(udp.c.obj)
                0x08008134                udp_new
 .text.udp_new_ip_type
                0x08008150       0x1c liblwipcore.a(udp.c.obj)
                0x08008150                udp_new_ip_type
 .text.udp_netif_ip_addr_changed
                0x0800816c       0x34 liblwipcore.a(udp.c.obj)
                0x0800816c                udp_netif_ip_addr_changed
 .text.ethernet_input
                0x080081a0       0xa4 liblwipcore.a(ethernet.c.obj)
                0x080081a0                ethernet_input
 .text.ethernet_output
                0x08008244       0x50 liblwipcore.a(ethernet.c.obj)
                0x08008244                ethernet_output
 .text.dhcp_create_msg
                0x08008294      0x108 liblwipcore.a(dhcp.c.obj)
 .text.dhcp_check
                0x0800839c       0x30 liblwipcore.a(dhcp.c.obj)
 .text.dhcp_bind
                0x080083cc      0x15c liblwipcore.a(dhcp.c.obj)
 .text.dhcp_inc_pcb_refcount
                0x08008528       0x58 liblwipcore.a(dhcp.c.obj)
 .text.dhcp_handle_ack.isra.0
                0x08008580       0x80 liblwipcore.a(dhcp.c.obj)
 .text.dhcp_reboot.isra.0
                0x08008600      0x18c liblwipcore.a(dhcp.c.obj)
 .text.dhcp_discover
                0x0800878c      0x13c liblwipcore.a(dhcp.c.obj)
 .text.dhcp_select.isra.0
                0x080088c8      0x1e8 liblwipcore.a(dhcp.c.obj)
 .text.dhcp_recv
                0x08008ab0      0x47c liblwipcore.a(dhcp.c.obj)
 .text.dhcp_network_changed
                0x08008f2c       0x28 liblwipcore.a(dhcp.c.obj)
                0x08008f2c                dhcp_network_changed
 .text.dhcp_arp_reply
                0x08008f54       0xf8 liblwipcore.a(dhcp.c.obj)
                0x08008f54                dhcp_arp_reply
 .text.dhcp_renew
                0x0800904c      0x13c liblwipcore.a(dhcp.c.obj)
                0x0800904c                dhcp_renew
 .text.dhcp_release_and_stop
                0x08009188      0x138 liblwipcore.a(dhcp.c.obj)
                0x08009188                dhcp_release_and_stop
 .text.dhcp_start
                0x080092c0       0xa0 liblwipcore.a(dhcp.c.obj)
                0x080092c0                dhcp_start
 .text.dhcp_coarse_tmr
                0x08009360      0x1b8 liblwipcore.a(dhcp.c.obj)
                0x08009360                dhcp_coarse_tmr
 .text.dhcp_fine_tmr
                0x08009518       0xa8 liblwipcore.a(dhcp.c.obj)
                0x08009518                dhcp_fine_tmr
 .text.dhcp_stop
                0x080095c0        0x4 liblwipcore.a(dhcp.c.obj)
                0x080095c0                dhcp_stop
 .text.dhcp_supplied_address
                0x080095c4       0x1c liblwipcore.a(dhcp.c.obj)
                0x080095c4                dhcp_supplied_address
 .text.sys_now  0x080095e0        0x4 liblwipcore.a(sys_arch.c.obj)
                0x080095e0                sys_now
 .text.lwip_standard_chksum
                0x080095e4       0x7c liblwipcore.a(inet_chksum.c.obj)
                0x080095e4                lwip_standard_chksum
 .text.inet_chksum_pseudo
                0x08009660       0x8c liblwipcore.a(inet_chksum.c.obj)
                0x08009660                inet_chksum_pseudo
 .text.ip_chksum_pseudo
                0x080096ec        0x4 liblwipcore.a(inet_chksum.c.obj)
                0x080096ec                ip_chksum_pseudo
 .text.inet_chksum
                0x080096f0        0xc liblwipcore.a(inet_chksum.c.obj)
                0x080096f0                inet_chksum
 .text.inet_chksum_pbuf
                0x080096fc       0x54 liblwipcore.a(inet_chksum.c.obj)
                0x080096fc                inet_chksum_pbuf
 .text.icmp_send_response
                0x08009750       0x84 liblwipcore.a(icmp.c.obj)
 .text.icmp_input
                0x080097d4      0x144 liblwipcore.a(icmp.c.obj)
                0x080097d4                icmp_input
 .text.icmp_dest_unreach
                0x08009918        0x8 liblwipcore.a(icmp.c.obj)
                0x08009918                icmp_dest_unreach
 .text.icmp_time_exceeded
                0x08009920        0x8 liblwipcore.a(icmp.c.obj)
                0x08009920                icmp_time_exceeded
 .text          0x08009928       0xa0 /usr/lib/gcc/arm-none-eabi/12.2.1/thumb/v7e-m+fp/hard/libgcc.a(_aeabi_ldivmod.o)
                0x08009928                __aeabi_ldivmod
 .text          0x080099c8       0x30 /usr/lib/gcc/arm-none-eabi/12.2.1/thumb/v7e-m+fp/hard/libgcc.a(_aeabi_uldivmod.o)
                0x080099c8                __aeabi_uldivmod
 .text          0x080099f8      0x2bc /usr/lib/gcc/arm-none-eabi/12.2.1/thumb/v7e-m+fp/hard/libgcc.a(_udivmoddi4.o)
                0x080099f8                __udivmoddi4
 .text          0x08009cb4        0x4 /usr/lib/gcc/arm-none-eabi/12.2.1/thumb/v7e-m+fp/hard/libgcc.a(_dvmd_tls.o)
                0x08009cb4                __aeabi_ldiv0
                0x08009cb4                __aeabi_idiv0
 .text          0x08009cb8        0xc /usr/lib/gcc/arm-none-eabi/12.2.1/../../../arm-none-eabi/lib/thumb/v7e-m+fp/hard/libg.a(lib_a-errno.o)
                0x08009cb8                __errno
 .text          0x08009cc4       0x60 /usr/lib/gcc/arm-none-eabi/12.2.1/../../../arm-none-eabi/lib/thumb/v7e-m+fp/hard/libg.a(lib_a-memcmp.o)
                0x08009cc4                memcmp
 .text          0x08009d24      0x134 /usr/lib/gcc/arm-none-eabi/12.2.1/../../../arm-none-eabi/lib/thumb/v7e-m+fp/hard/libg.a(lib_a-memcpy.o)
                0x08009d24                memcpy
 .text          0x08009e58      0x100 /usr/lib/gcc/arm-none-eabi/12.2.1/../../../arm-none-eabi/lib/thumb/v7e-m+fp/hard/libg.a(lib_a-memmove.o)
                0x08009e58                memmove
 .text          0x08009f58       0xa4 /usr/lib/gcc/arm-none-eabi/12.2.1/../../../arm-none-eabi/lib/thumb/v7e-m+fp/hard/libg.a(lib_a-memset.o)
                0x08009f58                memset
 .text          0x08009ffc       0x48 /usr/lib/gcc/arm-none-eabi/12.2.1/../../../arm-none-eabi/lib/thumb/v7e-m+fp/hard/libg.a(lib_a-printf.o)
                0x08009ffc                _printf_r
                0x0800a01c                printf
 .text          0x0800a044       0x78 /usr/lib/gcc/arm-none-eabi/12.2.1/../../../arm-none-eabi/lib/thumb/v7e-m+fp/hard/libg.a(lib_a-puts.o)
                0x0800a044                _puts_r
                0x0800a0ac                puts
 .text          0x0800a0bc       0x50 /usr/lib/gcc/arm-none-eabi/12.2.1/../../../arm-none-eabi/lib/thumb/v7e-m+fp/hard/libg.a(lib_a-rand.o)
                0x0800a0bc                srand
                0x0800a0cc                rand
 .text          0x0800a10c      0x108 /usr/lib/gcc/arm-none-eabi/12.2.1/../../../arm-none-eabi/lib/thumb/v7e-m+fp/hard/libg.a(lib_a-snprintf.o)
                0x0800a10c                _snprintf_r
                0x0800a18c                snprintf
 *fill*         0x0800a214        0xc 
 .text          0x0800a220      0x2dc /usr/lib/gcc/arm-none-eabi/12.2.1/../../../arm-none-eabi/lib/thumb/v7e-m+fp/hard/libg.a(lib_a-strcmp.o)
                0x0800a228                strcmp
 *fill*         0x0800a4fc        0x4 
 .text          0x0800a500       0xdc /usr/lib/gcc/arm-none-eabi/12.2.1/../../../arm-none-eabi/lib/thumb/v7e-m+fp/hard/libg.a(lib_a-strlen.o)
                0x0800a500                strlen
 *fill*         0x0800a5dc        0x4 
 .text          0x0800a5e0     0x13b4 /usr/lib/gcc/arm-none-eabi/12.2.1/../../../arm-none-eabi/lib/thumb/v7e-m+fp/hard/libg.a(lib_a-svfprintf.o)
                0x0800a5e0                _svfprintf_r
 *fill*         0x0800b994        0x4 
 .text          0x0800b998     0x1494 /usr/lib/gcc/arm-none-eabi/12.2.1/../../../arm-none-eabi/lib/thumb/v7e-m+fp/hard/libg.a(lib_a-vfprintf.o)
                0x0800b998                _vfprintf_r
                0x0800cda4                vfprintf
 .text          0x0800ce2c       0xc4 /usr/lib/gcc/arm-none-eabi/12.2.1/../../../arm-none-eabi/lib/thumb/v7e-m+fp/hard/libg.a(lib_a-wsetup.o)
                0x0800ce2c                __swsetup_r
 .text          0x0800cef0      0xff4 /usr/lib/gcc/arm-none-eabi/12.2.1/../../../arm-none-eabi/lib/thumb/v7e-m+fp/hard/libg.a(lib_a-dtoa.o)
                0x0800d01c                _dtoa_r
 .text          0x0800dee4      0x1b4 /usr/lib/gcc/arm-none-eabi/12.2.1/../../../arm-none-eabi/lib/thumb/v7e-m+fp/hard/libg.a(lib_a-fflush.o)
                0x0800dee4                __sflush_r
                0x0800e01c                _fflush_r
                0x0800e048                fflush
 .text          0x0800e098      0x210 /usr/lib/gcc/arm-none-eabi/12.2.1/../../../arm-none-eabi/lib/thumb/v7e-m+fp/hard/libg.a(lib_a-findfp.o)
                0x0800e09c                _cleanup_r
                0x0800e184                __sfmoreglue
                0x0800e1b4                __sfp
                0x0800e254                _cleanup
                0x0800e268                __sinit
                0x0800e270                __sfp_lock_acquire
                0x0800e274                __sfp_lock_release
                0x0800e278                __sinit_lock_acquire
                0x0800e27c                __sinit_lock_release
                0x0800e280                __fp_lock_all
                0x0800e294                __fp_unlock_all
 .text          0x0800e2a8      0x2a0 /usr/lib/gcc/arm-none-eabi/12.2.1/../../../arm-none-eabi/lib/thumb/v7e-m+fp/hard/libg.a(lib_a-freer.o)
                0x0800e2a8                _malloc_trim_r
                0x0800e344                _free_r
 .text          0x0800e548      0x2e4 /usr/lib/gcc/arm-none-eabi/12.2.1/../../../arm-none-eabi/lib/thumb/v7e-m+fp/hard/libg.a(lib_a-fvwrite.o)
                0x0800e548                __sfvwrite_r
 .text          0x0800e82c       0x88 /usr/lib/gcc/arm-none-eabi/12.2.1/../../../arm-none-eabi/lib/thumb/v7e-m+fp/hard/libg.a(lib_a-fwalk.o)
                0x0800e82c                _fwalk
                0x0800e86c                _fwalk_reent
 .text          0x0800e8b4       0x14 /usr/lib/gcc/arm-none-eabi/12.2.1/../../../arm-none-eabi/lib/thumb/v7e-m+fp/hard/libg.a(lib_a-localeconv.o)
                0x0800e8b4                __localeconv_l
                0x0800e8b8                _localeconv_r
                0x0800e8c0                localeconv
 .text          0x0800e8c8      0x144 /usr/lib/gcc/arm-none-eabi/12.2.1/../../../arm-none-eabi/lib/thumb/v7e-m+fp/hard/libg.a(lib_a-makebuf.o)
                0x0800e8c8                __smakebuf_r
                0x0800e9ac                __swhatbuf_r
 .text          0x0800ea0c      0x538 /usr/lib/gcc/arm-none-eabi/12.2.1/../../../arm-none-eabi/lib/thumb/v7e-m+fp/hard/libg.a(lib_a-mallocr.o)
                0x0800ea0c                _malloc_r
 *fill*         0x0800ef44        0xc 
 .text          0x0800ef50       0xa0 /usr/lib/gcc/arm-none-eabi/12.2.1/../../../arm-none-eabi/lib/thumb/v7e-m+fp/hard/libg.a(lib_a-memchr.o)
                0x0800ef50                memchr
 .text          0x0800eff0        0x8 /usr/lib/gcc/arm-none-eabi/12.2.1/../../../arm-none-eabi/lib/thumb/v7e-m+fp/hard/libg.a(lib_a-mlock.o)
                0x0800eff0                __malloc_lock
                0x0800eff4                __malloc_unlock
 .text          0x0800eff8      0xac0 /usr/lib/gcc/arm-none-eabi/12.2.1/../../../arm-none-eabi/lib/thumb/v7e-m+fp/hard/libg.a(lib_a-mprec.o)
                0x0800eff8                _Balloc
                0x0800f044                _Bfree
                0x0800f058                __multadd
                0x0800f0f8                __s2b
                0x0800f1a8                __hi0bits
                0x0800f1ec                __lo0bits
                0x0800f24c                __i2b
                0x0800f2a8                __multiply
                0x0800f414                __pow5mult
                0x0800f4c8                __lshift
                0x0800f5b8                __mcmp
                0x0800f5fc                __mdiff
                0x0800f760                __ulp
                0x0800f7c4                __b2d
                0x0800f888                __d2b
                0x0800f95c                __ratio
                0x0800f9b8                _mprec_log10
                0x0800f9f8                __copybits
                0x0800fa54                __any_on
 .text          0x0800fab8      0x34c /usr/lib/gcc/arm-none-eabi/12.2.1/../../../arm-none-eabi/lib/thumb/v7e-m+fp/hard/libg.a(lib_a-reallocr.o)
                0x0800fab8                _realloc_r
 .text          0x0800fe04       0x24 /usr/lib/gcc/arm-none-eabi/12.2.1/../../../arm-none-eabi/lib/thumb/v7e-m+fp/hard/libg.a(lib_a-sbrkr.o)
                0x0800fe04                _sbrk_r
 .text          0x0800fe28       0x94 /usr/lib/gcc/arm-none-eabi/12.2.1/../../../arm-none-eabi/lib/thumb/v7e-m+fp/hard/libg.a(lib_a-stdio.o)
                0x0800fe28                __sread
                0x0800fe4c                __seofread
                0x0800fe50                __swrite
                0x0800fe90                __sseek
                0x0800feb4                __sclose
 .text          0x0800febc      0xc10 /usr/lib/gcc/arm-none-eabi/12.2.1/../../../arm-none-eabi/lib/thumb/v7e-m+fp/hard/libg.a(lib_a-svfiprintf.o)
                0x0800febc                __ssprint_r
                0x0800ffb8                _svfiprintf_r
 .text          0x08010acc      0xd64 /usr/lib/gcc/arm-none-eabi/12.2.1/../../../arm-none-eabi/lib/thumb/v7e-m+fp/hard/libg.a(lib_a-vfiprintf.o)
                0x08010b44                __sprint_r
                0x08010b5c                _vfiprintf_r
                0x080117a8                vfiprintf
 .text          0x08011830       0x2c /usr/lib/gcc/arm-none-eabi/12.2.1/../../../arm-none-eabi/lib/thumb/v7e-m+fp/hard/libg.a(lib_a-writer.o)
                0x08011830                _write_r
 .text          0x0801185c       0x4c /usr/lib/gcc/arm-none-eabi/12.2.1/../../../arm-none-eabi/lib/thumb/v7e-m+fp/hard/libg.a(lib_a-assert.o)
                0x0801185c                __assert_func
                0x0801189c                __assert
 .text          0x080118a8       0x60 /usr/lib/gcc/arm-none-eabi/12.2.1/../../../arm-none-eabi/lib/thumb/v7e-m+fp/hard/libg.a(lib_a-callocr.o)
                0x080118a8                _calloc_r
 .text          0x08011908       0x24 /usr/lib/gcc/arm-none-eabi/12.2.1/../../../arm-none-eabi/lib/thumb/v7e-m+fp/hard/libg.a(lib_a-closer.o)
                0x08011908                _close_r
 .text          0x0801192c       0x98 /usr/lib/gcc/arm-none-eabi/12.2.1/../../../arm-none-eabi/lib/thumb/v7e-m+fp/hard/libg.a(lib_a-fclose.o)
                0x0801192c                _fclose_r
                0x080119b4                fclose
 .text          0x080119c4       0x44 /usr/lib/gcc/arm-none-eabi/12.2.1/../../../arm-none-eabi/lib/thumb/v7e-m+fp/hard/libg.a(lib_a-fiprintf.o)
                0x080119c4                _fiprintf_r
                0x080119e0                fiprintf
 .text          0x08011a08       0xe4 /usr/lib/gcc/arm-none-eabi/12.2.1/../../../arm-none-eabi/lib/thumb/v7e-m+fp/hard/libg.a(lib_a-fputwc.o)
                0x08011a08                __fputwc
                0x08011a84                _fputwc_r
                0x08011aac                fputwc
 .text          0x08011aec       0x2c /usr/lib/gcc/arm-none-eabi/12.2.1/../../../arm-none-eabi/lib/thumb/v7e-m+fp/hard/libg.a(lib_a-fstatr.o)
                0x08011aec                _fstat_r
 .text          0x08011b18       0x24 /usr/lib/gcc/arm-none-eabi/12.2.1/../../../arm-none-eabi/lib/thumb/v7e-m+fp/hard/libg.a(lib_a-isattyr.o)
                0x08011b18                _isatty_r
 .text          0x08011b3c       0x8c /usr/lib/gcc/arm-none-eabi/12.2.1/../../../arm-none-eabi/lib/thumb/v7e-m+fp/hard/libg.a(lib_a-locale.o)
                0x08011b3c                _setlocale_r
                0x08011b7c                __locale_mb_cur_max
                0x08011b88                setlocale
 .text          0x08011bc8       0x2c /usr/lib/gcc/arm-none-eabi/12.2.1/../../../arm-none-eabi/lib/thumb/v7e-m+fp/hard/libg.a(lib_a-lseekr.o)
                0x08011bc8                _lseek_r
 .text          0x08011bf4       0x40 /usr/lib/gcc/arm-none-eabi/12.2.1/../../../arm-none-eabi/lib/thumb/v7e-m+fp/hard/libg.a(lib_a-mbtowc_r.o)
                0x08011bf4                _mbtowc_r
                0x08011c08                __ascii_mbtowc
 .text          0x08011c34       0x2c /usr/lib/gcc/arm-none-eabi/12.2.1/../../../arm-none-eabi/lib/thumb/v7e-m+fp/hard/libg.a(lib_a-readr.o)
                0x08011c34                _read_r
 .text          0x08011c60       0xc4 /usr/lib/gcc/arm-none-eabi/12.2.1/../../../arm-none-eabi/lib/thumb/v7e-m+fp/hard/libg.a(lib_a-wbuf.o)
                0x08011c60                __swbuf_r
                0x08011d0c                __swbuf
 .text          0x08011d24       0x8c /usr/lib/gcc/arm-none-eabi/12.2.1/../../../arm-none-eabi/lib/thumb/v7e-m+fp/hard/libg.a(lib_a-wcrtomb.o)
                0x08011d24                _wcrtomb_r
                0x08011d60                wcrtomb
 .text          0x08011db0       0x30 /usr/lib/gcc/arm-none-eabi/12.2.1/../../../arm-none-eabi/lib/thumb/v7e-m+fp/hard/libg.a(lib_a-wctomb_r.o)
                0x08011db0                _wctomb_r
                0x08011dc4                __ascii_wctomb
 .text          0x08011de0       0x10 /usr/lib/gcc/arm-none-eabi/12.2.1/../../../arm-none-eabi/lib/thumb/v7e-m+fp/hard/libg.a(lib_a-abort.o)
                0x08011de0                abort
 .text          0x08011df0      0x280 /usr/lib/gcc/arm-none-eabi/12.2.1/../../../arm-none-eabi/lib/thumb/v7e-m+fp/hard/libg.a(lib_a-signal.o)
                0x08011df0                _init_signal_r
                0x08011e20                _signal_r
                0x08011e70                _raise_r
                0x08011ec4                __sigtramp_r
                0x08011f28                raise
                0x08011f80                signal
                0x08011fd0                _init_signal
                0x08012008                __sigtramp
 .text          0x08012070       0x30 /usr/lib/gcc/arm-none-eabi/12.2.1/../../../arm-none-eabi/lib/thumb/v7e-m+fp/hard/libg.a(lib_a-signalr.o)
                0x08012070                _kill_r
                0x0801209c                _getpid_r
 .text          0x080120a0      0x378 /usr/lib/gcc/arm-none-eabi/12.2.1/thumb/v7e-m+fp/hard/libgcc.a(_arm_addsubdf3.o)
                0x080120a0                __aeabi_drsub
                0x080120a8                __aeabi_dsub
                0x080120a8                __subdf3
                0x080120ac                __adddf3
                0x080120ac                __aeabi_dadd
                0x08012324                __aeabi_ui2d
                0x08012324                __floatunsidf
                0x08012344                __floatsidf
                0x08012344                __aeabi_i2d
                0x08012368                __extendsfdf2
                0x08012368                __aeabi_f2d
                0x080123ac                __aeabi_ul2d
                0x080123ac                __floatundidf
                0x080123bc                __floatdidf
                0x080123bc                __aeabi_l2d
 .text          0x08012418      0x424 /usr/lib/gcc/arm-none-eabi/12.2.1/thumb/v7e-m+fp/hard/libgcc.a(_arm_muldivdf3.o)
                0x08012418                __aeabi_dmul
                0x08012418                __muldf3
                0x0801266c                __aeabi_ddiv
                0x0801266c                __divdf3
 .text          0x0801283c      0x110 /usr/lib/gcc/arm-none-eabi/12.2.1/thumb/v7e-m+fp/hard/libgcc.a(_arm_cmpdf2.o)
                0x0801283c                __gtdf2
                0x0801283c                __gedf2
                0x08012844                __ltdf2
                0x08012844                __ledf2
                0x0801284c                __cmpdf2
                0x0801284c                __eqdf2
                0x0801284c                __nedf2
                0x080128c8                __aeabi_cdrcmple
                0x080128d8                __aeabi_cdcmple
                0x080128d8                __aeabi_cdcmpeq
                0x080128e8                __aeabi_dcmpeq
                0x080128fc                __aeabi_dcmplt
                0x08012910                __aeabi_dcmple
                0x08012924                __aeabi_dcmpge
                0x08012938                __aeabi_dcmpgt
 .text          0x0801294c       0x2c /usr/lib/gcc/arm-none-eabi/12.2.1/thumb/v7e-m+fp/hard/libgcc.a(_arm_unorddf2.o)
                0x0801294c                __aeabi_dcmpun
                0x0801294c                __unorddf2
 .text          0x08012978       0x50 /usr/lib/gcc/arm-none-eabi/12.2.1/thumb/v7e-m+fp/hard/libgcc.a(_arm_fixdfsi.o)
                0x08012978                __fixdfsi
                0x08012978                __aeabi_d2iz
 *(.rodata*)
 .rodata.main.str1.4
                0x080129c8      0x22e CMakeFiles/XCORE407I_FIRMWARE.dir/home/marios/XCore407I-Firmware/Remora-OS6/Firmware/FirmwareSource/Remora-OS6/TARGET_XCORE407I/main_xcore407i.cpp.obj
 *fill*         0x08012bf6        0x2 
 .rodata.ETH_RunInternalLoopbackTest.str1.4
                0x08012bf8        0x9 CMakeFiles/XCORE407I_FIRMWARE.dir/home/marios/XCore407I-Firmware/Remora-OS6/Firmware/FirmwareSource/Remora-OS6/TARGET_XCORE407I/ethernet_init.c.obj
 *fill*         0x08012c01        0x3 
 .rodata.MX_ETH_Init.str1.4
                0x08012c04       0xe0 CMakeFiles/XCORE407I_FIRMWARE.dir/home/marios/XCore407I-Firmware/Remora-OS6/Firmware/FirmwareSource/Remora-OS6/TARGET_XCORE407I/ethernet_init.c.obj
 .rodata.Board_Ethernet_Init.str1.4
                0x08012ce4       0x5a CMakeFiles/XCORE407I_FIRMWARE.dir/home/marios/XCore407I-Firmware/Remora-OS6/Firmware/FirmwareSource/Remora-OS6/TARGET_XCORE407I/ethernet_init.c.obj
                                 0x66 (size before relaxing)
 *fill*         0x08012d3e        0x2 
 .rodata.ETH_DebugDumpOnce.str1.4
                0x08012d40       0x63 CMakeFiles/XCORE407I_FIRMWARE.dir/home/marios/XCore407I-Firmware/Remora-OS6/Firmware/FirmwareSource/Remora-OS6/TARGET_XCORE407I/ethernet_init.c.obj
 *fill*         0x08012da3        0x1 
 .rodata.ETH_PeriodicPHYLog.str1.4
                0x08012da4       0x21 CMakeFiles/XCORE407I_FIRMWARE.dir/home/marios/XCore407I-Firmware/Remora-OS6/Firmware/FirmwareSource/Remora-OS6/TARGET_XCORE407I/ethernet_init.c.obj
 *fill*         0x08012dc5        0x3 
 .rodata.DebugUART_PollCommands.str1.4
                0x08012dc8      0x733 CMakeFiles/XCORE407I_FIRMWARE.dir/home/marios/XCore407I-Firmware/Remora-OS6/Firmware/FirmwareSource/Remora-OS6/TARGET_XCORE407I/debug_uart.c.obj
                                0x783 (size before relaxing)
 *fill*         0x080134fb        0x1 
 .rodata.version_init.str1.4
                0x080134fc       0x39 CMakeFiles/XCORE407I_FIRMWARE.dir/home/marios/XCore407I-Firmware/Remora-OS6/Firmware/FirmwareSource/Remora-OS6/TARGET_XCORE407I/version.c.obj
 *fill*         0x08013535        0x3 
 .rodata.remora_get_build_id.str1.4
                0x08013538       0x24 CMakeFiles/XCORE407I_FIRMWARE.dir/home/marios/XCore407I-Firmware/Remora-OS6/Firmware/FirmwareSource/Remora-OS6/TARGET_XCORE407I/build_id.c.obj
 .rodata.build_id_string
                0x0801355c        0x4 CMakeFiles/XCORE407I_FIRMWARE.dir/home/marios/XCore407I-Firmware/Remora-OS6/Firmware/FirmwareSource/Remora-OS6/TARGET_XCORE407I/build_id.c.obj
                0x0801355c                build_id_string
 .rodata.ethernetif_poll.str1.4
                0x08013560       0x20 CMakeFiles/XCORE407I_FIRMWARE.dir/home/marios/XCore407I-Firmware/Remora-OS6/Firmware/FirmwareSource/Remora-OS6/TARGET_XCORE407I/lwip/ethernetif.c.obj
 .rodata.dhcp_check_timeout.str1.4
                0x08013580       0x3d CMakeFiles/XCORE407I_FIRMWARE.dir/home/marios/XCore407I-Firmware/Remora-OS6/Firmware/FirmwareSource/Remora-OS6/TARGET_XCORE407I/lwip/lwip_port.c.obj
 *fill*         0x080135bd        0x3 
 .rodata.lwip_port_init.str1.4
                0x080135c0       0x24 CMakeFiles/XCORE407I_FIRMWARE.dir/home/marios/XCore407I-Firmware/Remora-OS6/Firmware/FirmwareSource/Remora-OS6/TARGET_XCORE407I/lwip/lwip_port.c.obj
 .rodata.lwip_port_debug_broadcast.str1.4
                0x080135e4        0x7 CMakeFiles/XCORE407I_FIRMWARE.dir/home/marios/XCore407I-Firmware/Remora-OS6/Firmware/FirmwareSource/Remora-OS6/TARGET_XCORE407I/lwip/lwip_port.c.obj
 *fill*         0x080135eb        0x1 
 .rodata.remora_udp_send_feedback_unicast.str1.4
                0x080135ec       0x14 CMakeFiles/XCORE407I_FIRMWARE.dir/home/marios/XCore407I-Firmware/Remora-OS6/Firmware/FirmwareSource/Remora-OS6/TARGET_XCORE407I/lwip/remora_udp.c.obj
 .rodata.soft_limit_max
                0x08013600       0x10 CMakeFiles/XCORE407I_FIRMWARE.dir/home/marios/XCore407I-Firmware/Remora-OS6/Firmware/FirmwareSource/Remora-OS6/TARGET_XCORE407I/motion_io.c.obj
 .rodata.soft_limit_min
                0x08013610       0x10 CMakeFiles/XCORE407I_FIRMWARE.dir/home/marios/XCore407I-Firmware/Remora-OS6/Firmware/FirmwareSource/Remora-OS6/TARGET_XCORE407I/motion_io.c.obj
 .rodata.homing_backoff_steps
                0x08013620       0x10 CMakeFiles/XCORE407I_FIRMWARE.dir/home/marios/XCore407I-Firmware/Remora-OS6/Firmware/FirmwareSource/Remora-OS6/TARGET_XCORE407I/homing.c.obj
 .rodata.homing_seek_speed
                0x08013630       0x10 CMakeFiles/XCORE407I_FIRMWARE.dir/home/marios/XCore407I-Firmware/Remora-OS6/Firmware/FirmwareSource/Remora-OS6/TARGET_XCORE407I/homing.c.obj
 .rodata.homing_dir
                0x08013640        0x4 CMakeFiles/XCORE407I_FIRMWARE.dir/home/marios/XCore407I-Firmware/Remora-OS6/Firmware/FirmwareSource/Remora-OS6/TARGET_XCORE407I/homing.c.obj
 .rodata.CSWTCH.10
                0x08013644        0xc CMakeFiles/XCORE407I_FIRMWARE.dir/home/marios/XCore407I-Firmware/Remora-OS6/Firmware/FirmwareSource/Remora-OS6/TARGET_XCORE407I/encoder.c.obj
 .rodata.K.0    0x08013650      0x100 CMakeFiles/XCORE407I_FIRMWARE.dir/home/marios/XCore407I-Firmware/Remora-OS6/Firmware/FirmwareSource/Remora-OS6/TARGET_XCORE407I/auth.c.obj
 .rodata.APBPrescTable
                0x08013750        0x8 CMakeFiles/XCORE407I_FIRMWARE.dir/home/marios/XCore407I-Firmware/st/STM32CubeF4/Drivers/CMSIS/Device/ST/STM32F4xx/Source/Templates/system_stm32f4xx.c.obj
                0x08013750                APBPrescTable
 .rodata.AHBPrescTable
                0x08013758       0x10 CMakeFiles/XCORE407I_FIRMWARE.dir/home/marios/XCore407I-Firmware/st/STM32CubeF4/Drivers/CMSIS/Device/ST/STM32F4xx/Source/Templates/system_stm32f4xx.c.obj
                0x08013758                AHBPrescTable
 .rodata.qei_diag_poll.str1.4
                0x08013768       0x39 CMakeFiles/XCORE407I_FIRMWARE.dir/home/marios/XCore407I-Firmware/Remora-OS6/Firmware/FirmwareSource/Remora-OS6/TARGET_XCORE407I/qei_diag.c.obj
 *fill*         0x080137a1        0x3 
 .rodata.memp_pools
                0x080137a4       0x18 liblwipcore.a(memp.c.obj)
                0x080137a4                memp_pools
 .rodata.memp_PBUF_POOL
                0x080137bc        0xc liblwipcore.a(memp.c.obj)
                0x080137bc                memp_PBUF_POOL
 .rodata.memp_PBUF
                0x080137c8        0xc liblwipcore.a(memp.c.obj)
                0x080137c8                memp_PBUF
 .rodata.memp_SYS_TIMEOUT
                0x080137d4        0xc liblwipcore.a(memp.c.obj)
                0x080137d4                memp_SYS_TIMEOUT
 .rodata.memp_FRAG_PBUF
                0x080137e0        0xc liblwipcore.a(memp.c.obj)
                0x080137e0                memp_FRAG_PBUF
 .rodata.memp_REASSDATA
                0x080137ec        0xc liblwipcore.a(memp.c.obj)
                0x080137ec                memp_REASSDATA
 .rodata.memp_UDP_PCB
                0x080137f8        0xc liblwipcore.a(memp.c.obj)
                0x080137f8                memp_UDP_PCB
 .rodata.lwip_cyclic_timers
                0x08013804       0x20 liblwipcore.a(timeouts.c.obj)
                0x08013804                lwip_cyclic_timers
 .rodata.ip_addr_broadcast
                0x08013824        0x4 liblwipcore.a(ip4_addr.c.obj)
                0x08013824                ip_addr_broadcast
 .rodata.ip_addr_any
                0x08013828        0x4 liblwipcore.a(ip4_addr.c.obj)
                0x08013828                ip_addr_any
 .rodata.ethzero
                0x0801382c        0x6 liblwipcore.a(ethernet.c.obj)
                0x0801382c                ethzero
 *fill*         0x08013832        0x2 
 .rodata.ethbroadcast
                0x08013834        0x6 liblwipcore.a(ethernet.c.obj)
                0x08013834                ethbroadcast
 *fill*         0x0801383a        0x2 
 .rodata        0x0801383c      0x101 /usr/lib/gcc/arm-none-eabi/12.2.1/../../../arm-none-eabi/lib/thumb/v7e-m+fp/hard/libg.a(lib_a-ctype_.o)
                0x0801383c                _ctype_
 *fill*         0x0801393d        0x3 
 .rodata        0x08013940        0x4 /usr/lib/gcc/arm-none-eabi/12.2.1/../../../arm-none-eabi/lib/thumb/v7e-m+fp/hard/libg.a(lib_a-impure.o)
                0x08013940                _global_impure_ptr
 .rodata.str1.4
                0x08013944       0x39 /usr/lib/gcc/arm-none-eabi/12.2.1/../../../arm-none-eabi/lib/thumb/v7e-m+fp/hard/libg.a(lib_a-puts.o)
                                  0x2 (size before relaxing)
 .rodata.str1.4
                0x08013944       0x42 /usr/lib/gcc/arm-none-eabi/12.2.1/../../../arm-none-eabi/lib/thumb/v7e-m+fp/hard/libg.a(lib_a-svfprintf.o)
 *fill*         0x08013986        0x2 
 .rodata        0x08013988       0x20 /usr/lib/gcc/arm-none-eabi/12.2.1/../../../arm-none-eabi/lib/thumb/v7e-m+fp/hard/libg.a(lib_a-svfprintf.o)
 .rodata.str1.4
                0x080139a8       0x42 /usr/lib/gcc/arm-none-eabi/12.2.1/../../../arm-none-eabi/lib/thumb/v7e-m+fp/hard/libg.a(lib_a-vfprintf.o)
 .rodata        0x080139a8       0x20 /usr/lib/gcc/arm-none-eabi/12.2.1/../../../arm-none-eabi/lib/thumb/v7e-m+fp/hard/libg.a(lib_a-vfprintf.o)
 .rodata.str1.4
                0x080139c8       0x56 /usr/lib/gcc/arm-none-eabi/12.2.1/../../../arm-none-eabi/lib/thumb/v7e-m+fp/hard/libg.a(lib_a-dtoa.o)
                                 0x5a (size before relaxing)
 *fill*         0x08013a1e        0x2 
 .rodata.str1.4
                0x08013a20       0x33 /usr/lib/gcc/arm-none-eabi/12.2.1/../../../arm-none-eabi/lib/thumb/v7e-m+fp/hard/libg.a(lib_a-mprec.o)
                                 0x47 (size before relaxing)