Archive member included to satisfy reference by file (symbol)

liblwipcore.a(init.c.obj)     CMakeFiles/XCORE407I_FIRMWARE.dir/home/marios/XCore407I-Firmware/Remora-OS6/Firmware/FirmwareSource/Remora-OS6/TARGET_XCORE407I/lwip/lwip_port.c.obj (lwip_init)
liblwipcore.a(mem.c.obj)      liblwipcore.a(init.c.obj) (mem_init)
liblwipcore.a(memp.c.obj)     liblwipcore.a(init.c.obj) (memp_init)
liblwipcore.a(netif.c.obj)    liblwipcore.a(init.c.obj) (netif_init)
liblwipcore.a(pbuf.c.obj)     CMakeFiles/XCORE407I_FIRMWARE.dir/home/marios/XCore407I-Firmware/Remora-OS6/Firmware/FirmwareSource/Remora-OS6/TARGET_XCORE407I/lwip/ethernetif.c.obj (pbuf_alloc)
liblwipcore.a(timeouts.c.obj)
                              liblwipcore.a(init.c.obj) (sys_timeouts_init)
liblwipcore.a(def.c.obj)      CMakeFiles/XCORE407I_FIRMWARE.dir/home/marios/XCore407I-Firmware/Remora-OS6/Firmware/FirmwareSource/Remora-OS6/TARGET_XCORE407I/lwip/lwip_port.c.obj (lwip_htonl)
liblwipcore.a(ip4_addr.c.obj)
                              CMakeFiles/XCORE407I_FIRMWARE.dir/home/marios/XCore407I-Firmware/Remora-OS6/Firmware/FirmwareSource/Remora-OS6/TARGET_XCORE407I/main_xcore407i.cpp.obj (ip4addr_ntoa)
liblwipcore.a(ip4.c.obj)      liblwipcore.a(netif.c.obj) (ip4_input)
liblwipcore.a(ip4_frag.c.obj)
                              liblwipcore.a(timeouts.c.obj) (ip_reass_tmr)
liblwipcore.a(etharp.c.obj)   liblwipcore.a(timeouts.c.obj) (etharp_tmr)
liblwipcore.a(udp.c.obj)      liblwipcore.a(init.c.obj) (udp_init)
liblwipcore.a(ethernet.c.obj)
                              CMakeFiles/XCORE407I_FIRMWARE.dir/home/marios/XCore407I-Firmware/Remora-OS6/Firmware/FirmwareSource/Remora-OS6/TARGET_XCORE407I/lwip/lwip_port.c.obj (ethernet_input)
liblwipcore.a(dhcp.c.obj)     liblwipcore.a(netif.c.obj) (dhcp_network_changed)
liblwipcore.a(sys_arch.c.obj)
                              CMakeFiles/XCORE407I_FIRMWARE.dir/home/marios/XCore407I-Firmware/Remora-OS6/Firmware/FirmwareSource/Remora-OS6/TARGET_XCORE407I/lwip/ethernetif.c.obj (sys_now)
liblwipcore.a(ip.c.obj)       liblwipcore.a(ip4.c.obj) (ip_data)
liblwipcore.a(inet_chksum.c.obj)
                              liblwipcore.a(udp.c.obj) (ip_chksum_pseudo)
liblwipcore.a(icmp.c.obj)     liblwipcore.a(ip4.c.obj) (icmp_input)
/usr/lib/gcc/arm-none-eabi/12.2.1/thumb/v7e-m+fp/hard/libgcc.a(_aeabi_ldivmod.o)
                              CMakeFiles/XCORE407I_FIRMWARE.dir/home/marios/XCore407I-Firmware/st/STM32CubeF4/Drivers/STM32F4xx_HAL_Driver/Src/stm32f4xx_hal_rcc.c.obj (__aeabi_ldivmod)
/usr/lib/gcc/arm-none-eabi/12.2.1/thumb/v7e-m+fp/hard/libgcc.a(_aeabi_uldivmod.o)
                              CMakeFiles/XCORE407I_FIRMWARE.dir/home/marios/XCore407I-Firmware/Remora-OS6/Firmware/FirmwareSource/Remora-OS6/TARGET_XCORE407I/jog.c.obj (__aeabi_uldivmod)
/usr/lib/gcc/arm-none-eabi/12.2.1/thumb/v7e-m+fp/hard/libgcc.a(_udivmoddi4.o)
                              /usr/lib/gcc/arm-none-eabi/12.2.1/thumb/v7e-m+fp/hard/libgcc.a(_aeabi_ldivmod.o) (__udivmoddi4)
/usr/lib/gcc/arm-none-eabi/12.2.1/thumb/v7e-m+fp/hard/libgcc.a(_dvmd_tls.o)
                              /usr/lib/gcc/arm-none-eabi/12.2.1/thumb/v7e-m+fp/hard/libgcc.a(_aeabi_ldivmod.o) (__aeabi_ldiv0)
/usr/lib/gcc/arm-none-eabi/12.2.1/../../../arm-none-eabi/lib/thumb/v7e-m+fp/hard/libc.a(lib_a-atoi.o)
                              liblwipcore.a(netif.c.obj) (atoi)
/usr/lib/gcc/arm-none-eabi/12.2.1/../../../arm-none-eabi/lib/thumb/v7e-m+fp/hard/libc.a(lib_a-ctype_.o)
                              liblwipcore.a(ip4_addr.c.obj) (_ctype_)
/usr/lib/gcc/arm-none-eabi/12.2.1/../../../arm-none-eabi/lib/thumb/v7e-m+fp/hard/libc.a(lib_a-errno.o)
                              CMakeFiles/XCORE407I_FIRMWARE.dir/syscalls.c.obj (__errno)
/usr/lib/gcc/arm-none-eabi/12.2.1/../../../arm-none-eabi/lib/thumb/v7e-m+fp/hard/libc.a(lib_a-impure.o)
                              /usr/lib/gcc/arm-none-eabi/12.2.1/../../../arm-none-eabi/lib/thumb/v7e-m+fp/hard/libc.a(lib_a-errno.o) (_impure_ptr)
/usr/lib/gcc/arm-none-eabi/12.2.1/../../../arm-none-eabi/lib/thumb/v7e-m+fp/hard/libc.a(lib_a-memcmp.o)
                              CMakeFiles/XCORE407I_FIRMWARE.dir/home/marios/XCore407I-Firmware/Remora-OS6/Firmware/FirmwareSource/Remora-OS6/TARGET_XCORE407I/ethernet_init.c.obj (memcmp)
/usr/lib/gcc/arm-none-eabi/12.2.1/../../../arm-none-eabi/lib/thumb/v7e-m+fp/hard/libc.a(lib_a-memcpy.o)
                              CMakeFiles/XCORE407I_FIRMWARE.dir/home/marios/XCore407I-Firmware/Remora-OS6/Firmware/FirmwareSource/Remora-OS6/TARGET_XCORE407I/ethernet_init.c.obj (memcpy)
/usr/lib/gcc/arm-none-eabi/12.2.1/../../../arm-none-eabi/lib/thumb/v7e-m+fp/hard/libc.a(lib_a-memmove.o)
                              liblwipcore.a(def.c.obj) (memmove)
/usr/lib/gcc/arm-none-eabi/12.2.1/../../../arm-none-eabi/lib/thumb/v7e-m+fp/hard/libc.a(lib_a-memset.o)
[...]
Memory Configuration

Name             Origin             Length             Attributes
FLASH            0x08000000         0x00100000         xr
CCMRAM           0x10000000         0x00010000         xrw
RAM              0x20000000         0x00020000         xrw
*default*        0x00000000         0xffffffff

Linker script and memory map

LOAD CMakeFiles/XCORE407I_FIRMWARE.dir/startup_stm32f407xx.s.obj
LOAD CMakeFiles/XCORE407I_FIRMWARE.dir/home/marios/XCore407I-Firmware/Remora-OS6/Firmware/FirmwareSource/Remora-OS6/TARGET_XCORE407I/main_xcore407i.cpp.obj
LOAD CMakeFiles/XCORE407I_FIRMWARE.dir/home/marios/XCore407I-Firmware/Remora-OS6/Firmware/FirmwareSource/Remora-OS6/TARGET_XCORE407I/system_clock.c.obj
LOAD CMakeFiles/XCORE407I_FIRMWARE.dir/home/marios/XCore407I-Firmware/Remora-OS6/Firmware/FirmwareSource/Remora-OS6/TARGET_XCORE407I/ethernet_init.c.obj
LOAD CMakeFiles/XCORE407I_FIRMWARE.dir/home/marios/XCore407I-Firmware/Remora-OS6/Firmware/FirmwareSource/Remora-OS6/TARGET_XCORE407I/debug_uart.c.obj
LOAD CMakeFiles/XCORE407I_FIRMWARE.dir/home/marios/XCore407I-Firmware/Remora-OS6/Firmware/FirmwareSource/Remora-OS6/TARGET_XCORE407I/version.c.obj
LOAD CMakeFiles/XCORE407I_FIRMWARE.dir/home/marios/XCore407I-Firmware/Remora-OS6/Firmware/FirmwareSource/Remora-OS6/TARGET_XCORE407I/ulpi_init.c.obj
LOAD CMakeFiles/XCORE407I_FIRMWARE.dir/home/marios/XCore407I-Firmware/Remora-OS6/Firmware/FirmwareSource/Remora-OS6/TARGET_XCORE407I/build_id.c.obj
LOAD CMakeFiles/XCORE407I_FIRMWARE.dir/home/marios/XCore407I-Firmware/Remora-OS6/Firmware/FirmwareSource/Remora-OS6/TARGET_XCORE407I/remora_data.c.obj
LOAD CMakeFiles/XCORE407I_FIRMWARE.dir/home/marios/XCore407I-Firmware/Remora-OS6/Firmware/FirmwareSource/Remora-OS6/TARGET_XCORE407I/lwip/ethernetif.c.obj
LOAD CMakeFiles/XCORE407I_FIRMWARE.dir/home/marios/XCore407I-Firmware/Remora-OS6/Firmware/FirmwareSource/Remora-OS6/TARGET_XCORE407I/lwip/lwip_port.c.obj
LOAD CMakeFiles/XCORE407I_FIRMWARE.dir/home/marios/XCore407I-Firmware/Remora-OS6/Firmware/FirmwareSource/Remora-OS6/TARGET_XCORE407I/lwip/remora_udp.c.obj
LOAD CMakeFiles/XCORE407I_FIRMWARE.dir/home/marios/XCore407I-Firmware/Remora-OS6/Firmware/FirmwareSource/Remora-OS6/TARGET_XCORE407I/stepgen.c.obj
LOAD CMakeFiles/XCORE407I_FIRMWARE.dir/home/marios/XCore407I-Firmware/Remora-OS6/Firmware/FirmwareSource/Remora-OS6/TARGET_XCORE407I/motion_io.c.obj
LOAD CMakeFiles/XCORE407I_FIRMWARE.dir/home/marios/XCore407I-Firmware/Remora-OS6/Firmware/FirmwareSource/Remora-OS6/TARGET_XCORE407I/jog.c.obj
LOAD CMakeFiles/XCORE407I_FIRMWARE.dir/home/marios/XCore407I-Firmware/Remora-OS6/Firmware/FirmwareSource/Remora-OS6/TARGET_XCORE407I/homing.c.obj
LOAD CMakeFiles/XCORE407I_FIRMWARE.dir/home/marios/XCore407I-Firmware/Remora-OS6/Firmware/FirmwareSource/Remora-OS6/TARGET_XCORE407I/config_store.c.obj
LOAD CMakeFiles/XCORE407I_FIRMWARE.dir/home/marios/XCore407I-Firmware/Remora-OS6/Firmware/FirmwareSource/Remora-OS6/TARGET_XCORE407I/encoder.c.obj
LOAD CMakeFiles/XCORE407I_FIRMWARE.dir/home/marios/XCore407I-Firmware/Remora-OS6/Firmware/FirmwareSource/Remora-OS6/TARGET_XCORE407I/auth.c.obj
LOAD CMakeFiles/XCORE407I_FIRMWARE.dir/home/marios/XCore407I-Firmware/src/net/udp_echo.c.obj
LOAD CMakeFiles/XCORE407I_FIRMWARE.dir/home/marios/XCore407I-Firmware/st/STM32CubeF4/Drivers/CMSIS/Device/ST/STM32F4xx/Source/Templates/system_stm32f4xx.c.obj
LOAD CMakeFiles/XCORE407I_FIRMWARE.dir/syscalls.c.obj
LOAD CMakeFiles/XCORE407I_FIRMWARE.dir/home/marios/XCore407I-Firmware/st/STM32CubeF4/Drivers/STM32F4xx_HAL_Driver/Src/stm32f4xx_hal.c.obj
LOAD CMakeFiles/XCORE407I_FIRMWARE.dir/home/marios/XCore407I-Firmware/st/STM32CubeF4/Drivers/STM32F4xx_HAL_Driver/Src/stm32f4xx_hal_rcc.c.obj
LOAD CMakeFiles/XCORE407I_FIRMWARE.dir/home/marios/XCore407I-Firmware/st/STM32CubeF4/Drivers/STM32F4xx_HAL_Driver/Src/stm32f4xx_hal_rcc_ex.c.obj
LOAD CMakeFiles/XCORE407I_FIRMWARE.dir/home/marios/XCore407I-Firmware/st/STM32CubeF4/Drivers/STM32F4xx_HAL_Driver/Src/stm32f4xx_hal_gpio.c.obj
LOAD CMakeFiles/XCORE407I_FIRMWARE.dir/home/marios/XCore407I-Firmware/st/STM32CubeF4/Drivers/STM32F4xx_HAL_Driver/Src/stm32f4xx_hal_cortex.c.obj
LOAD CMakeFiles/XCORE407I_FIRMWARE.dir/home/marios/XCore407I-Firmware/st/STM32CubeF4/Drivers/STM32F4xx_HAL_Driver/Src/stm32f4xx_hal_pwr.c.obj
LOAD CMakeFiles/XCORE407I_FIRMWARE.dir/home/marios/XCore407I-Firmware/st/STM32CubeF4/Drivers/STM32F4xx_HAL_Driver/Src/stm32f4xx_hal_pwr_ex.c.obj
LOAD CMakeFiles/XCORE407I_FIRMWARE.dir/home/marios/XCore407I-Firmware/st/STM32CubeF4/Drivers/STM32F4xx_HAL_Driver/Src/stm32f4xx_hal_flash.c.obj
LOAD CMakeFiles/XCORE407I_FIRMWARE.dir/home/marios/XCore407I-Firmware/st/STM32CubeF4/Drivers/STM32F4xx_HAL_Driver/Src/stm32f4xx_hal_flash_ex.c.obj
LOAD CMakeFiles/XCORE407I_FIRMWARE.dir/home/marios/XCore407I-Firmware/st/STM32CubeF4/Drivers/STM32F4xx_HAL_Driver/Src/stm32f4xx_hal_dma.c.obj
LOAD CMakeFiles/XCORE407I_FIRMWARE.dir/home/marios/XCore407I-Firmware/st/STM32CubeF4/Drivers/STM32F4xx_HAL_Driver/Src/stm32f4xx_hal_eth.c.obj
LOAD CMakeFiles/XCORE407I_FIRMWARE.dir/home/marios/XCore407I-Firmware/st/STM32CubeF4/Drivers/STM32F4xx_HAL_Driver/Src/stm32f4xx_hal_tim.c.obj
LOAD CMakeFiles/XCORE407I_FIRMWARE.dir/home/marios/XCore407I-Firmware/st/STM32CubeF4/Drivers/STM32F4xx_HAL_Driver/Src/stm32f4xx_hal_tim_ex.c.obj
LOAD CMakeFiles/XCORE407I_FIRMWARE.dir/home/marios/XCore407I-Firmware/st/STM32CubeF4/Drivers/STM32F4xx_HAL_Driver/Src/stm32f4xx_hal_exti.c.obj
LOAD CMakeFiles/XCORE407I_FIRMWARE.dir/home/marios/XCore407I-Firmware/st/STM32CubeF4/Drivers/STM32F4xx_HAL_Driver/Src/stm32f4xx_hal_uart.c.obj
LOAD CMakeFiles/XCORE407I_FIRMWARE.dir/home/marios/XCore407I-Firmware/Remora-OS6/Firmware/FirmwareSource/Remora-OS6/TARGET_XCORE407I/drivers/pin/pin.cpp.obj
LOAD CMakeFiles/XCORE407I_FIRMWARE.dir/home/marios/XCore407I-Firmware/Remora-OS6/Firmware/FirmwareSource/Remora-OS6/TARGET_XCORE407I/drivers/qei/qeiDriver.cpp.obj
LOAD CMakeFiles/XCORE407I_FIRMWARE.dir/home/marios/XCore407I-Firmware/Remora-OS6/Firmware/FirmwareSource/Remora-OS6/TARGET_XCORE407I/drivers/drivers_init.c.obj
LOAD liblwipcore.a
LOAD /usr/lib/gcc/arm-none-eabi/12.2.1/../../../arm-none-eabi/lib/thumb/v7e-m+fp/hard/libstdc++.a
LOAD /usr/lib/gcc/arm-none-eabi/12.2.1/../../../arm-none-eabi/lib/thumb/v7e-m+fp/hard/libm.a
START GROUP
LOAD /usr/lib/gcc/arm-none-eabi/12.2.1/thumb/v7e-m+fp/hard/libgcc.a
LOAD /usr/lib/gcc/arm-none-eabi/12.2.1/../../../arm-none-eabi/lib/thumb/v7e-m+fp/hard/libc.a
END GROUP
START GROUP
LOAD /usr/lib/gcc/arm-none-eabi/12.2.1/thumb/v7e-m+fp/hard/libgcc.a
LOAD /usr/lib/gcc/arm-none-eabi/12.2.1/../../../arm-none-eabi/lib/thumb/v7e-m+fp/hard/libc.a
LOAD /usr/lib/gcc/arm-none-eabi/12.2.1/../../../arm-none-eabi/lib/thumb/v7e-m+fp/hard/libnosys.a
END GROUP
                0x20020000                        _estack = (ORIGIN (RAM) + LENGTH (RAM))

.isr_vector     0x08000000      0x188
 *(.isr_vector)
 .isr_vector    0x08000000      0x188 CMakeFiles/XCORE407I_FIRMWARE.dir/startup_stm32f407xx.s.obj
                0x08000000                g_pfnVectors

.text           0x080001c0    0x138d4
 *(.isr_vector*)
 *(.text*)
 .text.Reset_Handler
                0x080001c0       0x44 CMakeFiles/XCORE407I_FIRMWARE.dir/startup_stm32f407xx.s.obj
                0x080001ee                RTC_WKUP_Handler
                0x080001ee                FLASH_Handler
                0x080001ee                DebugMon_Handler
                0x080001ee                DMA2_Stream7_Handler
                0x080001ee                OTG_HS_Handler
                0x080001ee                HardFault_Handler
                0x080001ee                DMA2_Stream3_Handler
                0x080001ee                SysTick_Handler
                0x080001ee                USART3_Handler
                0x080001ee                PendSV_Handler
                0x080001ee                NMI_Handler
                0x080001ee                TIM6_DAC_Handler
                0x080001ee                CAN1_RX1_Handler
                0x080001ee                EXTI15_10_Handler
                0x080001ee                ADC_Handler
                0x080001ee                HASH_RNG_Handler
                0x080001ee                I2C1_EV_Handler
                0x080001ee                TAMP_STAMP_Handler
                0x080001ee                I2C3_ER_Handler
                0x080001ee                WWDG_Handler
                0x080001ee                EXTI4_Handler
                0x080001ee                I2C3_EV_Handler
                0x080001ee                DMA1_Stream1_Handler
                0x080001ee                DMA2_Stream4_Handler
                0x080001ee                DMA1_Stream7_Handler
                0x080001ee                OTG_FS_Handler
                0x080001ee                ETH_WKUP_Handler
                0x080001ee                TIM1_BRK_TIM9_Handler
                0x080001ee                I2C1_ER_Handler
                0x080001ee                DMA1_Stream3_Handler
                0x080001ee                UsageFault_Handler
                0x080001ee                TIM1_UP_TIM10_Handler
                0x080001ee                CAN1_RX0_Handler
                0x080001ee                TIM1_CC_Handler
                0x080001ee                I2C2_ER_Handler
                0x080001ee                USART6_Handler
                0x080001ee                TIM8_CC_Handler
                0x080001ee                CAN1_SCE_Handler
                0x080001ee                DMA1_Stream0_Handler
                0x080001ee                OTG_HS_EP1_OUT_Handler
                0x080001ee                FSMC_Handler
                0x080001ee                EXTI1_Handler
                0x080001ee                EXTI3_Handler
                0x080001ee                CRYP_Handler
                0x080001ee                EXTI2_Handler
                0x080001ee                UART4_Handler
                0x080001ee                CAN2_RX1_Handler
                0x080001ee                EXTI9_5_Handler
                0x080001ee                TIM2_Handler
                0x080001ee                USART1_Handler
                0x080001ee                CAN2_SCE_Handler
                0x080001ee                TIM3_Handler
                0x080001ee                DMA2_Stream6_Handler
                0x080001ee                Default_Handler
                0x080001ee                DCMI_Handler
                0x080001ee                TIM1_TRG_COM_TIM11_Handler
                0x080001ee                RTC_Alarm_Handler
                0x080001ee                TIM4_Handler
                0x080001ee                TIM8_UP_TIM13_Handler
                0x080001ee                CAN2_TX_Handler
                0x080001ee                SPI2_Handler
                0x080001ee                DMA2_Stream1_Handler
                0x080001ee                DMA1_Stream2_Handler
                0x080001ee                MemManage_Handler
                0x080001ee                EXTI0_Handler
                0x080001ee                TIM8_BRK_TIM12_Handler
                0x080001ee                SVC_Handler
                0x080001ee                CAN2_RX0_Handler
                0x080001ee                DMA2_Stream5_Handler
                0x080001ee                DMA1_Stream6_Handler
                0x080001ee                SDIO_Handler
                0x080001ee                USART2_Handler
                0x080001ee                ETH_Handler
                0x080001ee                SPI1_Handler
                0x080001ee                I2C2_EV_Handler
                0x080001ee                DMA2_Stream2_Handler
                0x080001ee                SPI3_Handler
                0x080001ee                DMA2_Stream0_Handler
                0x080001ee                RCC_Handler
                0x080001ee                PVD_Handler
                0x080001ee                UART5_Handler
                0x080001ee                DMA1_Stream5_Handler
                0x080001ee                TIM5_Handler
                0x080001ee                TIM7_Handler
                0x080001ee                TIM8_TRG_COM_TIM14_Handler
                0x080001ee                CAN1_TX_Handler
                0x080001ee                FPU_Handler
                0x080001ee                BusFault_Handler
                0x080001ee                DMA1_Stream4_Handler
                0x080001ee                OTG_HS_WKUP_Handler
                0x080001ee                OTG_FS_WKUP_Handler
                0x080001ee                OTG_HS_EP1_IN_Handler
 .text.enter_system_dfu
                0x08000204       0x28 CMakeFiles/XCORE407I_FIRMWARE.dir/home/marios/XCore407I-Firmware/Remora-OS6/Firmware/FirmwareSource/Remora-OS6/TARGET_XCORE407I/main_xcore407i.cpp.obj
                0x08000204                enter_system_dfu
 .text.startup.main
                0x0800022c      0x9e8 CMakeFiles/XCORE407I_FIRMWARE.dir/home/marios/XCore407I-Firmware/Remora-OS6/Firmware/FirmwareSource/Remora-OS6/TARGET_XCORE407I/main_xcore407i.cpp.obj
                0x0800022c                main
 .text.Board_NVIC_Config
                0x08000c14       0x94 CMakeFiles/XCORE407I_FIRMWARE.dir/home/marios/XCore407I-Firmware/Remora-OS6/Firmware/FirmwareSource/Remora-OS6/TARGET_XCORE407I/system_clock.c.obj
                0x08000c14                Board_NVIC_Config
 .text.SystemClock_Config
                0x08000ca8       0xa8 CMakeFiles/XCORE407I_FIRMWARE.dir/home/marios/XCore407I-Firmware/Remora-OS6/Firmware/FirmwareSource/Remora-OS6/TARGET_XCORE407I/system_clock.c.obj
                0x08000ca8                SystemClock_Config
 .text.rx_allocate
                0x08000d50       0x24 CMakeFiles/XCORE407I_FIRMWARE.dir/home/marios/XCore407I-Firmware/Remora-OS6/Firmware/FirmwareSource/Remora-OS6/TARGET_XCORE407I/ethernet_init.c.obj
 .text.rx_link  0x08000d74        0x8 CMakeFiles/XCORE407I_FIRMWARE.dir/home/marios/XCore407I-Firmware/Remora-OS6/Firmware/FirmwareSource/Remora-OS6/TARGET_XCORE407I/ethernet_init.c.obj
 .text.mdio_read
                0x08000d7c       0x60 CMakeFiles/XCORE407I_FIRMWARE.dir/home/marios/XCore407I-Firmware/Remora-OS6/Firmware/FirmwareSource/Remora-OS6/TARGET_XCORE407I/ethernet_init.c.obj
 .text.mdio_write.constprop.0
                0x08000ddc       0x54 CMakeFiles/XCORE407I_FIRMWARE.dir/home/marios/XCore407I-Firmware/Remora-OS6/Firmware/FirmwareSource/Remora-OS6/TARGET_XCORE407I/ethernet_init.c.obj
 .text.ETH_RunInternalLoopbackTest
                0x08000e30      0x118 CMakeFiles/XCORE407I_FIRMWARE.dir/home/marios/XCore407I-Firmware/Remora-OS6/Firmware/FirmwareSource/Remora-OS6/TARGET_XCORE407I/ethernet_init.c.obj
                0x08000e30                ETH_RunInternalLoopbackTest
 .text.HAL_ETH_MspInit
                0x08000f48      0x184 CMakeFiles/XCORE407I_FIRMWARE.dir/home/marios/XCore407I-Firmware/Remora-OS6/Firmware/FirmwareSource/Remora-OS6/TARGET_XCORE407I/ethernet_init.c.obj
                0x08000f48                HAL_ETH_MspInit
 .text.ETH_GetMDIOStats
                0x080010cc       0x28 CMakeFiles/XCORE407I_FIRMWARE.dir/home/marios/XCore407I-Firmware/Remora-OS6/Firmware/FirmwareSource/Remora-OS6/TARGET_XCORE407I/ethernet_init.c.obj
                0x080010cc                ETH_GetMDIOStats
 .text.ETH_GetPhyScanBitmap
                0x080010f4        0xc CMakeFiles/XCORE407I_FIRMWARE.dir/home/marios/XCore407I-Firmware/Remora-OS6/Firmware/FirmwareSource/Remora-OS6/TARGET_XCORE407I/ethernet_init.c.obj
                0x080010f4                ETH_GetPhyScanBitmap
 .text.ETH_GetPHY_PHYSTS
                0x08001100        0xc CMakeFiles/XCORE407I_FIRMWARE.dir/home/marios/XCore407I-Firmware/Remora-OS6/Firmware/FirmwareSource/Remora-OS6/TARGET_XCORE407I/ethernet_init.c.obj
                0x08001100                ETH_GetPHY_PHYSTS
 .text.ETH_AnyLinkUp
                0x0800110c       0x60 CMakeFiles/XCORE407I_FIRMWARE.dir/home/marios/XCore407I-Firmware/Remora-OS6/Firmware/FirmwareSource/Remora-OS6/TARGET_XCORE407I/ethernet_init.c.obj
                0x0800110c                ETH_AnyLinkUp
 .text.ETH_ForceMode
                0x0800116c       0x8c CMakeFiles/XCORE407I_FIRMWARE.dir/home/marios/XCore407I-Firmware/Remora-OS6/Firmware/FirmwareSource/Remora-OS6/TARGET_XCORE407I/ethernet_init.c.obj
                0x0800116c                ETH_ForceMode
 .text.ETH_Force100Full
                0x080011f8        0x8 CMakeFiles/XCORE407I_FIRMWARE.dir/home/marios/XCore407I-Firmware/Remora-OS6/Firmware/FirmwareSource/Remora-OS6/TARGET_XCORE407I/ethernet_init.c.obj
                0x080011f8                ETH_Force100Full
 .text.ETH_IsForcedMode
                0x08001200       0x10 CMakeFiles/XCORE407I_FIRMWARE.dir/home/marios/XCore407I-Firmware/Remora-OS6/Firmware/FirmwareSource/Remora-OS6/TARGET_XCORE407I/ethernet_init.c.obj
                0x08001200                ETH_IsForcedMode
 .text.ETH_GetForcedParams
                0x08001210       0x20 CMakeFiles/XCORE407I_FIRMWARE.dir/home/marios/XCore407I-Firmware/Remora-OS6/Firmware/FirmwareSource/Remora-OS6/TARGET_XCORE407I/ethernet_init.c.obj
                0x08001210                ETH_GetForcedParams
 .text.ETH_SetAuto
                0x08001230       0x40 CMakeFiles/XCORE407I_FIRMWARE.dir/home/marios/XCore407I-Firmware/Remora-OS6/Firmware/FirmwareSource/Remora-OS6/TARGET_XCORE407I/ethernet_init.c.obj
                0x08001230                ETH_SetAuto
 .text.ETH_ClearMDIOStats
                0x08001270       0x18 CMakeFiles/XCORE407I_FIRMWARE.dir/home/marios/XCore407I-Firmware/Remora-OS6/Firmware/FirmwareSource/Remora-OS6/TARGET_XCORE407I/ethernet_init.c.obj
                0x08001270                ETH_ClearMDIOStats
 .text.MX_ETH_Init
                0x08001288      0x280 CMakeFiles/XCORE407I_FIRMWARE.dir/home/marios/XCore407I-Firmware/Remora-OS6/Firmware/FirmwareSource/Remora-OS6/TARGET_XCORE407I/ethernet_init.c.obj
                0x08001288                MX_ETH_Init
 .text.ETH_LinkUp
                0x08001508       0x3c CMakeFiles/XCORE407I_FIRMWARE.dir/home/marios/XCore407I-Firmware/Remora-OS6/Firmware/FirmwareSource/Remora-OS6/TARGET_XCORE407I/ethernet_init.c.obj
                0x08001508                ETH_LinkUp
 .text.ETH_RestartAutoNeg
                0x08001544       0x30 CMakeFiles/XCORE407I_FIRMWARE.dir/home/marios/XCore407I-Firmware/Remora-OS6/Firmware/FirmwareSource/Remora-OS6/TARGET_XCORE407I/ethernet_init.c.obj
                0x08001544                ETH_RestartAutoNeg
 .text.ETH_GetPhyId
                0x08001574        0xc CMakeFiles/XCORE407I_FIRMWARE.dir/home/marios/XCore407I-Firmware/Remora-OS6/Firmware/FirmwareSource/Remora-OS6/TARGET_XCORE407I/ethernet_init.c.obj
                0x08001574                ETH_GetPhyId
 .text.ETH_GetPhyAddress
                0x08001580        0xc CMakeFiles/XCORE407I_FIRMWARE.dir/home/marios/XCore407I-Firmware/Remora-OS6/Firmware/FirmwareSource/Remora-OS6/TARGET_XCORE407I/ethernet_init.c.obj
                0x08001580                ETH_GetPhyAddress
 .text.ETH_UpdateMACFromPHY
                0x0800158c       0x84 CMakeFiles/XCORE407I_FIRMWARE.dir/home/marios/XCore407I-Firmware/Remora-OS6/Firmware/FirmwareSource/Remora-OS6/TARGET_XCORE407I/ethernet_init.c.obj
                0x0800158c                ETH_UpdateMACFromPHY
 .text.Board_Ethernet_Init
                0x08001610       0x80 CMakeFiles/XCORE407I_FIRMWARE.dir/home/marios/XCore407I-Firmware/Remora-OS6/Firmware/FirmwareSource/Remora-OS6/TARGET_XCORE407I/ethernet_init.c.obj
                0x08001610                Board_Ethernet_Init
 .text.ETH_GetPHY_Debug
                0x08001690       0x8c CMakeFiles/XCORE407I_FIRMWARE.dir/home/marios/XCore407I-Firmware/Remora-OS6/Firmware/FirmwareSource/Remora-OS6/TARGET_XCORE407I/ethernet_init.c.obj
                0x08001690                ETH_GetPHY_Debug
 .text.ETH_DebugDumpOnce
                0x0800171c       0x70 CMakeFiles/XCORE407I_FIRMWARE.dir/home/marios/XCore407I-Firmware/Remora-OS6/Firmware/FirmwareSource/Remora-OS6/TARGET_XCORE407I/ethernet_init.c.obj
                0x0800171c                ETH_DebugDumpOnce
 .text.ETH_PeriodicPHYLog
                0x0800178c       0x84 CMakeFiles/XCORE407I_FIRMWARE.dir/home/marios/XCore407I-Firmware/Remora-OS6/Firmware/FirmwareSource/Remora-OS6/TARGET_XCORE407I/ethernet_init.c.obj
                0x0800178c                ETH_PeriodicPHYLog
 .text.Board_DebugUART_Init
                0x08001810       0x80 CMakeFiles/XCORE407I_FIRMWARE.dir/home/marios/XCore407I-Firmware/Remora-OS6/Firmware/FirmwareSource/Remora-OS6/TARGET_XCORE407I/debug_uart.c.obj
                0x08001810                Board_DebugUART_Init
 .text.DebugUART_PollCommands
                0x08001890      0x754 CMakeFiles/XCORE407I_FIRMWARE.dir/home/marios/XCore407I-Firmware/Remora-OS6/Firmware/FirmwareSource/Remora-OS6/TARGET_XCORE407I/debug_uart.c.obj
                0x08001890                DebugUART_PollCommands
 .text.startup.version_init
                0x08001fe4       0x4c CMakeFiles/XCORE407I_FIRMWARE.dir/home/marios/XCore407I-Firmware/Remora-OS6/Firmware/FirmwareSource/Remora-OS6/TARGET_XCORE407I/version.c.obj
 .text.FW_VersionString
                0x08002030        0x8 CMakeFiles/XCORE407I_FIRMWARE.dir/home/marios/XCore407I-Firmware/Remora-OS6/Firmware/FirmwareSource/Remora-OS6/TARGET_XCORE407I/version.c.obj
                0x08002030                FW_VersionString
 .text.FW_BuildInfoString
                0x08002038        0x8 CMakeFiles/XCORE407I_FIRMWARE.dir/home/marios/XCore407I-Firmware/Remora-OS6/Firmware/FirmwareSource/Remora-OS6/TARGET_XCORE407I/version.c.obj
                0x08002038                FW_BuildInfoString
 .text.low_level_output
                0x08002040       0x80 CMakeFiles/XCORE407I_FIRMWARE.dir/home/marios/XCore407I-Firmware/Remora-OS6/Firmware/FirmwareSource/Remora-OS6/TARGET_XCORE407I/lwip/ethernetif.c.obj
 .text.ETH_GetMACStats
                0x080020c0       0x34 CMakeFiles/XCORE407I_FIRMWARE.dir/home/marios/XCore407I-Firmware/Remora-OS6/Firmware/FirmwareSource/Remora-OS6/TARGET_XCORE407I/lwip/ethernetif.c.obj
                0x080020c0                ETH_GetMACStats
 .text.ethernetif_init
                0x080020f4       0x44 CMakeFiles/XCORE407I_FIRMWARE.dir/home/marios/XCore407I-Firmware/Remora-OS6/Firmware/FirmwareSource/Remora-OS6/TARGET_XCORE407I/lwip/ethernetif.c.obj
                0x080020f4                ethernetif_init
 .text.ethernetif_poll
                0x08002138      0x12c CMakeFiles/XCORE407I_FIRMWARE.dir/home/marios/XCore407I-Firmware/Remora-OS6/Firmware/FirmwareSource/Remora-OS6/TARGET_XCORE407I/lwip/ethernetif.c.obj
                0x08002138                ethernetif_poll
 .text.dhcp_check_timeout
                0x08002264       0xc8 CMakeFiles/XCORE407I_FIRMWARE.dir/home/marios/XCore407I-Firmware/Remora-OS6/Firmware/FirmwareSource/Remora-OS6/TARGET_XCORE407I/lwip/lwip_port.c.obj
 .text.lwip_port_init
                0x0800232c       0xa8 CMakeFiles/XCORE407I_FIRMWARE.dir/home/marios/XCore407I-Firmware/Remora-OS6/Firmware/FirmwareSource/Remora-OS6/TARGET_XCORE407I/lwip/lwip_port.c.obj
                0x0800232c                lwip_port_init
 .text.lwip_port_netif
                0x080023d4        0x8 CMakeFiles/XCORE407I_FIRMWARE.dir/home/marios/XCore407I-Firmware/Remora-OS6/Firmware/FirmwareSource/Remora-OS6/TARGET_XCORE407I/lwip/lwip_port.c.obj
                0x080023d4                lwip_port_netif
 .text.lwip_port_debug_broadcast
                0x080023dc       0x78 CMakeFiles/XCORE407I_FIRMWARE.dir/home/marios/XCore407I-Firmware/Remora-OS6/Firmware/FirmwareSource/Remora-OS6/TARGET_XCORE407I/lwip/lwip_port.c.obj
                0x080023dc                lwip_port_debug_broadcast
 .text.lwip_port_dhcp_active
                0x08002454        0xc CMakeFiles/XCORE407I_FIRMWARE.dir/home/marios/XCore407I-Firmware/Remora-OS6/Firmware/FirmwareSource/Remora-OS6/TARGET_XCORE407I/lwip/lwip_port.c.obj
                0x08002454                lwip_port_dhcp_active
 .text.MX_LWIP_Init
                0x08002460        0x4 CMakeFiles/XCORE407I_FIRMWARE.dir/home/marios/XCore407I-Firmware/Remora-OS6/Firmware/FirmwareSource/Remora-OS6/TARGET_XCORE407I/lwip/lwip_port.c.obj
                0x08002460                MX_LWIP_Init
 .text.MX_LWIP_Process
                0x08002464       0x18 CMakeFiles/XCORE407I_FIRMWARE.dir/home/marios/XCore407I-Firmware/Remora-OS6/Firmware/FirmwareSource/Remora-OS6/TARGET_XCORE407I/lwip/lwip_port.c.obj
                0x08002464                MX_LWIP_Process
 .text.lwip_port_set_link_state
                0x0800247c       0x24 CMakeFiles/XCORE407I_FIRMWARE.dir/home/marios/XCore407I-Firmware/Remora-OS6/Firmware/FirmwareSource/Remora-OS6/TARGET_XCORE407I/lwip/lwip_port.c.obj
                0x0800247c                lwip_port_set_link_state
 .text.remora_udp_recv
                0x080024a0      0x21c CMakeFiles/XCORE407I_FIRMWARE.dir/home/marios/XCore407I-Firmware/Remora-OS6/Firmware/FirmwareSource/Remora-OS6/TARGET_XCORE407I/lwip/remora_udp.c.obj
 .text.remora_udp_send_feedback_unicast
                0x080026bc      0x2b4 CMakeFiles/XCORE407I_FIRMWARE.dir/home/marios/XCore407I-Firmware/Remora-OS6/Firmware/FirmwareSource/Remora-OS6/TARGET_XCORE407I/lwip/remora_udp.c.obj
 .text.remora_udp_init
                0x08002970       0x40 CMakeFiles/XCORE407I_FIRMWARE.dir/home/marios/XCore407I-Firmware/Remora-OS6/Firmware/FirmwareSource/Remora-OS6/TARGET_XCORE407I/lwip/remora_udp.c.obj
                0x08002970                remora_udp_init
 .text.remora_udp_poll
                0x080029b0        0x4 CMakeFiles/XCORE407I_FIRMWARE.dir/home/marios/XCore407I-Firmware/Remora-OS6/Firmware/FirmwareSource/Remora-OS6/TARGET_XCORE407I/lwip/remora_udp.c.obj
                0x080029b0                remora_udp_poll
 .text.remora_udp_send_feedback
                0x080029b4        0x4 CMakeFiles/XCORE407I_FIRMWARE.dir/home/marios/XCore407I-Firmware/Remora-OS6/Firmware/FirmwareSource/Remora-OS6/TARGET_XCORE407I/lwip/remora_udp.c.obj
                0x080029b4                remora_udp_send_feedback
 .text.apply_freq
                0x080029b8       0x84 CMakeFiles/XCORE407I_FIRMWARE.dir/home/marios/XCore407I-Firmware/Remora-OS6/Firmware/FirmwareSource/Remora-OS6/TARGET_XCORE407I/stepgen.c.obj
 .text.step_channel_pwm_init
                0x08002a3c       0x40 CMakeFiles/XCORE407I_FIRMWARE.dir/home/marios/XCore407I-Firmware/Remora-OS6/Firmware/FirmwareSource/Remora-OS6/TARGET_XCORE407I/stepgen.c.obj
 .text.stepgen_init
                0x08002a7c      0x1ac CMakeFiles/XCORE407I_FIRMWARE.dir/home/marios/XCore407I-Firmware/Remora-OS6/Firmware/FirmwareSource/Remora-OS6/TARGET_XCORE407I/stepgen.c.obj
                0x08002a7c                stepgen_init
 .text.stepgen_apply_command
                0x08002c28       0x78 CMakeFiles/XCORE407I_FIRMWARE.dir/home/marios/XCore407I-Firmware/Remora-OS6/Firmware/FirmwareSource/Remora-OS6/TARGET_XCORE407I/stepgen.c.obj
                0x08002c28                stepgen_apply_command
 .text.motion_get_fault_mask
                0x08002ca0        0xc CMakeFiles/XCORE407I_FIRMWARE.dir/home/marios/XCore407I-Firmware/Remora-OS6/Firmware/FirmwareSource/Remora-OS6/TARGET_XCORE407I/motion_io.c.obj
                0x08002ca0                motion_get_fault_mask
 .text.motion_get_estop
                0x08002cac        0xc CMakeFiles/XCORE407I_FIRMWARE.dir/home/marios/XCore407I-Firmware/Remora-OS6/Firmware/FirmwareSource/Remora-OS6/TARGET_XCORE407I/motion_io.c.obj
                0x08002cac                motion_get_estop
 .text.motion_get_limit_mask
                0x08002cb8        0xc CMakeFiles/XCORE407I_FIRMWARE.dir/home/marios/XCore407I-Firmware/Remora-OS6/Firmware/FirmwareSource/Remora-OS6/TARGET_XCORE407I/motion_io.c.obj
                0x08002cb8                motion_get_limit_mask
 .text.motion_try_clear_faults
                0x08002cc4       0x2c CMakeFiles/XCORE407I_FIRMWARE.dir/home/marios/XCore407I-Firmware/Remora-OS6/Firmware/FirmwareSource/Remora-OS6/TARGET_XCORE407I/motion_io.c.obj
                0x08002cc4                motion_try_clear_faults
 .text.motion_control_io_init
                0x08002cf0      0x13c CMakeFiles/XCORE407I_FIRMWARE.dir/home/marios/XCore407I-Firmware/Remora-OS6/Firmware/FirmwareSource/Remora-OS6/TARGET_XCORE407I/motion_io.c.obj
                0x08002cf0                motion_control_io_init
 .text.motion_get_probe
                0x08002e2c       0x18 CMakeFiles/XCORE407I_FIRMWARE.dir/home/marios/XCore407I-Firmware/Remora-OS6/Firmware/FirmwareSource/Remora-OS6/TARGET_XCORE407I/motion_io.c.obj
                0x08002e2c                motion_get_probe
 .text.motion_apply_limited_step
                0x08002e44       0x8c CMakeFiles/XCORE407I_FIRMWARE.dir/home/marios/XCore407I-Firmware/Remora-OS6/Firmware/FirmwareSource/Remora-OS6/TARGET_XCORE407I/motion_io.c.obj
                0x08002e44                motion_apply_limited_step
 .text.jog_init
                0x08002ed0       0x34 CMakeFiles/XCORE407I_FIRMWARE.dir/home/marios/XCore407I-Firmware/Remora-OS6/Firmware/FirmwareSource/Remora-OS6/TARGET_XCORE407I/jog.c.obj
                0x08002ed0                jog_init
 .text.jog_set_speed_axis
                0x08002f04       0x14 CMakeFiles/XCORE407I_FIRMWARE.dir/home/marios/XCore407I-Firmware/Remora-OS6/Firmware/FirmwareSource/Remora-OS6/TARGET_XCORE407I/jog.c.obj
                0x08002f04                jog_set_speed_axis
 .text.jog_set_accel_axis
                0x08002f18       0x18 CMakeFiles/XCORE407I_FIRMWARE.dir/home/marios/XCore407I-Firmware/Remora-OS6/Firmware/FirmwareSource/Remora-OS6/TARGET_XCORE407I/jog.c.obj
                0x08002f18                jog_set_accel_axis
 .text.jog_set_speed
                0x08002f30       0x10 CMakeFiles/XCORE407I_FIRMWARE.dir/home/marios/XCore407I-Firmware/Remora-OS6/Firmware/FirmwareSource/Remora-OS6/TARGET_XCORE407I/jog.c.obj
                0x08002f30                jog_set_speed
 .text.jog_set_accel
                0x08002f40       0x10 CMakeFiles/XCORE407I_FIRMWARE.dir/home/marios/XCore407I-Firmware/Remora-OS6/Firmware/FirmwareSource/Remora-OS6/TARGET_XCORE407I/jog.c.obj
                0x08002f40                jog_set_accel
 .text.jog_get_current_speed_axis
                0x08002f50       0x1c CMakeFiles/XCORE407I_FIRMWARE.dir/home/marios/XCore407I-Firmware/Remora-OS6/Firmware/FirmwareSource/Remora-OS6/TARGET_XCORE407I/jog.c.obj
                0x08002f50                jog_get_current_speed_axis
 .text.jog_get_target_speed_axis
                0x08002f6c       0x18 CMakeFiles/XCORE407I_FIRMWARE.dir/home/marios/XCore407I-Firmware/Remora-OS6/Firmware/FirmwareSource/Remora-OS6/TARGET_XCORE407I/jog.c.obj
                0x08002f6c                jog_get_target_speed_axis
 .text.jog_get_direction_axis
                0x08002f84       0x28 CMakeFiles/XCORE407I_FIRMWARE.dir/home/marios/XCore407I-Firmware/Remora-OS6/Firmware/FirmwareSource/Remora-OS6/TARGET_XCORE407I/jog.c.obj
                0x08002f84                jog_get_direction_axis
 .text.jog_poll
                0x08002fac      0x170 CMakeFiles/XCORE407I_FIRMWARE.dir/home/marios/XCore407I-Firmware/Remora-OS6/Firmware/FirmwareSource/Remora-OS6/TARGET_XCORE407I/jog.c.obj
                0x08002fac                jog_poll
 .text.homing_start
                0x0800311c       0x5c CMakeFiles/XCORE407I_FIRMWARE.dir/home/marios/XCore407I-Firmware/Remora-OS6/Firmware/FirmwareSource/Remora-OS6/TARGET_XCORE407I/homing.c.obj
                0x0800311c                homing_start
 .text.homing_abort
                0x08003178       0x30 CMakeFiles/XCORE407I_FIRMWARE.dir/home/marios/XCore407I-Firmware/Remora-OS6/Firmware/FirmwareSource/Remora-OS6/TARGET_XCORE407I/homing.c.obj
                0x08003178                homing_abort
 .text.homing_is_active
                0x080031a8       0x24 CMakeFiles/XCORE407I_FIRMWARE.dir/home/marios/XCore407I-Firmware/Remora-OS6/Firmware/FirmwareSource/Remora-OS6/TARGET_XCORE407I/homing.c.obj
                0x080031a8                homing_is_active
 .text.homing_get_homed_mask
                0x080031cc        0xc CMakeFiles/XCORE407I_FIRMWARE.dir/home/marios/XCore407I-Firmware/Remora-OS6/Firmware/FirmwareSource/Remora-OS6/TARGET_XCORE407I/homing.c.obj
                0x080031cc                homing_get_homed_mask
 .text.homing_get_offset
                0x080031d8       0x1c CMakeFiles/XCORE407I_FIRMWARE.dir/home/marios/XCore407I-Firmware/Remora-OS6/Firmware/FirmwareSource/Remora-OS6/TARGET_XCORE407I/homing.c.obj
                0x080031d8                homing_get_offset
 .text.homing_set_offset
                0x080031f4       0x34 CMakeFiles/XCORE407I_FIRMWARE.dir/home/marios/XCore407I-Firmware/Remora-OS6/Firmware/FirmwareSource/Remora-OS6/TARGET_XCORE407I/homing.c.obj
                0x080031f4                homing_set_offset
 .text.homing_poll
                0x08003228      0x128 CMakeFiles/XCORE407I_FIRMWARE.dir/home/marios/XCore407I-Firmware/Remora-OS6/Firmware/FirmwareSource/Remora-OS6/TARGET_XCORE407I/homing.c.obj
                0x08003228                homing_poll
 .text.config_store_init
                0x08003350      0x104 CMakeFiles/XCORE407I_FIRMWARE.dir/home/marios/XCore407I-Firmware/Remora-OS6/Firmware/FirmwareSource/Remora-OS6/TARGET_XCORE407I/config_store.c.obj
                0x08003350                config_store_init
 .text.config_store_get
                0x08003454        0x8 CMakeFiles/XCORE407I_FIRMWARE.dir/home/marios/XCore407I-Firmware/Remora-OS6/Firmware/FirmwareSource/Remora-OS6/TARGET_XCORE407I/config_store.c.obj
                0x08003454                config_store_get
 .text.config_store_mark_dirty
                0x0800345c        0xc CMakeFiles/XCORE407I_FIRMWARE.dir/home/marios/XCore407I-Firmware/Remora-OS6/Firmware/FirmwareSource/Remora-OS6/TARGET_XCORE407I/config_store.c.obj
                0x0800345c                config_store_mark_dirty
 .text.config_store_save
                0x08003468       0xc8 CMakeFiles/XCORE407I_FIRMWARE.dir/home/marios/XCore407I-Firmware/Remora-OS6/Firmware/FirmwareSource/Remora-OS6/TARGET_XCORE407I/config_store.c.obj
                0x08003468                config_store_save
 .text.config_store_apply
                0x08003530       0x2c CMakeFiles/XCORE407I_FIRMWARE.dir/home/marios/XCore407I-Firmware/Remora-OS6/Firmware/FirmwareSource/Remora-OS6/TARGET_XCORE407I/config_store.c.obj
                0x08003530                config_store_apply
 .text.encoder_init
                0x0800355c      0x210 CMakeFiles/XCORE407I_FIRMWARE.dir/home/marios/XCore407I-Firmware/Remora-OS6/Firmware/FirmwareSource/Remora-OS6/TARGET_XCORE407I/encoder.c.obj
                0x0800355c                encoder_init
 .text.encoder_get_count
                0x0800376c       0x2c CMakeFiles/XCORE407I_FIRMWARE.dir/home/marios/XCore407I-Firmware/Remora-OS6/Firmware/FirmwareSource/Remora-OS6/TARGET_XCORE407I/encoder.c.obj
                0x0800376c                encoder_get_count
 .text.sha256_transform
                0x08003798      0x164 CMakeFiles/XCORE407I_FIRMWARE.dir/home/marios/XCore407I-Firmware/Remora-OS6/Firmware/FirmwareSource/Remora-OS6/TARGET_XCORE407I/auth.c.obj
 .text.sha256_final
                0x080038fc       0xac CMakeFiles/XCORE407I_FIRMWARE.dir/home/marios/XCore407I-Firmware/Remora-OS6/Firmware/FirmwareSource/Remora-OS6/TARGET_XCORE407I/auth.c.obj
 .text.sha256_update
                0x080039a8       0x64 CMakeFiles/XCORE407I_FIRMWARE.dir/home/marios/XCore407I-Firmware/Remora-OS6/Firmware/FirmwareSource/Remora-OS6/TARGET_XCORE407I/auth.c.obj
 *fill*         0x08003a0c        0x4 
 .text.auth_hmac_tag
                0x08003a10      0x168 CMakeFiles/XCORE407I_FIRMWARE.dir/home/marios/XCore407I-Firmware/Remora-OS6/Firmware/FirmwareSource/Remora-OS6/TARGET_XCORE407I/auth.c.obj
                0x08003a10                auth_hmac_tag
 .text.echo_recv
                0x08003b78       0x24 CMakeFiles/XCORE407I_FIRMWARE.dir/home/marios/XCore407I-Firmware/src/net/udp_echo.c.obj
 .text.udp_echo_init
                0x08003b9c       0x40 CMakeFiles/XCORE407I_FIRMWARE.dir/home/marios/XCore407I-Firmware/src/net/udp_echo.c.obj
                0x08003b9c                udp_echo_init
 .text.SystemInit
                0x08003bdc       0x14 CMakeFiles/XCORE407I_FIRMWARE.dir/home/marios/XCore407I-Firmware/st/STM32CubeF4/Drivers/CMSIS/Device/ST/STM32F4xx/Source/Templates/system_stm32f4xx.c.obj
                0x08003bdc                SystemInit
 .text.SystemCoreClockUpdate
                0x08003bf0       0x70 CMakeFiles/XCORE407I_FIRMWARE.dir/home/marios/XCore407I-Firmware/st/STM32CubeF4/Drivers/CMSIS/Device/ST/STM32F4xx/Source/Templates/system_stm32f4xx.c.obj
                0x08003bf0                SystemCoreClockUpdate
 .text._close   0x08003c60        0x8 CMakeFiles/XCORE407I_FIRMWARE.dir/syscalls.c.obj
                0x08003c60                _close
 .text._fstat   0x08003c68        0xc CMakeFiles/XCORE407I_FIRMWARE.dir/syscalls.c.obj
                0x08003c68                _fstat
 .text._isatty  0x08003c74        0x4 CMakeFiles/XCORE407I_FIRMWARE.dir/syscalls.c.obj
                0x08003c74                _isatty
 .text._lseek   0x08003c78        0x8 CMakeFiles/XCORE407I_FIRMWARE.dir/syscalls.c.obj
                0x08003c78                _lseek
 .text._read    0x08003c80        0x4 CMakeFiles/XCORE407I_FIRMWARE.dir/syscalls.c.obj
                0x08003c80                _read
 .text._write   0x08003c84        0x4 CMakeFiles/XCORE407I_FIRMWARE.dir/syscalls.c.obj
                0x08003c84                _write
 .text._sbrk    0x08003c88       0x10 CMakeFiles/XCORE407I_FIRMWARE.dir/syscalls.c.obj
                0x08003c88                _sbrk
 .text._exit    0x08003c98        0x4 CMakeFiles/XCORE407I_FIRMWARE.dir/syscalls.c.obj
                0x08003c98                _exit
 .text._kill    0x08003c9c       0x10 CMakeFiles/XCORE407I_FIRMWARE.dir/syscalls.c.obj
                0x08003c9c                _kill
 .text._getpid  0x08003cac        0x4 CMakeFiles/XCORE407I_FIRMWARE.dir/syscalls.c.obj
                0x08003cac                _getpid
 .text.HAL_MspInit
                0x08003cb0        0x4 CMakeFiles/XCORE407I_FIRMWARE.dir/home/marios/XCore407I-Firmware/st/STM32CubeF4/Drivers/STM32F4xx_HAL_Driver/Src/stm32f4xx_hal.c.obj
                0x08003cb0                HAL_MspInit
 .text.HAL_MspDeInit
                0x08003cb4        0x4 CMakeFiles/XCORE407I_FIRMWARE.dir/home/marios/XCore407I-Firmware/st/STM32CubeF4/Drivers/STM32F4xx_HAL_Driver/Src/stm32f4xx_hal.c.obj
                0x08003cb4                HAL_MspDeInit
 .text.HAL_DeInit
                0x08003cb8       0x3c CMakeFiles/XCORE407I_FIRMWARE.dir/home/marios/XCore407I-Firmware/st/STM32CubeF4/Drivers/STM32F4xx_HAL_Driver/Src/stm32f4xx_hal.c.obj
                0x08003cb8                HAL_DeInit
 .text.HAL_InitTick
                0x08003cf4       0x48 CMakeFiles/XCORE407I_FIRMWARE.dir/home/marios/XCore407I-Firmware/st/STM32CubeF4/Drivers/STM32F4xx_HAL_Driver/Src/stm32f4xx_hal.c.obj
                0x08003cf4                HAL_InitTick
 .text.HAL_Init
                0x08003d3c       0x34 CMakeFiles/XCORE407I_FIRMWARE.dir/home/marios/XCore407I-Firmware/st/STM32CubeF4/Drivers/STM32F4xx_HAL_Driver/Src/stm32f4xx_hal.c.obj
                0x08003d3c                HAL_Init
 .text.HAL_GetTick
                0x08003d70        0xc CMakeFiles/XCORE407I_FIRMWARE.dir/home/marios/XCore407I-Firmware/st/STM32CubeF4/Drivers/STM32F4xx_HAL_Driver/Src/stm32f4xx_hal.c.obj
                0x08003d70                HAL_GetTick
 .text.HAL_Delay
                0x08003d7c       0x24 CMakeFiles/XCORE407I_FIRMWARE.dir/home/marios/XCore407I-Firmware/st/STM32CubeF4/Drivers/STM32F4xx_HAL_Driver/Src/stm32f4xx_hal.c.obj
                0x08003d7c                HAL_Delay
 .text.HAL_RCC_OscConfig
                0x08003da0      0x3c4 CMakeFiles/XCORE407I_FIRMWARE.dir/home/marios/XCore407I-Firmware/st/STM32CubeF4/Drivers/STM32F4xx_HAL_Driver/Src/stm32f4xx_hal_rcc.c.obj
                0x08003da0                HAL_RCC_OscConfig
 .text.HAL_RCC_GetSysClockFreq
                0x08004164       0x68 CMakeFiles/XCORE407I_FIRMWARE.dir/home/marios/XCore407I-Firmware/st/STM32CubeF4/Drivers/STM32F4xx_HAL_Driver/Src/stm32f4xx_hal_rcc.c.obj
                0x08004164                HAL_RCC_GetSysClockFreq
 .text.HAL_RCC_ClockConfig
                0x080041cc      0x13c CMakeFiles/XCORE407I_FIRMWARE.dir/home/marios/XCore407I-Firmware/st/STM32CubeF4/Drivers/STM32F4xx_HAL_Driver/Src/stm32f4xx_hal_rcc.c.obj
                0x080041cc                HAL_RCC_ClockConfig
 .text.HAL_RCC_GetPCLK1Freq
                0x08004308       0x20 CMakeFiles/XCORE407I_FIRMWARE.dir/home/marios/XCore407I-Firmware/st/STM32CubeF4/Drivers/STM32F4xx_HAL_Driver/Src/stm32f4xx_hal_rcc.c.obj
                0x08004308                HAL_RCC_GetPCLK1Freq
 .text.HAL_RCC_GetPCLK2Freq
                0x08004328       0x20 CMakeFiles/XCORE407I_FIRMWARE.dir/home/marios/XCore407I-Firmware/st/STM32CubeF4/Drivers/STM32F4xx_HAL_Driver/Src/stm32f4xx_hal_rcc.c.obj
                0x08004328                HAL_RCC_GetPCLK2Freq
 .text.HAL_RCC_DeInit
                0x08004348      0x124 CMakeFiles/XCORE407I_FIRMWARE.dir/home/marios/XCore407I-Firmware/st/STM32CubeF4/Drivers/STM32F4xx_HAL_Driver/Src/stm32f4xx_hal_rcc_ex.c.obj
                0x08004348                HAL_RCC_DeInit
 .text.HAL_GPIO_Init
                0x0800446c      0x264 CMakeFiles/XCORE407I_FIRMWARE.dir/home/marios/XCore407I-Firmware/st/STM32CubeF4/Drivers/STM32F4xx_HAL_Driver/Src/stm32f4xx_hal_gpio.c.obj
                0x0800446c                HAL_GPIO_Init
 .text.HAL_GPIO_ReadPin
                0x080046d0        0xc CMakeFiles/XCORE407I_FIRMWARE.dir/home/marios/XCore407I-Firmware/st/STM32CubeF4/Drivers/STM32F4xx_HAL_Driver/Src/stm32f4xx_hal_gpio.c.obj
                0x080046d0                HAL_GPIO_ReadPin
 .text.HAL_GPIO_WritePin
                0x080046dc        0x8 CMakeFiles/XCORE407I_FIRMWARE.dir/home/marios/XCore407I-Firmware/st/STM32CubeF4/Drivers/STM32F4xx_HAL_Driver/Src/stm32f4xx_hal_gpio.c.obj
                0x080046dc                HAL_GPIO_WritePin
 .text.HAL_GPIO_TogglePin
                0x080046e4       0x14 CMakeFiles/XCORE407I_FIRMWARE.dir/home/marios/XCore407I-Firmware/st/STM32CubeF4/Drivers/STM32F4xx_HAL_Driver/Src/stm32f4xx_hal_gpio.c.obj
                0x080046e4                HAL_GPIO_TogglePin
 .text.HAL_NVIC_SetPriorityGrouping
                0x080046f8       0x24 CMakeFiles/XCORE407I_FIRMWARE.dir/home/marios/XCore407I-Firmware/st/STM32CubeF4/Drivers/STM32F4xx_HAL_Driver/Src/stm32f4xx_hal_cortex.c.obj
                0x080046f8                HAL_NVIC_SetPriorityGrouping
 .text.HAL_NVIC_SetPriority
                0x0800471c       0x7c CMakeFiles/XCORE407I_FIRMWARE.dir/home/marios/XCore407I-Firmware/st/STM32CubeF4/Drivers/STM32F4xx_HAL_Driver/Src/stm32f4xx_hal_cortex.c.obj
                0x0800471c                HAL_NVIC_SetPriority
 .text.HAL_NVIC_EnableIRQ
                0x08004798       0x1c CMakeFiles/XCORE407I_FIRMWARE.dir/home/marios/XCore407I-Firmware/st/STM32CubeF4/Drivers/STM32F4xx_HAL_Driver/Src/stm32f4xx_hal_cortex.c.obj
                0x08004798                HAL_NVIC_EnableIRQ
 .text.HAL_SYSTICK_Config
                0x080047b4       0x34 CMakeFiles/XCORE407I_FIRMWARE.dir/home/marios/XCore407I-Firmware/st/STM32CubeF4/Drivers/STM32F4xx_HAL_Driver/Src/stm32f4xx_hal_cortex.c.obj
                0x080047b4                HAL_SYSTICK_Config
 .text.FLASH_SetErrorCode
                0x080047e8       0x78 CMakeFiles/XCORE407I_FIRMWARE.dir/home/marios/XCore407I-Firmware/st/STM32CubeF4/Drivers/STM32F4xx_HAL_Driver/Src/stm32f4xx_hal_flash.c.obj
 .text.HAL_FLASH_Unlock
                0x08004860       0x28 CMakeFiles/XCORE407I_FIRMWARE.dir/home/marios/XCore407I-Firmware/st/STM32CubeF4/Drivers/STM32F4xx_HAL_Driver/Src/stm32f4xx_hal_flash.c.obj
                0x08004860                HAL_FLASH_Unlock
 .text.HAL_FLASH_Lock
                0x08004888       0x14 CMakeFiles/XCORE407I_FIRMWARE.dir/home/marios/XCore407I-Firmware/st/STM32CubeF4/Drivers/STM32F4xx_HAL_Driver/Src/stm32f4xx_hal_flash.c.obj
                0x08004888                HAL_FLASH_Lock
 .text.FLASH_WaitForLastOperation
                0x0800489c       0x54 CMakeFiles/XCORE407I_FIRMWARE.dir/home/marios/XCore407I-Firmware/st/STM32CubeF4/Drivers/STM32F4xx_HAL_Driver/Src/stm32f4xx_hal_flash.c.obj
                0x0800489c                FLASH_WaitForLastOperation
 .text.HAL_FLASH_Program
                0x080048f0       0xd0 CMakeFiles/XCORE407I_FIRMWARE.dir/home/marios/XCore407I-Firmware/st/STM32CubeF4/Drivers/STM32F4xx_HAL_Driver/Src/stm32f4xx_hal_flash.c.obj
                0x080048f0                HAL_FLASH_Program
 .text.FLASH_Erase_Sector
                0x080049c0       0x3c CMakeFiles/XCORE407I_FIRMWARE.dir/home/marios/XCore407I-Firmware/st/STM32CubeF4/Drivers/STM32F4xx_HAL_Driver/Src/stm32f4xx_hal_flash_ex.c.obj
                0x080049c0                FLASH_Erase_Sector
 .text.FLASH_FlushCaches
                0x080049fc       0x58 CMakeFiles/XCORE407I_FIRMWARE.dir/home/marios/XCore407I-Firmware/st/STM32CubeF4/Drivers/STM32F4xx_HAL_Driver/Src/stm32f4xx_hal_flash_ex.c.obj
                0x080049fc                FLASH_FlushCaches
 .text.HAL_FLASHEx_Erase
                0x08004a54       0xc4 CMakeFiles/XCORE407I_FIRMWARE.dir/home/marios/XCore407I-Firmware/st/STM32CubeF4/Drivers/STM32F4xx_HAL_Driver/Src/stm32f4xx_hal_flash_ex.c.obj
                0x08004a54                HAL_FLASHEx_Erase
 .text.HAL_ETH_RxLinkCallback
                0x08004b18        0x4 CMakeFiles/XCORE407I_FIRMWARE.dir/home/marios/XCore407I-Firmware/st/STM32CubeF4/Drivers/STM32F4xx_HAL_Driver/Src/stm32f4xx_hal_eth.c.obj
                0x08004b18                HAL_ETH_RxLinkCallback
 .text.ETH_Prepare_Tx_Descriptors
                0x08004b1c      0x17c CMakeFiles/XCORE407I_FIRMWARE.dir/home/marios/XCore407I-Firmware/st/STM32CubeF4/Drivers/STM32F4xx_HAL_Driver/Src/stm32f4xx_hal_eth.c.obj
 .text.ETH_SetMACConfig
                0x08004c98       0xf0 CMakeFiles/XCORE407I_FIRMWARE.dir/home/marios/XCore407I-Firmware/st/STM32CubeF4/Drivers/STM32F4xx_HAL_Driver/Src/stm32f4xx_hal_eth.c.obj
 .text.ETH_SetDMAConfig
                0x08004d88       0xa4 CMakeFiles/XCORE407I_FIRMWARE.dir/home/marios/XCore407I-Firmware/st/STM32CubeF4/Drivers/STM32F4xx_HAL_Driver/Src/stm32f4xx_hal_eth.c.obj
 .text.HAL_ETH_RxAllocateCallback
                0x08004e2c        0x4 CMakeFiles/XCORE407I_FIRMWARE.dir/home/marios/XCore407I-Firmware/st/STM32CubeF4/Drivers/STM32F4xx_HAL_Driver/Src/stm32f4xx_hal_eth.c.obj
                0x08004e2c                HAL_ETH_RxAllocateCallback
 .text.ETH_UpdateDescriptor
                0x08004e30       0xa0 CMakeFiles/XCORE407I_FIRMWARE.dir/home/marios/XCore407I-Firmware/st/STM32CubeF4/Drivers/STM32F4xx_HAL_Driver/Src/stm32f4xx_hal_eth.c.obj
 .text.HAL_ETH_Init
                0x08004ed0      0x248 CMakeFiles/XCORE407I_FIRMWARE.dir/home/marios/XCore407I-Firmware/st/STM32CubeF4/Drivers/STM32F4xx_HAL_Driver/Src/stm32f4xx_hal_eth.c.obj
                0x08004ed0                HAL_ETH_Init
 .text.HAL_ETH_Start
                0x08005118       0x8c CMakeFiles/XCORE407I_FIRMWARE.dir/home/marios/XCore407I-Firmware/st/STM32CubeF4/Drivers/STM32F4xx_HAL_Driver/Src/stm32f4xx_hal_eth.c.obj
                0x08005118                HAL_ETH_Start
 .text.HAL_ETH_Transmit
                0x080051a4       0xb4 CMakeFiles/XCORE407I_FIRMWARE.dir/home/marios/XCore407I-Firmware/st/STM32CubeF4/Drivers/STM32F4xx_HAL_Driver/Src/stm32f4xx_hal_eth.c.obj
                0x080051a4                HAL_ETH_Transmit
 .text.HAL_ETH_ReadData
                0x08005258      0x124 CMakeFiles/XCORE407I_FIRMWARE.dir/home/marios/XCore407I-Firmware/st/STM32CubeF4/Drivers/STM32F4xx_HAL_Driver/Src/stm32f4xx_hal_eth.c.obj
                0x08005258                HAL_ETH_ReadData
 .text.HAL_ETH_ReadPHYRegister
                0x0800537c       0x50 CMakeFiles/XCORE407I_FIRMWARE.dir/home/marios/XCore407I-Firmware/st/STM32CubeF4/Drivers/STM32F4xx_HAL_Driver/Src/stm32f4xx_hal_eth.c.obj
                0x0800537c                HAL_ETH_ReadPHYRegister
 .text.HAL_ETH_WritePHYRegister
                0x080053cc       0x4c CMakeFiles/XCORE407I_FIRMWARE.dir/home/marios/XCore407I-Firmware/st/STM32CubeF4/Drivers/STM32F4xx_HAL_Driver/Src/stm32f4xx_hal_eth.c.obj
                0x080053cc                HAL_ETH_WritePHYRegister
 .text.TIM_OC1_SetConfig
                0x08005418       0x60 CMakeFiles/XCORE407I_FIRMWARE.dir/home/marios/XCore407I-Firmware/st/STM32CubeF4/Drivers/STM32F4xx_HAL_Driver/Src/stm32f4xx_hal_tim.c.obj
 .text.TIM_OC3_SetConfig
                0x08005478       0x64 CMakeFiles/XCORE407I_FIRMWARE.dir/home/marios/XCore407I-Firmware/st/STM32CubeF4/Drivers/STM32F4xx_HAL_Driver/Src/stm32f4xx_hal_tim.c.obj
 .text.TIM_OC4_SetConfig
                0x080054dc       0x50 CMakeFiles/XCORE407I_FIRMWARE.dir/home/marios/XCore407I-Firmware/st/STM32CubeF4/Drivers/STM32F4xx_HAL_Driver/Src/stm32f4xx_hal_tim.c.obj
 .text.HAL_TIM_Base_MspInit
                0x0800552c        0x4 CMakeFiles/XCORE407I_FIRMWARE.dir/home/marios/XCore407I-Firmware/st/STM32CubeF4/Drivers/STM32F4xx_HAL_Driver/Src/stm32f4xx_hal_tim.c.obj
                0x0800552c                HAL_TIM_Base_MspInit
 .text.HAL_TIM_OC_Start
                0x08005530       0xcc CMakeFiles/XCORE407I_FIRMWARE.dir/home/marios/XCore407I-Firmware/st/STM32CubeF4/Drivers/STM32F4xx_HAL_Driver/Src/stm32f4xx_hal_tim.c.obj
                0x08005530                HAL_TIM_OC_Start
 .text.HAL_TIM_PWM_MspInit
                0x080055fc        0x4 CMakeFiles/XCORE407I_FIRMWARE.dir/home/marios/XCore407I-Firmware/st/STM32CubeF4/Drivers/STM32F4xx_HAL_Driver/Src/stm32f4xx_hal_tim.c.obj
                0x080055fc                HAL_TIM_PWM_MspInit
 .text.HAL_TIM_Encoder_MspInit
                0x08005600        0x4 CMakeFiles/XCORE407I_FIRMWARE.dir/home/marios/XCore407I-Firmware/st/STM32CubeF4/Drivers/STM32F4xx_HAL_Driver/Src/stm32f4xx_hal_tim.c.obj
                0x08005600                HAL_TIM_Encoder_MspInit
 .text.HAL_TIM_Encoder_Start
                0x08005604       0xc4 CMakeFiles/XCORE407I_FIRMWARE.dir/home/marios/XCore407I-Firmware/st/STM32CubeF4/Drivers/STM32F4xx_HAL_Driver/Src/stm32f4xx_hal_tim.c.obj
                0x08005604                HAL_TIM_Encoder_Start
 .text.TIM_Base_SetConfig
                0x080056c8       0xd0 CMakeFiles/XCORE407I_FIRMWARE.dir/home/marios/XCore407I-Firmware/st/STM32CubeF4/Drivers/STM32F4xx_HAL_Driver/Src/stm32f4xx_hal_tim.c.obj
                0x080056c8                TIM_Base_SetConfig
 .text.HAL_TIM_Base_Init
                0x08005798       0x5c CMakeFiles/XCORE407I_FIRMWARE.dir/home/marios/XCore407I-Firmware/st/STM32CubeF4/Drivers/STM32F4xx_HAL_Driver/Src/stm32f4xx_hal_tim.c.obj
                0x08005798                HAL_TIM_Base_Init
 .text.HAL_TIM_PWM_Init
                0x080057f4       0x5c CMakeFiles/XCORE407I_FIRMWARE.dir/home/marios/XCore407I-Firmware/st/STM32CubeF4/Drivers/STM32F4xx_HAL_Driver/Src/stm32f4xx_hal_tim.c.obj
                0x080057f4                HAL_TIM_PWM_Init
 .text.HAL_TIM_Encoder_Init
                0x08005850       0xac CMakeFiles/XCORE407I_FIRMWARE.dir/home/marios/XCore407I-Firmware/st/STM32CubeF4/Drivers/STM32F4xx_HAL_Driver/Src/stm32f4xx_hal_tim.c.obj
                0x08005850                HAL_TIM_Encoder_Init
 .text.TIM_OC2_SetConfig
                0x080058fc       0x64 CMakeFiles/XCORE407I_FIRMWARE.dir/home/marios/XCore407I-Firmware/st/STM32CubeF4/Drivers/STM32F4xx_HAL_Driver/Src/stm32f4xx_hal_tim.c.obj
                0x080058fc                TIM_OC2_SetConfig
 .text.HAL_TIM_OC_ConfigChannel
                0x08005960       0x58 CMakeFiles/XCORE407I_FIRMWARE.dir/home/marios/XCore407I-Firmware/st/STM32CubeF4/Drivers/STM32F4xx_HAL_Driver/Src/stm32f4xx_hal_tim.c.obj
                0x08005960                HAL_TIM_OC_ConfigChannel
 .text.UART_EndRxTransfer
                0x080059b8       0x60 CMakeFiles/XCORE407I_FIRMWARE.dir/home/marios/XCore407I-Firmware/st/STM32CubeF4/Drivers/STM32F4xx_HAL_Driver/Src/stm32f4xx_hal_uart.c.obj
 .text.UART_SetConfig
                0x08005a18       0xdc CMakeFiles/XCORE407I_FIRMWARE.dir/home/marios/XCore407I-Firmware/st/STM32CubeF4/Drivers/STM32F4xx_HAL_Driver/Src/stm32f4xx_hal_uart.c.obj
 .text.HAL_UART_MspInit
                0x08005af4        0x4 CMakeFiles/XCORE407I_FIRMWARE.dir/home/marios/XCore407I-Firmware/st/STM32CubeF4/Drivers/STM32F4xx_HAL_Driver/Src/stm32f4xx_hal_uart.c.obj
                0x08005af4                HAL_UART_MspInit
 .text.HAL_UART_Init
                0x08005af8       0x64 CMakeFiles/XCORE407I_FIRMWARE.dir/home/marios/XCore407I-Firmware/st/STM32CubeF4/Drivers/STM32F4xx_HAL_Driver/Src/stm32f4xx_hal_uart.c.obj
                0x08005af8                HAL_UART_Init
 .text.HAL_UART_Receive
                0x08005b5c      0x104 CMakeFiles/XCORE407I_FIRMWARE.dir/home/marios/XCore407I-Firmware/st/STM32CubeF4/Drivers/STM32F4xx_HAL_Driver/Src/stm32f4xx_hal_uart.c.obj
                0x08005b5c                HAL_UART_Receive
 .text.qei_init
                0x08005c60      0x138 CMakeFiles/XCORE407I_FIRMWARE.dir/home/marios/XCore407I-Firmware/Remora-OS6/Firmware/FirmwareSource/Remora-OS6/TARGET_XCORE407I/drivers/qei/qeiDriver.cpp.obj
                0x08005c60                qei_init
 .text.qei_get_position
                0x08005d98       0x48 CMakeFiles/XCORE407I_FIRMWARE.dir/home/marios/XCore407I-Firmware/Remora-OS6/Firmware/FirmwareSource/Remora-OS6/TARGET_XCORE407I/drivers/qei/qeiDriver.cpp.obj
                0x08005d98                qei_get_position
 .text.drivers_init
                0x08005de0        0x4 CMakeFiles/XCORE407I_FIRMWARE.dir/home/marios/XCore407I-Firmware/Remora-OS6/Firmware/FirmwareSource/Remora-OS6/TARGET_XCORE407I/drivers/drivers_init.c.obj
                0x08005de0                drivers_init
 .text.lwip_init
                0x08005de4       0x1c liblwipcore.a(init.c.obj)
                0x08005de4                lwip_init
 .text.mem_init
                0x08005e00       0x3c liblwipcore.a(mem.c.obj)
                0x08005e00                mem_init
 .text.mem_free
                0x08005e3c       0xe0 liblwipcore.a(mem.c.obj)
                0x08005e3c                mem_free
 .text.mem_trim
                0x08005f1c       0xd0 liblwipcore.a(mem.c.obj)
                0x08005f1c                mem_trim
 .text.mem_malloc
                0x08005fec       0xd8 liblwipcore.a(mem.c.obj)
                0x08005fec                mem_malloc
 .text.memp_init
                0x080060c4       0x50 liblwipcore.a(memp.c.obj)
                0x080060c4                memp_init
 .text.memp_malloc
                0x08006114       0x20 liblwipcore.a(memp.c.obj)
                0x08006114                memp_malloc
 .text.memp_free
                0x08006134       0x1c liblwipcore.a(memp.c.obj)
                0x08006134                memp_free
 .text.netif_null_output_ip4
                0x08006150        0x8 liblwipcore.a(netif.c.obj)
 .text.netif_do_set_ipaddr.isra.0
                0x08006158       0x44 liblwipcore.a(netif.c.obj)
 .text.netif_init
                0x0800619c        0x4 liblwipcore.a(netif.c.obj)
                0x0800619c                netif_init
 .text.netif_set_addr
                0x080061a0       0x5c liblwipcore.a(netif.c.obj)
                0x080061a0                netif_set_addr
 .text.netif_add
                0x080061fc       0xb4 liblwipcore.a(netif.c.obj)
                0x080061fc                netif_add
 .text.netif_set_default
                0x080062b0        0xc liblwipcore.a(netif.c.obj)
                0x080062b0                netif_set_default
 .text.netif_set_up
                0x080062bc       0x34 liblwipcore.a(netif.c.obj)
                0x080062bc                netif_set_up
 .text.netif_set_link_up
                0x080062f0       0x40 liblwipcore.a(netif.c.obj)
                0x080062f0                netif_set_link_up
 .text.netif_set_link_down
                0x08006330       0x14 liblwipcore.a(netif.c.obj)
                0x08006330                netif_set_link_down
 .text.netif_get_by_index
                0x08006344       0x24 liblwipcore.a(netif.c.obj)
                0x08006344                netif_get_by_index
 .text.pbuf_free.part.0
                0x08006368       0x60 liblwipcore.a(pbuf.c.obj)
 .text.pbuf_alloc
                0x080063c8       0xec liblwipcore.a(pbuf.c.obj)
                0x080063c8                pbuf_alloc
 .text.pbuf_alloced_custom
                0x080064b4       0x3c liblwipcore.a(pbuf.c.obj)
                0x080064b4                pbuf_alloced_custom
 .text.pbuf_realloc
                0x080064f0       0x70 liblwipcore.a(pbuf.c.obj)
                0x080064f0                pbuf_realloc
 .text.pbuf_add_header
                0x08006560       0x50 liblwipcore.a(pbuf.c.obj)
                0x08006560                pbuf_add_header
 .text.pbuf_remove_header
                0x080065b0       0x34 liblwipcore.a(pbuf.c.obj)
                0x080065b0                pbuf_remove_header
 .text.pbuf_header_force
                0x080065e4       0x70 liblwipcore.a(pbuf.c.obj)
                0x080065e4                pbuf_header_force
 .text.pbuf_free
                0x08006654        0x8 liblwipcore.a(pbuf.c.obj)
                0x08006654                pbuf_free
 .text.pbuf_clen
                0x0800665c       0x14 liblwipcore.a(pbuf.c.obj)
                0x0800665c                pbuf_clen
 .text.pbuf_ref
                0x08006670        0xc liblwipcore.a(pbuf.c.obj)
                0x08006670                pbuf_ref
 .text.pbuf_cat
                0x0800667c       0x28 liblwipcore.a(pbuf.c.obj)
                0x0800667c                pbuf_cat
 .text.pbuf_chain
                0x080066a4       0x34 liblwipcore.a(pbuf.c.obj)
                0x080066a4                pbuf_chain
 .text.pbuf_copy
                0x080066d8       0xe4 liblwipcore.a(pbuf.c.obj)
                0x080066d8                pbuf_copy
 .text.pbuf_copy_partial
                0x080067bc       0x78 liblwipcore.a(pbuf.c.obj)
                0x080067bc                pbuf_copy_partial
 .text.pbuf_take
                0x08006834       0x4c liblwipcore.a(pbuf.c.obj)
                0x08006834                pbuf_take
 .text.pbuf_clone
                0x08006880       0x1c liblwipcore.a(pbuf.c.obj)
                0x08006880                pbuf_clone
 .text.sys_timeout_abs
                0x0800689c       0x3c liblwipcore.a(timeouts.c.obj)
 .text.lwip_cyclic_timer
                0x080068d8       0x40 liblwipcore.a(timeouts.c.obj)
 .text.sys_timeouts_init
                0x08006918       0x2c liblwipcore.a(timeouts.c.obj)
                0x08006918                sys_timeouts_init
 .text.sys_check_timeouts
                0x08006944       0x50 liblwipcore.a(timeouts.c.obj)
                0x08006944                sys_check_timeouts
 .text.lwip_htons
                0x08006994        0x8 liblwipcore.a(def.c.obj)
                0x08006994                lwip_htons
 .text.lwip_htonl
                0x0800699c        0x4 liblwipcore.a(def.c.obj)
                0x0800699c                lwip_htonl
 .text.ip4_addr_isbroadcast_u32
                0x080069a0       0x38 liblwipcore.a(ip4_addr.c.obj)
                0x080069a0                ip4_addr_isbroadcast_u32
 .text.ip4addr_ntoa_r
                0x080069d8       0xc0 liblwipcore.a(ip4_addr.c.obj)
                0x080069d8                ip4addr_ntoa_r
 .text.ip4addr_ntoa
                0x08006a98        0xc liblwipcore.a(ip4_addr.c.obj)
                0x08006a98                ip4addr_ntoa
 .text.ip4_route
                0x08006aa4       0x70 liblwipcore.a(ip4.c.obj)
                0x08006aa4                ip4_route
 .text.ip4_input
                0x08006b14      0x1f8 liblwipcore.a(ip4.c.obj)
                0x08006b14                ip4_input
 .text.ip4_output_if_src
                0x08006d0c       0xf8 liblwipcore.a(ip4.c.obj)
                0x08006d0c                ip4_output_if_src
 .text.ip4_output_if
                0x08006e04       0x24 liblwipcore.a(ip4.c.obj)
                0x08006e04                ip4_output_if
 .text.ipfrag_free_pbuf_custom
                0x08006e28       0x18 liblwipcore.a(ip4_frag.c.obj)
 .text.ip_reass_free_complete_datagram
                0x08006e40       0x98 liblwipcore.a(ip4_frag.c.obj)
 .text.ip_reass_remove_oldest_datagram
                0x08006ed8       0x88 liblwipcore.a(ip4_frag.c.obj)
 .text.ip_reass_tmr
                0x08006f60       0x30 liblwipcore.a(ip4_frag.c.obj)
                0x08006f60                ip_reass_tmr
 .text.ip4_reass
                0x08006f90      0x3cc liblwipcore.a(ip4_frag.c.obj)
                0x08006f90                ip4_reass
 .text.ip4_frag
                0x0800735c      0x1b8 liblwipcore.a(ip4_frag.c.obj)
                0x0800735c                ip4_frag
 .text.etharp_find_entry
                0x08007514      0x124 liblwipcore.a(etharp.c.obj)
 .text.etharp_raw
                0x08007638       0x88 liblwipcore.a(etharp.c.obj)
 .text.etharp_output_to_arp_index
                0x080076c0       0xc8 liblwipcore.a(etharp.c.obj)
 .text.etharp_tmr
                0x08007788       0x94 liblwipcore.a(etharp.c.obj)
                0x08007788                etharp_tmr
 .text.etharp_input
                0x0800781c      0x13c liblwipcore.a(etharp.c.obj)
                0x0800781c                etharp_input
 .text.etharp_query
                0x08007958      0x130 liblwipcore.a(etharp.c.obj)
                0x08007958                etharp_query
 .text.etharp_output
                0x08007a88       0xfc liblwipcore.a(etharp.c.obj)
                0x08007a88                etharp_output
 .text.etharp_request
                0x08007b84       0x2c liblwipcore.a(etharp.c.obj)
                0x08007b84                etharp_request
 .text.udp_init
                0x08007bb0       0x18 liblwipcore.a(udp.c.obj)
                0x08007bb0                udp_init
 .text.udp_input
                0x08007bc8      0x1c4 liblwipcore.a(udp.c.obj)
                0x08007bc8                udp_input
 .text.udp_bind
                0x08007d8c       0xdc liblwipcore.a(udp.c.obj)
                0x08007d8c                udp_bind
 .text.udp_sendto_if_src
                0x08007e68       0xf4 liblwipcore.a(udp.c.obj)
                0x08007e68                udp_sendto_if_src
 .text.udp_sendto_if
                0x08007f5c       0x40 liblwipcore.a(udp.c.obj)
                0x08007f5c                udp_sendto_if
 .text.udp_sendto
                0x08007f9c       0x48 liblwipcore.a(udp.c.obj)
                0x08007f9c                udp_sendto
 .text.udp_connect
                0x08007fe4       0x5c liblwipcore.a(udp.c.obj)
                0x08007fe4                udp_connect
 .text.udp_recv
                0x08008040        0x8 liblwipcore.a(udp.c.obj)
                0x08008040                udp_recv
 .text.udp_remove
                0x08008048       0x34 liblwipcore.a(udp.c.obj)
                0x08008048                udp_remove
 .text.udp_new  0x0800807c       0x1c liblwipcore.a(udp.c.obj)
                0x0800807c                udp_new
 .text.udp_new_ip_type
                0x08008098       0x1c liblwipcore.a(udp.c.obj)
                0x08008098                udp_new_ip_type
 .text.udp_netif_ip_addr_changed
                0x080080b4       0x34 liblwipcore.a(udp.c.obj)
                0x080080b4                udp_netif_ip_addr_changed
 .text.ethernet_input
                0x080080e8       0xa4 liblwipcore.a(ethernet.c.obj)
                0x080080e8                ethernet_input
 .text.ethernet_output
                0x0800818c       0x50 liblwipcore.a(ethernet.c.obj)
                0x0800818c                ethernet_output
 .text.dhcp_create_msg
                0x080081dc      0x108 liblwipcore.a(dhcp.c.obj)
 .text.dhcp_check
                0x080082e4       0x30 liblwipcore.a(dhcp.c.obj)
 .text.dhcp_bind
                0x08008314      0x15c liblwipcore.a(dhcp.c.obj)
 .text.dhcp_inc_pcb_refcount
                0x08008470       0x58 liblwipcore.a(dhcp.c.obj)
 .text.dhcp_handle_ack.isra.0
                0x080084c8       0x80 liblwipcore.a(dhcp.c.obj)
 .text.dhcp_reboot.isra.0
                0x08008548      0x18c liblwipcore.a(dhcp.c.obj)
 .text.dhcp_discover
                0x080086d4      0x13c liblwipcore.a(dhcp.c.obj)
 .text.dhcp_select.isra.0
                0x08008810      0x1e8 liblwipcore.a(dhcp.c.obj)
 .text.dhcp_recv
                0x080089f8      0x47c liblwipcore.a(dhcp.c.obj)
 .text.dhcp_network_changed
                0x08008e74       0x28 liblwipcore.a(dhcp.c.obj)
                0x08008e74                dhcp_network_changed
 .text.dhcp_arp_reply
                0x08008e9c       0xf8 liblwipcore.a(dhcp.c.obj)
                0x08008e9c                dhcp_arp_reply
 .text.dhcp_renew
                0x08008f94      0x13c liblwipcore.a(dhcp.c.obj)
                0x08008f94                dhcp_renew
 .text.dhcp_release_and_stop
                0x080090d0      0x138 liblwipcore.a(dhcp.c.obj)
                0x080090d0                dhcp_release_and_stop
 .text.dhcp_start
                0x08009208       0xa0 liblwipcore.a(dhcp.c.obj)
                0x08009208                dhcp_start
 .text.dhcp_coarse_tmr
                0x080092a8      0x1b8 liblwipcore.a(dhcp.c.obj)
                0x080092a8                dhcp_coarse_tmr
 .text.dhcp_fine_tmr
                0x08009460       0xa8 liblwipcore.a(dhcp.c.obj)
                0x08009460                dhcp_fine_tmr
 .text.dhcp_stop
                0x08009508        0x4 liblwipcore.a(dhcp.c.obj)
                0x08009508                dhcp_stop
 .text.dhcp_supplied_address
                0x0800950c       0x1c liblwipcore.a(dhcp.c.obj)
                0x0800950c                dhcp_supplied_address
 .text.sys_now  0x08009528        0x4 liblwipcore.a(sys_arch.c.obj)
                0x08009528                sys_now
 .text.lwip_standard_chksum
                0x0800952c       0x7c liblwipcore.a(inet_chksum.c.obj)
                0x0800952c                lwip_standard_chksum
 .text.inet_chksum_pseudo
                0x080095a8       0x8c liblwipcore.a(inet_chksum.c.obj)
                0x080095a8                inet_chksum_pseudo
 .text.ip_chksum_pseudo
                0x08009634        0x4 liblwipcore.a(inet_chksum.c.obj)
                0x08009634                ip_chksum_pseudo
 .text.inet_chksum
                0x08009638        0xc liblwipcore.a(inet_chksum.c.obj)
                0x08009638                inet_chksum
 .text.inet_chksum_pbuf
                0x08009644       0x54 liblwipcore.a(inet_chksum.c.obj)
                0x08009644                inet_chksum_pbuf
 .text.icmp_send_response
                0x08009698       0x84 liblwipcore.a(icmp.c.obj)
 .text.icmp_input
                0x0800971c      0x144 liblwipcore.a(icmp.c.obj)
                0x0800971c                icmp_input
 .text.icmp_dest_unreach
                0x08009860        0x8 liblwipcore.a(icmp.c.obj)
                0x08009860                icmp_dest_unreach
 .text.icmp_time_exceeded
                0x08009868        0x8 liblwipcore.a(icmp.c.obj)
                0x08009868                icmp_time_exceeded
 .text          0x08009870       0x30 /usr/lib/gcc/arm-none-eabi/12.2.1/thumb/v7e-m+fp/hard/libgcc.a(_aeabi_uldivmod.o)
                0x08009870                __aeabi_uldivmod
 .text          0x080098a0      0x2bc /usr/lib/gcc/arm-none-eabi/12.2.1/thumb/v7e-m+fp/hard/libgcc.a(_udivmoddi4.o)
                0x080098a0                __udivmoddi4
 .text          0x08009b5c        0x4 /usr/lib/gcc/arm-none-eabi/12.2.1/thumb/v7e-m+fp/hard/libgcc.a(_dvmd_tls.o)
                0x08009b5c                __aeabi_ldiv0
                0x08009b5c                __aeabi_idiv0
 .text          0x08009b60        0xc /usr/lib/gcc/arm-none-eabi/12.2.1/../../../arm-none-eabi/lib/thumb/v7e-m+fp/hard/libc.a(lib_a-errno.o)
                0x08009b60                __errno
 .text          0x08009b6c       0x60 /usr/lib/gcc/arm-none-eabi/12.2.1/../../../arm-none-eabi/lib/thumb/v7e-m+fp/hard/libc.a(lib_a-memcmp.o)
                0x08009b6c                memcmp
 .text          0x08009bcc      0x134 /usr/lib/gcc/arm-none-eabi/12.2.1/../../../arm-none-eabi/lib/thumb/v7e-m+fp/hard/libc.a(lib_a-memcpy.o)
                0x08009bcc                memcpy
 .text          0x08009d00      0x100 /usr/lib/gcc/arm-none-eabi/12.2.1/../../../arm-none-eabi/lib/thumb/v7e-m+fp/hard/libc.a(lib_a-memmove.o)
                0x08009d00                memmove
 .text          0x08009e00       0xa4 /usr/lib/gcc/arm-none-eabi/12.2.1/../../../arm-none-eabi/lib/thumb/v7e-m+fp/hard/libc.a(lib_a-memset.o)
                0x08009e00                memset
 .text          0x08009ea4       0x48 /usr/lib/gcc/arm-none-eabi/12.2.1/../../../arm-none-eabi/lib/thumb/v7e-m+fp/hard/libc.a(lib_a-printf.o)
                0x08009ea4                _printf_r
                0x08009ec4                printf
 .text          0x08009eec       0x78 /usr/lib/gcc/arm-none-eabi/12.2.1/../../../arm-none-eabi/lib/thumb/v7e-m+fp/hard/libc.a(lib_a-puts.o)
                0x08009eec                _puts_r
                0x08009f54                puts
 .text          0x08009f64       0x50 /usr/lib/gcc/arm-none-eabi/12.2.1/../../../arm-none-eabi/lib/thumb/v7e-m+fp/hard/libc.a(lib_a-rand.o)
                0x08009f64                srand
                0x08009f74                rand
 .text          0x08009fb4      0x108 /usr/lib/gcc/arm-none-eabi/12.2.1/../../../arm-none-eabi/lib/thumb/v7e-m+fp/hard/libc.a(lib_a-snprintf.o)
                0x08009fb4                _snprintf_r
                0x0800a034                snprintf
 *fill*         0x0800a0bc        0x4 
 .text          0x0800a0c0      0x2dc /usr/lib/gcc/arm-none-eabi/12.2.1/../../../arm-none-eabi/lib/thumb/v7e-m+fp/hard/libc.a(lib_a-strcmp.o)
                0x0800a0c8                strcmp
 *fill*         0x0800a39c       0x24 
 .text          0x0800a3c0       0xdc /usr/lib/gcc/arm-none-eabi/12.2.1/../../../arm-none-eabi/lib/thumb/v7e-m+fp/hard/libc.a(lib_a-strlen.o)
                0x0800a3c0                strlen
 *fill*         0x0800a49c        0x4 
 .text          0x0800a4a0     0x13b4 /usr/lib/gcc/arm-none-eabi/12.2.1/../../../arm-none-eabi/lib/thumb/v7e-m+fp/hard/libc.a(lib_a-svfprintf.o)
                0x0800a4a0                _svfprintf_r
 *fill*         0x0800b854        0x4 
 .text          0x0800b858     0x1494 /usr/lib/gcc/arm-none-eabi/12.2.1/../../../arm-none-eabi/lib/thumb/v7e-m+fp/hard/libc.a(lib_a-vfprintf.o)
                0x0800b858                _vfprintf_r
                0x0800cc64                vfprintf
 .text          0x0800ccec       0xc4 /usr/lib/gcc/arm-none-eabi/12.2.1/../../../arm-none-eabi/lib/thumb/v7e-m+fp/hard/libc.a(lib_a-wsetup.o)
                0x0800ccec                __swsetup_r
 .text          0x0800cdb0      0xff4 /usr/lib/gcc/arm-none-eabi/12.2.1/../../../arm-none-eabi/lib/thumb/v7e-m+fp/hard/libc.a(lib_a-dtoa.o)
                0x0800cedc                _dtoa_r
 .text          0x0800dda4      0x1b4 /usr/lib/gcc/arm-none-eabi/12.2.1/../../../arm-none-eabi/lib/thumb/v7e-m+fp/hard/libc.a(lib_a-fflush.o)
                0x0800dda4                __sflush_r
                0x0800dedc                _fflush_r
                0x0800df08                fflush
 .text          0x0800df58      0x210 /usr/lib/gcc/arm-none-eabi/12.2.1/../../../arm-none-eabi/lib/thumb/v7e-m+fp/hard/libc.a(lib_a-findfp.o)
                0x0800df5c                _cleanup_r
                0x0800e044                __sfmoreglue
                0x0800e074                __sfp
                0x0800e114                _cleanup
                0x0800e128                __sinit
                0x0800e130                __sfp_lock_acquire
                0x0800e134                __sfp_lock_release
                0x0800e138                __sinit_lock_acquire
                0x0800e13c                __sinit_lock_release
                0x0800e140                __fp_lock_all
                0x0800e154                __fp_unlock_all
 .text          0x0800e168      0x2a0 /usr/lib/gcc/arm-none-eabi/12.2.1/../../../arm-none-eabi/lib/thumb/v7e-m+fp/hard/libc.a(lib_a-freer.o)
                0x0800e168                _malloc_trim_r
                0x0800e204                _free_r
 .text          0x0800e408      0x2e4 /usr/lib/gcc/arm-none-eabi/12.2.1/../../../arm-none-eabi/lib/thumb/v7e-m+fp/hard/libc.a(lib_a-fvwrite.o)
                0x0800e408                __sfvwrite_r
 .text          0x0800e6ec       0x88 /usr/lib/gcc/arm-none-eabi/12.2.1/../../../arm-none-eabi/lib/thumb/v7e-m+fp/hard/libc.a(lib_a-fwalk.o)
                0x0800e6ec                _fwalk
                0x0800e72c                _fwalk_reent
 .text          0x0800e774       0x14 /usr/lib/gcc/arm-none-eabi/12.2.1/../../../arm-none-eabi/lib/thumb/v7e-m+fp/hard/libc.a(lib_a-localeconv.o)
                0x0800e774                __localeconv_l
                0x0800e778                _localeconv_r
                0x0800e780                localeconv
 .text          0x0800e788      0x144 /usr/lib/gcc/arm-none-eabi/12.2.1/../../../arm-none-eabi/lib/thumb/v7e-m+fp/hard/libc.a(lib_a-makebuf.o)
                0x0800e788                __smakebuf_r
                0x0800e86c                __swhatbuf_r
 .text          0x0800e8cc      0x538 /usr/lib/gcc/arm-none-eabi/12.2.1/../../../arm-none-eabi/lib/thumb/v7e-m+fp/hard/libc.a(lib_a-mallocr.o)
                0x0800e8cc                _malloc_r
 *fill*         0x0800ee04        0xc 
 .text          0x0800ee10       0xa0 /usr/lib/gcc/arm-none-eabi/12.2.1/../../../arm-none-eabi/lib/thumb/v7e-m+fp/hard/libc.a(lib_a-memchr.o)
                0x0800ee10                memchr
 .text          0x0800eeb0        0x8 /usr/lib/gcc/arm-none-eabi/12.2.1/../../../arm-none-eabi/lib/thumb/v7e-m+fp/hard/libc.a(lib_a-mlock.o)
                0x0800eeb0                __malloc_lock
                0x0800eeb4                __malloc_unlock
 .text          0x0800eeb8      0xac0 /usr/lib/gcc/arm-none-eabi/12.2.1/../../../arm-none-eabi/lib/thumb/v7e-m+fp/hard/libc.a(lib_a-mprec.o)
                0x0800eeb8                _Balloc
                0x0800ef04                _Bfree
                0x0800ef18                __multadd
                0x0800efb8                __s2b
                0x0800f068                __hi0bits
                0x0800f0ac                __lo0bits
                0x0800f10c                __i2b
                0x0800f168                __multiply
                0x0800f2d4                __pow5mult
                0x0800f388                __lshift
                0x0800f478                __mcmp
                0x0800f4bc                __mdiff
                0x0800f620                __ulp
                0x0800f684                __b2d
                0x0800f748                __d2b
                0x0800f81c                __ratio
                0x0800f878                _mprec_log10
                0x0800f8b8                __copybits
                0x0800f914                __any_on
 .text          0x0800f978      0x34c /usr/lib/gcc/arm-none-eabi/12.2.1/../../../arm-none-eabi/lib/thumb/v7e-m+fp/hard/libc.a(lib_a-reallocr.o)
                0x0800f978                _realloc_r
 .text          0x0800fcc4       0x24 /usr/lib/gcc/arm-none-eabi/12.2.1/../../../arm-none-eabi/lib/thumb/v7e-m+fp/hard/libc.a(lib_a-sbrkr.o)
                0x0800fcc4                _sbrk_r
 .text          0x0800fce8       0x94 /usr/lib/gcc/arm-none-eabi/12.2.1/../../../arm-none-eabi/lib/thumb/v7e-m+fp/hard/libc.a(lib_a-stdio.o)
                0x0800fce8                __sread
                0x0800fd0c                __seofread
                0x0800fd10                __swrite
                0x0800fd50                __sseek
                0x0800fd74                __sclose
 .text          0x0800fd7c      0xc10 /usr/lib/gcc/arm-none-eabi/12.2.1/../../../arm-none-eabi/lib/thumb/v7e-m+fp/hard/libc.a(lib_a-svfiprintf.o)
                0x0800fd7c                __ssprint_r
                0x0800fe78                _svfiprintf_r
 .text          0x0801098c      0xd64 /usr/lib/gcc/arm-none-eabi/12.2.1/../../../arm-none-eabi/lib/thumb/v7e-m+fp/hard/libc.a(lib_a-vfiprintf.o)
                0x08010a04                __sprint_r
                0x08010a1c                _vfiprintf_r
                0x08011668                vfiprintf
 .text          0x080116f0       0x2c /usr/lib/gcc/arm-none-eabi/12.2.1/../../../arm-none-eabi/lib/thumb/v7e-m+fp/hard/libc.a(lib_a-writer.o)
                0x080116f0                _write_r
 .text          0x0801171c       0x4c /usr/lib/gcc/arm-none-eabi/12.2.1/../../../arm-none-eabi/lib/thumb/v7e-m+fp/hard/libc.a(lib_a-assert.o)
                0x0801171c                __assert_func
                0x0801175c                __assert
 .text          0x08011768       0x60 /usr/lib/gcc/arm-none-eabi/12.2.1/../../../arm-none-eabi/lib/thumb/v7e-m+fp/hard/libc.a(lib_a-callocr.o)
                0x08011768                _calloc_r
 .text          0x080117c8       0x24 /usr/lib/gcc/arm-none-eabi/12.2.1/../../../arm-none-eabi/lib/thumb/v7e-m+fp/hard/libc.a(lib_a-closer.o)
                0x080117c8                _close_r
 .text          0x080117ec       0x98 /usr/lib/gcc/arm-none-eabi/12.2.1/../../../arm-none-eabi/lib/thumb/v7e-m+fp/hard/libc.a(lib_a-fclose.o)
                0x080117ec                _fclose_r
                0x08011874                fclose
 .text          0x08011884       0x44 /usr/lib/gcc/arm-none-eabi/12.2.1/../../../arm-none-eabi/lib/thumb/v7e-m+fp/hard/libc.a(lib_a-fiprintf.o)
                0x08011884                _fiprintf_r
                0x080118a0                fiprintf
 .text          0x080118c8       0xe4 /usr/lib/gcc/arm-none-eabi/12.2.1/../../../arm-none-eabi/lib/thumb/v7e-m+fp/hard/libc.a(lib_a-fputwc.o)
                0x080118c8                __fputwc
                0x08011944                _fputwc_r
                0x0801196c                fputwc
 .text          0x080119ac       0x2c /usr/lib/gcc/arm-none-eabi/12.2.1/../../../arm-none-eabi/lib/thumb/v7e-m+fp/hard/libc.a(lib_a-fstatr.o)
                0x080119ac                _fstat_r
 .text          0x080119d8       0x24 /usr/lib/gcc/arm-none-eabi/12.2.1/../../../arm-none-eabi/lib/thumb/v7e-m+fp/hard/libc.a(lib_a-isattyr.o)
                0x080119d8                _isatty_r
 .text          0x080119fc       0x8c /usr/lib/gcc/arm-none-eabi/12.2.1/../../../arm-none-eabi/lib/thumb/v7e-m+fp/hard/libc.a(lib_a-locale.o)
                0x080119fc                _setlocale_r
                0x08011a3c                __locale_mb_cur_max
                0x08011a48                setlocale
 .text          0x08011a88       0x2c /usr/lib/gcc/arm-none-eabi/12.2.1/../../../arm-none-eabi/lib/thumb/v7e-m+fp/hard/libc.a(lib_a-lseekr.o)
                0x08011a88                _lseek_r
 .text          0x08011ab4       0x40 /usr/lib/gcc/arm-none-eabi/12.2.1/../../../arm-none-eabi/lib/thumb/v7e-m+fp/hard/libc.a(lib_a-mbtowc_r.o)
                0x08011ab4                _mbtowc_r
                0x08011ac8                __ascii_mbtowc
 .text          0x08011af4       0x2c /usr/lib/gcc/arm-none-eabi/12.2.1/../../../arm-none-eabi/lib/thumb/v7e-m+fp/hard/libc.a(lib_a-readr.o)
                0x08011af4                _read_r
 .text          0x08011b20       0xc4 /usr/lib/gcc/arm-none-eabi/12.2.1/../../../arm-none-eabi/lib/thumb/v7e-m+fp/hard/libc.a(lib_a-wbuf.o)
                0x08011b20                __swbuf_r
                0x08011bcc                __swbuf
 .text          0x08011be4       0x8c /usr/lib/gcc/arm-none-eabi/12.2.1/../../../arm-none-eabi/lib/thumb/v7e-m+fp/hard/libc.a(lib_a-wcrtomb.o)
                0x08011be4                _wcrtomb_r
                0x08011c20                wcrtomb
 .text          0x08011c70       0x30 /usr/lib/gcc/arm-none-eabi/12.2.1/../../../arm-none-eabi/lib/thumb/v7e-m+fp/hard/libc.a(lib_a-wctomb_r.o)
                0x08011c70                _wctomb_r
                0x08011c84                __ascii_wctomb
 .text          0x08011ca0       0x10 /usr/lib/gcc/arm-none-eabi/12.2.1/../../../arm-none-eabi/lib/thumb/v7e-m+fp/hard/libc.a(lib_a-abort.o)
                0x08011ca0                abort
 .text          0x08011cb0      0x280 /usr/lib/gcc/arm-none-eabi/12.2.1/../../../arm-none-eabi/lib/thumb/v7e-m+fp/hard/libc.a(lib_a-signal.o)
                0x08011cb0                _init_signal_r
                0x08011ce0                _signal_r
                0x08011d30                _raise_r
                0x08011d84                __sigtramp_r
                0x08011de8                raise
                0x08011e40                signal
                0x08011e90                _init_signal
                0x08011ec8                __sigtramp
 .text          0x08011f30       0x30 /usr/lib/gcc/arm-none-eabi/12.2.1/../../../arm-none-eabi/lib/thumb/v7e-m+fp/hard/libc.a(lib_a-signalr.o)
                0x08011f30                _kill_r
                0x08011f5c                _getpid_r
 .text          0x08011f60      0x378 /usr/lib/gcc/arm-none-eabi/12.2.1/thumb/v7e-m+fp/hard/libgcc.a(_arm_addsubdf3.o)
                0x08011f60                __aeabi_drsub
                0x08011f68                __aeabi_dsub
                0x08011f68                __subdf3
                0x08011f6c                __adddf3
                0x08011f6c                __aeabi_dadd
                0x080121e4                __aeabi_ui2d
                0x080121e4                __floatunsidf
                0x08012204                __floatsidf
                0x08012204                __aeabi_i2d
                0x08012228                __extendsfdf2
                0x08012228                __aeabi_f2d
                0x0801226c                __aeabi_ul2d
                0x0801226c                __floatundidf
                0x0801227c                __floatdidf
                0x0801227c                __aeabi_l2d
 .text          0x080122d8      0x424 /usr/lib/gcc/arm-none-eabi/12.2.1/thumb/v7e-m+fp/hard/libgcc.a(_arm_muldivdf3.o)
                0x080122d8                __aeabi_dmul
                0x080122d8                __muldf3
                0x0801252c                __aeabi_ddiv
                0x0801252c                __divdf3
 .text          0x080126fc      0x110 /usr/lib/gcc/arm-none-eabi/12.2.1/thumb/v7e-m+fp/hard/libgcc.a(_arm_cmpdf2.o)
                0x080126fc                __gtdf2
                0x080126fc                __gedf2
                0x08012704                __ltdf2
                0x08012704                __ledf2
                0x0801270c                __cmpdf2
                0x0801270c                __eqdf2
                0x0801270c                __nedf2
                0x08012788                __aeabi_cdrcmple
                0x08012798                __aeabi_cdcmple
                0x08012798                __aeabi_cdcmpeq
                0x080127a8                __aeabi_dcmpeq
                0x080127bc                __aeabi_dcmplt
                0x080127d0                __aeabi_dcmple
                0x080127e4                __aeabi_dcmpge
                0x080127f8                __aeabi_dcmpgt
 .text          0x0801280c       0x2c /usr/lib/gcc/arm-none-eabi/12.2.1/thumb/v7e-m+fp/hard/libgcc.a(_arm_unorddf2.o)
                0x0801280c                __aeabi_dcmpun
                0x0801280c                __unorddf2
 .text          0x08012838       0x50 /usr/lib/gcc/arm-none-eabi/12.2.1/thumb/v7e-m+fp/hard/libgcc.a(_arm_fixdfsi.o)
                0x08012838                __fixdfsi
                0x08012838                __aeabi_d2iz
 *(.rodata*)
 .rodata.main.str1.4
                0x08012888      0x22e CMakeFiles/XCORE407I_FIRMWARE.dir/home/marios/XCore407I-Firmware/Remora-OS6/Firmware/FirmwareSource/Remora-OS6/TARGET_XCORE407I/main_xcore407i.cpp.obj
 *fill*         0x08012ab6        0x2 
 .rodata.ETH_RunInternalLoopbackTest.str1.4
                0x08012ab8        0x9 CMakeFiles/XCORE407I_FIRMWARE.dir/home/marios/XCore407I-Firmware/Remora-OS6/Firmware/FirmwareSource/Remora-OS6/TARGET_XCORE407I/ethernet_init.c.obj
 *fill*         0x08012ac1        0x3 
 .rodata.MX_ETH_Init.str1.4
                0x08012ac4       0xe0 CMakeFiles/XCORE407I_FIRMWARE.dir/home/marios/XCore407I-Firmware/Remora-OS6/Firmware/FirmwareSource/Remora-OS6/TARGET_XCORE407I/ethernet_init.c.obj
 .rodata.Board_Ethernet_Init.str1.4
                0x08012ba4       0x5a CMakeFiles/XCORE407I_FIRMWARE.dir/home/marios/XCore407I-Firmware/Remora-OS6/Firmware/FirmwareSource/Remora-OS6/TARGET_XCORE407I/ethernet_init.c.obj
                                 0x66 (size before relaxing)
 *fill*         0x08012bfe        0x2 
 .rodata.ETH_DebugDumpOnce.str1.4
                0x08012c00       0x63 CMakeFiles/XCORE407I_FIRMWARE.dir/home/marios/XCore407I-Firmware/Remora-OS6/Firmware/FirmwareSource/Remora-OS6/TARGET_XCORE407I/ethernet_init.c.obj
 *fill*         0x08012c63        0x1 
 .rodata.ETH_PeriodicPHYLog.str1.4
                0x08012c64       0x21 CMakeFiles/XCORE407I_FIRMWARE.dir/home/marios/XCore407I-Firmware/Remora-OS6/Firmware/FirmwareSource/Remora-OS6/TARGET_XCORE407I/ethernet_init.c.obj
 *fill*         0x08012c85        0x3 
 .rodata.DebugUART_PollCommands.str1.4
                0x08012c88      0x733 CMakeFiles/XCORE407I_FIRMWARE.dir/home/marios/XCore407I-Firmware/Remora-OS6/Firmware/FirmwareSource/Remora-OS6/TARGET_XCORE407I/debug_uart.c.obj
                                0x783 (size before relaxing)
 *fill*         0x080133bb        0x1 
 .rodata.version_init.str1.4
                0x080133bc       0x39 CMakeFiles/XCORE407I_FIRMWARE.dir/home/marios/XCore407I-Firmware/Remora-OS6/Firmware/FirmwareSource/Remora-OS6/TARGET_XCORE407I/version.c.obj
 *fill*         0x080133f5        0x3 
 .rodata.remora_get_build_id.str1.4
                0x080133f8       0x24 CMakeFiles/XCORE407I_FIRMWARE.dir/home/marios/XCore407I-Firmware/Remora-OS6/Firmware/FirmwareSource/Remora-OS6/TARGET_XCORE407I/build_id.c.obj
 .rodata.build_id_string
                0x0801341c        0x4 CMakeFiles/XCORE407I_FIRMWARE.dir/home/marios/XCore407I-Firmware/Remora-OS6/Firmware/FirmwareSource/Remora-OS6/TARGET_XCORE407I/build_id.c.obj
                0x0801341c                build_id_string
 .rodata.ethernetif_poll.str1.4
                0x08013420       0x20 CMakeFiles/XCORE407I_FIRMWARE.dir/home/marios/XCore407I-Firmware/Remora-OS6/Firmware/FirmwareSource/Remora-OS6/TARGET_XCORE407I/lwip/ethernetif.c.obj
 .rodata.dhcp_check_timeout.str1.4
                0x08013440       0x3d CMakeFiles/XCORE407I_FIRMWARE.dir/home/marios/XCore407I-Firmware/Remora-OS6/Firmware/FirmwareSource/Remora-OS6/TARGET_XCORE407I/lwip/lwip_port.c.obj
 *fill*         0x0801347d        0x3 
 .rodata.lwip_port_init.str1.4
                0x08013480       0x24 CMakeFiles/XCORE407I_FIRMWARE.dir/home/marios/XCore407I-Firmware/Remora-OS6/Firmware/FirmwareSource/Remora-OS6/TARGET_XCORE407I/lwip/lwip_port.c.obj
 .rodata.lwip_port_debug_broadcast.str1.4
                0x080134a4        0x7 CMakeFiles/XCORE407I_FIRMWARE.dir/home/marios/XCore407I-Firmware/Remora-OS6/Firmware/FirmwareSource/Remora-OS6/TARGET_XCORE407I/lwip/lwip_port.c.obj
 *fill*         0x080134ab        0x1 
 .rodata.remora_udp_send_feedback_unicast.str1.4
                0x080134ac       0x14 CMakeFiles/XCORE407I_FIRMWARE.dir/home/marios/XCore407I-Firmware/Remora-OS6/Firmware/FirmwareSource/Remora-OS6/TARGET_XCORE407I/lwip/remora_udp.c.obj
 .rodata.soft_limit_max
                0x080134c0       0x10 CMakeFiles/XCORE407I_FIRMWARE.dir/home/marios/XCore407I-Firmware/Remora-OS6/Firmware/FirmwareSource/Remora-OS6/TARGET_XCORE407I/motion_io.c.obj
 .rodata.soft_limit_min
                0x080134d0       0x10 CMakeFiles/XCORE407I_FIRMWARE.dir/home/marios/XCore407I-Firmware/Remora-OS6/Firmware/FirmwareSource/Remora-OS6/TARGET_XCORE407I/motion_io.c.obj
 .rodata.homing_backoff_steps
                0x080134e0       0x10 CMakeFiles/XCORE407I_FIRMWARE.dir/home/marios/XCore407I-Firmware/Remora-OS6/Firmware/FirmwareSource/Remora-OS6/TARGET_XCORE407I/homing.c.obj
 .rodata.homing_seek_speed
                0x080134f0       0x10 CMakeFiles/XCORE407I_FIRMWARE.dir/home/marios/XCore407I-Firmware/Remora-OS6/Firmware/FirmwareSource/Remora-OS6/TARGET_XCORE407I/homing.c.obj
 .rodata.homing_dir
                0x08013500        0x4 CMakeFiles/XCORE407I_FIRMWARE.dir/home/marios/XCore407I-Firmware/Remora-OS6/Firmware/FirmwareSource/Remora-OS6/TARGET_XCORE407I/homing.c.obj
 .rodata.K.0    0x08013504      0x100 CMakeFiles/XCORE407I_FIRMWARE.dir/home/marios/XCore407I-Firmware/Remora-OS6/Firmware/FirmwareSource/Remora-OS6/TARGET_XCORE407I/auth.c.obj
 .rodata.APBPrescTable
                0x08013604        0x8 CMakeFiles/XCORE407I_FIRMWARE.dir/home/marios/XCore407I-Firmware/st/STM32CubeF4/Drivers/CMSIS/Device/ST/STM32F4xx/Source/Templates/system_stm32f4xx.c.obj
                0x08013604                APBPrescTable
 .rodata.AHBPrescTable
                0x0801360c       0x10 CMakeFiles/XCORE407I_FIRMWARE.dir/home/marios/XCore407I-Firmware/st/STM32CubeF4/Drivers/CMSIS/Device/ST/STM32F4xx/Source/Templates/system_stm32f4xx.c.obj
                0x0801360c                AHBPrescTable
 .rodata.memp_pools
                0x0801361c       0x18 liblwipcore.a(memp.c.obj)
                0x0801361c                memp_pools
 .rodata.memp_PBUF_POOL
                0x08013634        0xc liblwipcore.a(memp.c.obj)
                0x08013634                memp_PBUF_POOL
 .rodata.memp_PBUF
                0x08013640        0xc liblwipcore.a(memp.c.obj)
                0x08013640                memp_PBUF
 .rodata.memp_SYS_TIMEOUT
                0x0801364c        0xc liblwipcore.a(memp.c.obj)
                0x0801364c                memp_SYS_TIMEOUT
 .rodata.memp_FRAG_PBUF
                0x08013658        0xc liblwipcore.a(memp.c.obj)
                0x08013658                memp_FRAG_PBUF
 .rodata.memp_REASSDATA
                0x08013664        0xc liblwipcore.a(memp.c.obj)
                0x08013664                memp_REASSDATA
 .rodata.memp_UDP_PCB
                0x08013670        0xc liblwipcore.a(memp.c.obj)
                0x08013670                memp_UDP_PCB
 .rodata.lwip_cyclic_timers
                0x0801367c       0x20 liblwipcore.a(timeouts.c.obj)
                0x0801367c                lwip_cyclic_timers
 .rodata.ip_addr_broadcast
                0x0801369c        0x4 liblwipcore.a(ip4_addr.c.obj)
                0x0801369c                ip_addr_broadcast
 .rodata.ip_addr_any
                0x080136a0        0x4 liblwipcore.a(ip4_addr.c.obj)
                0x080136a0                ip_addr_any
 .rodata.ethzero
                0x080136a4        0x6 liblwipcore.a(ethernet.c.obj)
                0x080136a4                ethzero
 *fill*         0x080136aa        0x2 
 .rodata.ethbroadcast
                0x080136ac        0x6 liblwipcore.a(ethernet.c.obj)
                0x080136ac                ethbroadcast
 *fill*         0x080136b2        0x2 
 .rodata        0x080136b4      0x101 /usr/lib/gcc/arm-none-eabi/12.2.1/../../../arm-none-eabi/lib/thumb/v7e-m+fp/hard/libc.a(lib_a-ctype_.o)
                0x080136b4                _ctype_
 *fill*         0x080137b5        0x3 
 .rodata        0x080137b8        0x4 /usr/lib/gcc/arm-none-eabi/12.2.1/../../../arm-none-eabi/lib/thumb/v7e-m+fp/hard/libc.a(lib_a-impure.o)
                0x080137b8                _global_impure_ptr
 .rodata.str1.4
                0x080137bc       0x14 /usr/lib/gcc/arm-none-eabi/12.2.1/../../../arm-none-eabi/lib/thumb/v7e-m+fp/hard/libc.a(lib_a-puts.o)
                                  0x2 (size before relaxing)
 .rodata.str1.4
                0x080137bc       0x42 /usr/lib/gcc/arm-none-eabi/12.2.1/../../../arm-none-eabi/lib/thumb/v7e-m+fp/hard/libc.a(lib_a-svfprintf.o)
 *fill*         0x080137fe        0x2 
 .rodata        0x08013800       0x20 /usr/lib/gcc/arm-none-eabi/12.2.1/../../../arm-none-eabi/lib/thumb/v7e-m+fp/hard/libc.a(lib_a-svfprintf.o)
 .rodata.str1.4
                0x08013820       0x42 /usr/lib/gcc/arm-none-eabi/12.2.1/../../../arm-none-eabi/lib/thumb/v7e-m+fp/hard/libc.a(lib_a-vfprintf.o)
 .rodata        0x08013820       0x20 /usr/lib/gcc/arm-none-eabi/12.2.1/../../../arm-none-eabi/lib/thumb/v7e-m+fp/hard/libc.a(lib_a-vfprintf.o)
 .rodata.str1.4
                0x08013840       0x56 /usr/lib/gcc/arm-none-eabi/12.2.1/../../../arm-none-eabi/lib/thumb/v7e-m+fp/hard/libc.a(lib_a-dtoa.o)
                                 0x5a (size before relaxing)
 *fill*         0x08013896        0x2 
 .rodata.str1.4
                0x08013898       0x33 /usr/lib/gcc/arm-none-eabi/12.2.1/../../../arm-none-eabi/lib/thumb/v7e-m+fp/hard/libc.a(lib_a-mprec.o)
                                 0x47 (size before relaxing)
 *fill*         0x080138cb        0x5 
 .rodata        0x080138d0      0x128 /usr/lib/gcc/arm-none-eabi/12.2.1/../../../arm-none-eabi/lib/thumb/v7e-m+fp/hard/libc.a(lib_a-mprec.o)
                0x080138e0                __mprec_tens
                0x080139a8                __mprec_tinytens
                0x080139d0                __mprec_bigtens
 .rodata.str1.4
                0x080139f8       0x2f /usr/lib/gcc/arm-none-eabi/12.2.1/../../../arm-none-eabi/lib/thumb/v7e-m+fp/hard/libc.a(lib_a-svfiprintf.o)
 .rodata        0x080139f8       0x20 /usr/lib/gcc/arm-none-eabi/12.2.1/../../../arm-none-eabi/lib/thumb/v7e-m+fp/hard/libc.a(lib_a-svfiprintf.o)
 .rodata.str1.4
                0x08013a18       0x2f /usr/lib/gcc/arm-none-eabi/12.2.1/../../../arm-none-eabi/lib/thumb/v7e-m+fp/hard/libc.a(lib_a-vfiprintf.o)
 .rodata        0x08013a18       0x20 /usr/lib/gcc/arm-none-eabi/12.2.1/../../../arm-none-eabi/lib/thumb/v7e-m+fp/hard/libc.a(lib_a-vfiprintf.o)
 .rodata.str1.4
                0x08013a38       0x3f /usr/lib/gcc/arm-none-eabi/12.2.1/../../../arm-none-eabi/lib/thumb/v7e-m+fp/hard/libc.a(lib_a-assert.o)
                                 0x43 (size before relaxing)
 *fill*         0x08013a77        0x1 
 .rodata.str1.4
                0x08013a78        0xe /usr/lib/gcc/arm-none-eabi/12.2.1/../../../arm-none-eabi/lib/thumb/v7e-m+fp/hard/libc.a(lib_a-locale.o)
                                 0x12 (size before relaxing)
 *(.glue_7)
 .glue_7        0x08013a86        0x0 linker stubs
 *(.glue_7t)
 .glue_7t       0x08013a86        0x0 linker stubs
 *(.eh_frame)
 *(.preinit_array*)
 *(.init_array*)